Archive member included to satisfy reference by file (symbol)

D:/workapp/STM32CubeIDE_1.13.2/STM32CubeIDE/plugins/com.st.stm32cube.ide.mcu.externaltools.gnu-tools-for-stm32.11.3.rel1.win32_1.1.1.202309131626/tools/bin/../lib/gcc/arm-none-eabi/11.3.1/../../../../arm-none-eabi/lib/thumb/v7-m/nofp\libc_nano.a(libc_a-exit.o)
                              D:/workapp/STM32CubeIDE_1.13.2/STM32CubeIDE/plugins/com.st.stm32cube.ide.mcu.externaltools.gnu-tools-for-stm32.11.3.rel1.win32_1.1.1.202309131626/tools/bin/../lib/gcc/arm-none-eabi/11.3.1/../../../../arm-none-eabi/lib/thumb/v7-m/nofp/crt0.o (exit)
D:/workapp/STM32CubeIDE_1.13.2/STM32CubeIDE/plugins/com.st.stm32cube.ide.mcu.externaltools.gnu-tools-for-stm32.11.3.rel1.win32_1.1.1.202309131626/tools/bin/../lib/gcc/arm-none-eabi/11.3.1/../../../../arm-none-eabi/lib/thumb/v7-m/nofp\libc_nano.a(libc_a-itoa.o)
                              ./BSP/bsp_tjc.o (itoa)
D:/workapp/STM32CubeIDE_1.13.2/STM32CubeIDE/plugins/com.st.stm32cube.ide.mcu.externaltools.gnu-tools-for-stm32.11.3.rel1.win32_1.1.1.202309131626/tools/bin/../lib/gcc/arm-none-eabi/11.3.1/../../../../arm-none-eabi/lib/thumb/v7-m/nofp\libc_nano.a(libc_a-utoa.o)
                              D:/workapp/STM32CubeIDE_1.13.2/STM32CubeIDE/plugins/com.st.stm32cube.ide.mcu.externaltools.gnu-tools-for-stm32.11.3.rel1.win32_1.1.1.202309131626/tools/bin/../lib/gcc/arm-none-eabi/11.3.1/../../../../arm-none-eabi/lib/thumb/v7-m/nofp\libc_nano.a(libc_a-itoa.o) (__utoa)
D:/workapp/STM32CubeIDE_1.13.2/STM32CubeIDE/plugins/com.st.stm32cube.ide.mcu.externaltools.gnu-tools-for-stm32.11.3.rel1.win32_1.1.1.202309131626/tools/bin/../lib/gcc/arm-none-eabi/11.3.1/../../../../arm-none-eabi/lib/thumb/v7-m/nofp\libc_nano.a(libc_a-nano-vfprintf_float.o)
                              (_printf_float)
D:/workapp/STM32CubeIDE_1.13.2/STM32CubeIDE/plugins/com.st.stm32cube.ide.mcu.externaltools.gnu-tools-for-stm32.11.3.rel1.win32_1.1.1.202309131626/tools/bin/../lib/gcc/arm-none-eabi/11.3.1/../../../../arm-none-eabi/lib/thumb/v7-m/nofp\libc_nano.a(libc_a-nano-vfprintf_i.o)
                              D:/workapp/STM32CubeIDE_1.13.2/STM32CubeIDE/plugins/com.st.stm32cube.ide.mcu.externaltools.gnu-tools-for-stm32.11.3.rel1.win32_1.1.1.202309131626/tools/bin/../lib/gcc/arm-none-eabi/11.3.1/../../../../arm-none-eabi/lib/thumb/v7-m/nofp\libc_nano.a(libc_a-nano-vfprintf_float.o) (_printf_common)
D:/workapp/STM32CubeIDE_1.13.2/STM32CubeIDE/plugins/com.st.stm32cube.ide.mcu.externaltools.gnu-tools-for-stm32.11.3.rel1.win32_1.1.1.202309131626/tools/bin/../lib/gcc/arm-none-eabi/11.3.1/../../../../arm-none-eabi/lib/thumb/v7-m/nofp\libc_nano.a(libc_a-findfp.o)
                              ./Middlewares/Third_Party/FreeRTOS/Source/tasks.o (__sf)
D:/workapp/STM32CubeIDE_1.13.2/STM32CubeIDE/plugins/com.st.stm32cube.ide.mcu.externaltools.gnu-tools-for-stm32.11.3.rel1.win32_1.1.1.202309131626/tools/bin/../lib/gcc/arm-none-eabi/11.3.1/../../../../arm-none-eabi/lib/thumb/v7-m/nofp\libc_nano.a(libc_a-fwalk.o)
                              D:/workapp/STM32CubeIDE_1.13.2/STM32CubeIDE/plugins/com.st.stm32cube.ide.mcu.externaltools.gnu-tools-for-stm32.11.3.rel1.win32_1.1.1.202309131626/tools/bin/../lib/gcc/arm-none-eabi/11.3.1/../../../../arm-none-eabi/lib/thumb/v7-m/nofp\libc_nano.a(libc_a-findfp.o) (_fwalk_sglue)
D:/workapp/STM32CubeIDE_1.13.2/STM32CubeIDE/plugins/com.st.stm32cube.ide.mcu.externaltools.gnu-tools-for-stm32.11.3.rel1.win32_1.1.1.202309131626/tools/bin/../lib/gcc/arm-none-eabi/11.3.1/../../../../arm-none-eabi/lib/thumb/v7-m/nofp\libc_nano.a(libc_a-printf.o)
                              ./BSP/bsp.o (printf)
D:/workapp/STM32CubeIDE_1.13.2/STM32CubeIDE/plugins/com.st.stm32cube.ide.mcu.externaltools.gnu-tools-for-stm32.11.3.rel1.win32_1.1.1.202309131626/tools/bin/../lib/gcc/arm-none-eabi/11.3.1/../../../../arm-none-eabi/lib/thumb/v7-m/nofp\libc_nano.a(libc_a-puts.o)
                              ./BSP/bsp_task.o (puts)
D:/workapp/STM32CubeIDE_1.13.2/STM32CubeIDE/plugins/com.st.stm32cube.ide.mcu.externaltools.gnu-tools-for-stm32.11.3.rel1.win32_1.1.1.202309131626/tools/bin/../lib/gcc/arm-none-eabi/11.3.1/../../../../arm-none-eabi/lib/thumb/v7-m/nofp\libc_nano.a(libc_a-stdio.o)
                              D:/workapp/STM32CubeIDE_1.13.2/STM32CubeIDE/plugins/com.st.stm32cube.ide.mcu.externaltools.gnu-tools-for-stm32.11.3.rel1.win32_1.1.1.202309131626/tools/bin/../lib/gcc/arm-none-eabi/11.3.1/../../../../arm-none-eabi/lib/thumb/v7-m/nofp\libc_nano.a(libc_a-findfp.o) (__sread)
D:/workapp/STM32CubeIDE_1.13.2/STM32CubeIDE/plugins/com.st.stm32cube.ide.mcu.externaltools.gnu-tools-for-stm32.11.3.rel1.win32_1.1.1.202309131626/tools/bin/../lib/gcc/arm-none-eabi/11.3.1/../../../../arm-none-eabi/lib/thumb/v7-m/nofp\libc_nano.a(libc_a-vsnprintf.o)
                              ./BSP/bsp_tjc.o (vsnprintf)
[...]
Memory Configuration

Name             Origin             Length             Attributes
RAM              0x0000000020000000 0x000000000000c000 xrw
FLASH            0x0000000008000000 0x0000000000040000 xr
*default*        0x0000000000000000 0xffffffffffffffff

Linker script and memory map

LOAD D:/workapp/STM32CubeIDE_1.13.2/STM32CubeIDE/plugins/com.st.stm32cube.ide.mcu.externaltools.gnu-tools-for-stm32.11.3.rel1.win32_1.1.1.202309131626/tools/bin/../lib/gcc/arm-none-eabi/11.3.1/thumb/v7-m/nofp/crti.o
LOAD D:/workapp/STM32CubeIDE_1.13.2/STM32CubeIDE/plugins/com.st.stm32cube.ide.mcu.externaltools.gnu-tools-for-stm32.11.3.rel1.win32_1.1.1.202309131626/tools/bin/../lib/gcc/arm-none-eabi/11.3.1/thumb/v7-m/nofp/crtbegin.o
LOAD D:/workapp/STM32CubeIDE_1.13.2/STM32CubeIDE/plugins/com.st.stm32cube.ide.mcu.externaltools.gnu-tools-for-stm32.11.3.rel1.win32_1.1.1.202309131626/tools/bin/../lib/gcc/arm-none-eabi/11.3.1/../../../../arm-none-eabi/lib/thumb/v7-m/nofp/crt0.o
LOAD ./BSP/bsp.o
LOAD ./BSP/bsp_agreement.o
LOAD ./BSP/bsp_beep.o
LOAD ./BSP/bsp_ds.o
LOAD ./BSP/bsp_key.o
LOAD ./BSP/bsp_pwm.o
LOAD ./BSP/bsp_task.o
LOAD ./BSP/bsp_tjc.o
LOAD ./BSP/bsp_uart.o
LOAD ./Core/Src/adc.o
LOAD ./Core/Src/dma.o
LOAD ./Core/Src/freertos.o
LOAD ./Core/Src/gpio.o
LOAD ./Core/Src/main.o
LOAD ./Core/Src/stm32f1xx_hal_msp.o
LOAD ./Core/Src/stm32f1xx_hal_timebase_tim.o
LOAD ./Core/Src/stm32f1xx_it.o
LOAD ./Core/Src/syscalls.o
LOAD ./Core/Src/sysmem.o
LOAD ./Core/Src/system_stm32f1xx.o
LOAD ./Core/Src/tim.o
LOAD ./Core/Src/usart.o
LOAD ./Core/Startup/startup_stm32f103rctx.o
LOAD ./Drivers/STM32F1xx_HAL_Driver/Src/stm32f1xx_hal.o
LOAD ./Drivers/STM32F1xx_HAL_Driver/Src/stm32f1xx_hal_adc.o
LOAD ./Drivers/STM32F1xx_HAL_Driver/Src/stm32f1xx_hal_adc_ex.o
LOAD ./Drivers/STM32F1xx_HAL_Driver/Src/stm32f1xx_hal_cortex.o
LOAD ./Drivers/STM32F1xx_HAL_Driver/Src/stm32f1xx_hal_dma.o
LOAD ./Drivers/STM32F1xx_HAL_Driver/Src/stm32f1xx_hal_exti.o
LOAD ./Drivers/STM32F1xx_HAL_Driver/Src/stm32f1xx_hal_flash.o
LOAD ./Drivers/STM32F1xx_HAL_Driver/Src/stm32f1xx_hal_flash_ex.o
LOAD ./Drivers/STM32F1xx_HAL_Driver/Src/stm32f1xx_hal_gpio.o
LOAD ./Drivers/STM32F1xx_HAL_Driver/Src/stm32f1xx_hal_gpio_ex.o
LOAD ./Drivers/STM32F1xx_HAL_Driver/Src/stm32f1xx_hal_pwr.o
LOAD ./Drivers/STM32F1xx_HAL_Driver/Src/stm32f1xx_hal_rcc.o
LOAD ./Drivers/STM32F1xx_HAL_Driver/Src/stm32f1xx_hal_rcc_ex.o
LOAD ./Drivers/STM32F1xx_HAL_Driver/Src/stm32f1xx_hal_tim.o
LOAD ./Drivers/STM32F1xx_HAL_Driver/Src/stm32f1xx_hal_tim_ex.o
LOAD ./Drivers/STM32F1xx_HAL_Driver/Src/stm32f1xx_hal_uart.o
LOAD ./Middlewares/Third_Party/FreeRTOS/Source/CMSIS_RTOS/cmsis_os.o
LOAD ./Middlewares/Third_Party/FreeRTOS/Source/croutine.o
LOAD ./Middlewares/Third_Party/FreeRTOS/Source/event_groups.o
LOAD ./Middlewares/Third_Party/FreeRTOS/Source/list.o
LOAD ./Middlewares/Third_Party/FreeRTOS/Source/queue.o
LOAD ./Middlewares/Third_Party/FreeRTOS/Source/stream_buffer.o
LOAD ./Middlewares/Third_Party/FreeRTOS/Source/tasks.o
LOAD ./Middlewares/Third_Party/FreeRTOS/Source/timers.o
LOAD ./Middlewares/Third_Party/FreeRTOS/Source/portable/GCC/ARM_CM3/port.o
LOAD ./Middlewares/Third_Party/FreeRTOS/Source/portable/MemMang/heap_4.o
LOAD ./plane/nclink.o
LOAD ./plane/transform.o
START GROUP
LOAD D:/workapp/STM32CubeIDE_1.13.2/STM32CubeIDE/plugins/com.st.stm32cube.ide.mcu.externaltools.gnu-tools-for-stm32.11.3.rel1.win32_1.1.1.202309131626/tools/bin/../lib/gcc/arm-none-eabi/11.3.1/../../../../arm-none-eabi/lib/thumb/v7-m/nofp\libc_nano.a
LOAD D:/workapp/STM32CubeIDE_1.13.2/STM32CubeIDE/plugins/com.st.stm32cube.ide.mcu.externaltools.gnu-tools-for-stm32.11.3.rel1.win32_1.1.1.202309131626/tools/bin/../lib/gcc/arm-none-eabi/11.3.1/../../../../arm-none-eabi/lib/thumb/v7-m/nofp\libm.a
END GROUP
START GROUP
LOAD D:/workapp/STM32CubeIDE_1.13.2/STM32CubeIDE/plugins/com.st.stm32cube.ide.mcu.externaltools.gnu-tools-for-stm32.11.3.rel1.win32_1.1.1.202309131626/tools/bin/../lib/gcc/arm-none-eabi/11.3.1/thumb/v7-m/nofp\libgcc.a
LOAD D:/workapp/STM32CubeIDE_1.13.2/STM32CubeIDE/plugins/com.st.stm32cube.ide.mcu.externaltools.gnu-tools-for-stm32.11.3.rel1.win32_1.1.1.202309131626/tools/bin/../lib/gcc/arm-none-eabi/11.3.1/../../../../arm-none-eabi/lib/thumb/v7-m/nofp\libc_nano.a
END GROUP
START GROUP
LOAD D:/workapp/STM32CubeIDE_1.13.2/STM32CubeIDE/plugins/com.st.stm32cube.ide.mcu.externaltools.gnu-tools-for-stm32.11.3.rel1.win32_1.1.1.202309131626/tools/bin/../lib/gcc/arm-none-eabi/11.3.1/thumb/v7-m/nofp\libgcc.a
LOAD D:/workapp/STM32CubeIDE_1.13.2/STM32CubeIDE/plugins/com.st.stm32cube.ide.mcu.externaltools.gnu-tools-for-stm32.11.3.rel1.win32_1.1.1.202309131626/tools/bin/../lib/gcc/arm-none-eabi/11.3.1/../../../../arm-none-eabi/lib/thumb/v7-m/nofp\libc_nano.a
LOAD D:/workapp/STM32CubeIDE_1.13.2/STM32CubeIDE/plugins/com.st.stm32cube.ide.mcu.externaltools.gnu-tools-for-stm32.11.3.rel1.win32_1.1.1.202309131626/tools/bin/../lib/gcc/arm-none-eabi/11.3.1/../../../../arm-none-eabi/lib/thumb/v7-m/nofp\libnosys.a
END GROUP
START GROUP
LOAD D:/workapp/STM32CubeIDE_1.13.2/STM32CubeIDE/plugins/com.st.stm32cube.ide.mcu.externaltools.gnu-tools-for-stm32.11.3.rel1.win32_1.1.1.202309131626/tools/bin/../lib/gcc/arm-none-eabi/11.3.1/thumb/v7-m/nofp\libgcc.a
LOAD D:/workapp/STM32CubeIDE_1.13.2/STM32CubeIDE/plugins/com.st.stm32cube.ide.mcu.externaltools.gnu-tools-for-stm32.11.3.rel1.win32_1.1.1.202309131626/tools/bin/../lib/gcc/arm-none-eabi/11.3.1/../../../../arm-none-eabi/lib/thumb/v7-m/nofp\libc_nano.a
LOAD D:/workapp/STM32CubeIDE_1.13.2/STM32CubeIDE/plugins/com.st.stm32cube.ide.mcu.externaltools.gnu-tools-for-stm32.11.3.rel1.win32_1.1.1.202309131626/tools/bin/../lib/gcc/arm-none-eabi/11.3.1/../../../../arm-none-eabi/lib/thumb/v7-m/nofp\libnosys.a
END GROUP
LOAD D:/workapp/STM32CubeIDE_1.13.2/STM32CubeIDE/plugins/com.st.stm32cube.ide.mcu.externaltools.gnu-tools-for-stm32.11.3.rel1.win32_1.1.1.202309131626/tools/bin/../lib/gcc/arm-none-eabi/11.3.1/thumb/v7-m/nofp/crtend.o
LOAD D:/workapp/STM32CubeIDE_1.13.2/STM32CubeIDE/plugins/com.st.stm32cube.ide.mcu.externaltools.gnu-tools-for-stm32.11.3.rel1.win32_1.1.1.202309131626/tools/bin/../lib/gcc/arm-none-eabi/11.3.1/thumb/v7-m/nofp/crtn.o
                0x000000002000c000                _estack = (ORIGIN (RAM) + LENGTH (RAM))
                0x0000000000000200                _Min_Heap_Size = 0x200
                0x0000000000000400                _Min_Stack_Size = 0x400

.isr_vector     0x0000000008000000      0x1e4
                0x0000000008000000                . = ALIGN (0x4)
 *(.isr_vector)
 .isr_vector    0x0000000008000000      0x1e4 ./Core/Startup/startup_stm32f103rctx.o
                0x0000000008000000                g_pfnVectors
                0x00000000080001e4                . = ALIGN (0x4)

.text           0x00000000080001f0     0xb7f0
                0x00000000080001f0                . = ALIGN (0x4)
 *(.text)
 .text          0x00000000080001f0       0x40 D:/workapp/STM32CubeIDE_1.13.2/STM32CubeIDE/plugins/com.st.stm32cube.ide.mcu.externaltools.gnu-tools-for-stm32.11.3.rel1.win32_1.1.1.202309131626/tools/bin/../lib/gcc/arm-none-eabi/11.3.1/thumb/v7-m/nofp/crtbegin.o
 .text          0x0000000008000230       0x10 D:/workapp/STM32CubeIDE_1.13.2/STM32CubeIDE/plugins/com.st.stm32cube.ide.mcu.externaltools.gnu-tools-for-stm32.11.3.rel1.win32_1.1.1.202309131626/tools/bin/../lib/gcc/arm-none-eabi/11.3.1/../../../../arm-none-eabi/lib/thumb/v7-m/nofp\libc_nano.a(libc_a-strlen.o)
                0x0000000008000230                strlen
 .text          0x0000000008000240      0x378 D:/workapp/STM32CubeIDE_1.13.2/STM32CubeIDE/plugins/com.st.stm32cube.ide.mcu.externaltools.gnu-tools-for-stm32.11.3.rel1.win32_1.1.1.202309131626/tools/bin/../lib/gcc/arm-none-eabi/11.3.1/thumb/v7-m/nofp\libgcc.a(_arm_addsubdf3.o)
                0x0000000008000240                __aeabi_drsub
                0x0000000008000248                __aeabi_dsub
                0x0000000008000248                __subdf3
                0x000000000800024c                __aeabi_dadd
                0x000000000800024c                __adddf3
                0x00000000080004c4                __floatunsidf
                0x00000000080004c4                __aeabi_ui2d
                0x00000000080004e4                __floatsidf
                0x00000000080004e4                __aeabi_i2d
                0x0000000008000508                __aeabi_f2d
                0x0000000008000508                __extendsfdf2
                0x000000000800054c                __floatundidf
                0x000000000800054c                __aeabi_ul2d
                0x000000000800055c                __floatdidf
                0x000000000800055c                __aeabi_l2d
 .text          0x00000000080005b8      0x424 D:/workapp/STM32CubeIDE_1.13.2/STM32CubeIDE/plugins/com.st.stm32cube.ide.mcu.externaltools.gnu-tools-for-stm32.11.3.rel1.win32_1.1.1.202309131626/tools/bin/../lib/gcc/arm-none-eabi/11.3.1/thumb/v7-m/nofp\libgcc.a(_arm_muldivdf3.o)
                0x00000000080005b8                __aeabi_dmul
                0x00000000080005b8                __muldf3
                0x000000000800080c                __divdf3
                0x000000000800080c                __aeabi_ddiv
 .text          0x00000000080009dc      0x110 D:/workapp/STM32CubeIDE_1.13.2/STM32CubeIDE/plugins/com.st.stm32cube.ide.mcu.externaltools.gnu-tools-for-stm32.11.3.rel1.win32_1.1.1.202309131626/tools/bin/../lib/gcc/arm-none-eabi/11.3.1/thumb/v7-m/nofp\libgcc.a(_arm_cmpdf2.o)
                0x00000000080009dc                __gtdf2
                0x00000000080009dc                __gedf2
                0x00000000080009e4                __ltdf2
                0x00000000080009e4                __ledf2
                0x00000000080009ec                __nedf2
                0x00000000080009ec                __eqdf2
                0x00000000080009ec                __cmpdf2
                0x0000000008000a68                __aeabi_cdrcmple
                0x0000000008000a78                __aeabi_cdcmpeq
                0x0000000008000a78                __aeabi_cdcmple
                0x0000000008000a88                __aeabi_dcmpeq
                0x0000000008000a9c                __aeabi_dcmplt
                0x0000000008000ab0                __aeabi_dcmple
                0x0000000008000ac4                __aeabi_dcmpge
                0x0000000008000ad8                __aeabi_dcmpgt
 .text          0x0000000008000aec       0x2c D:/workapp/STM32CubeIDE_1.13.2/STM32CubeIDE/plugins/com.st.stm32cube.ide.mcu.externaltools.gnu-tools-for-stm32.11.3.rel1.win32_1.1.1.202309131626/tools/bin/../lib/gcc/arm-none-eabi/11.3.1/thumb/v7-m/nofp\libgcc.a(_arm_unorddf2.o)
                0x0000000008000aec                __unorddf2
                0x0000000008000aec                __aeabi_dcmpun
 .text          0x0000000008000b18       0x50 D:/workapp/STM32CubeIDE_1.13.2/STM32CubeIDE/plugins/com.st.stm32cube.ide.mcu.externaltools.gnu-tools-for-stm32.11.3.rel1.win32_1.1.1.202309131626/tools/bin/../lib/gcc/arm-none-eabi/11.3.1/thumb/v7-m/nofp\libgcc.a(_arm_fixdfsi.o)
                0x0000000008000b18                __aeabi_d2iz
                0x0000000008000b18                __fixdfsi
 .text          0x0000000008000b68       0x4c D:/workapp/STM32CubeIDE_1.13.2/STM32CubeIDE/plugins/com.st.stm32cube.ide.mcu.externaltools.gnu-tools-for-stm32.11.3.rel1.win32_1.1.1.202309131626/tools/bin/../lib/gcc/arm-none-eabi/11.3.1/thumb/v7-m/nofp\libgcc.a(_arm_fixsfsi.o)
                0x0000000008000b68                __aeabi_f2iz
                0x0000000008000b68                __fixsfsi
 *(.text*)
 .text.Bsp_Init
                0x0000000008000bb4       0x22 ./BSP/bsp.o
                0x0000000008000bb4                Bsp_Init
 *fill*         0x0000000008000bd6        0x2 
 .text.unpack_process_gh
                0x0000000008000bd8       0x54 ./BSP/bsp_agreement.o
                0x0000000008000bd8                unpack_process_gh
 .text.speaker_gh
                0x0000000008000c2c      0x130 ./BSP/bsp_agreement.o
                0x0000000008000c2c                speaker_gh
 .text.Beep_Set_Time
                0x0000000008000d5c       0x20 ./BSP/bsp_beep.o
 .text.Beep_Set_State
                0x0000000008000d7c       0x20 ./BSP/bsp_beep.o
 .text.Beep_On_Time
                0x0000000008000d9c       0x80 ./BSP/bsp_beep.o
                0x0000000008000d9c                Beep_On_Time
 .text.data_to_array
                0x0000000008000e1c      0x17c ./BSP/bsp_ds.o
                0x0000000008000e1c                data_to_array
 .text.choose_s_pos
                0x0000000008000f98      0x1cc ./BSP/bsp_ds.o
                0x0000000008000f98                choose_s_pos
 .text.choose_pos
                0x0000000008001164      0x388 ./BSP/bsp_ds.o
                0x0000000008001164                choose_pos
 .text.show     0x00000000080014ec       0x84 ./BSP/bsp_ds.o
                0x00000000080014ec                show
 .text.Key1_is_Press
                0x0000000008001570       0x38 ./BSP/bsp_key.o
 .text.Key2_is_Press
                0x00000000080015a8       0x38 ./BSP/bsp_key.o
 .text.Key1_State
                0x00000000080015e0       0x54 ./BSP/bsp_key.o
                0x00000000080015e0                Key1_State
 .text.Key2_State
                0x0000000008001634       0x54 ./BSP/bsp_key.o
                0x0000000008001634                Key2_State
 .text.pwm3_init
                0x0000000008001688       0x2c ./BSP/bsp_pwm.o
                0x0000000008001688                pwm3_init
 .text.dj_init  0x00000000080016b4       0x2c ./BSP/bsp_pwm.o
                0x00000000080016b4                dj_init
 .text.defaulttask_uart
                0x00000000080016e0       0x3c ./BSP/bsp_task.o
                0x00000000080016e0                defaulttask_uart
 .text.Task_Entity_Beep
                0x000000000800171c       0x94 ./BSP/bsp_task.o
                0x000000000800171c                Task_Entity_Beep
 .text.Task_Entity_Key
                0x00000000080017b0       0xb0 ./BSP/bsp_task.o
                0x00000000080017b0                Task_Entity_Key
 .text.refresh_new
                0x0000000008001860       0x50 ./BSP/bsp_tjc.o
                0x0000000008001860                refresh_new
 .text.TJCPrintf
                0x00000000080018b0       0xdc ./BSP/bsp_tjc.o
                0x00000000080018b0                TJCPrintf
 .text.USART1_Init
                0x000000000800198c       0x64 ./BSP/bsp_uart.o
                0x000000000800198c                USART1_Init
 .text.USART2_Init
                0x00000000080019f0       0x64 ./BSP/bsp_uart.o
                0x00000000080019f0                USART2_Init
 .text.USART3_Init
                0x0000000008001a54       0x64 ./BSP/bsp_uart.o
                0x0000000008001a54                USART3_Init
 .text.USART1_Send_ArrayU8
                0x0000000008001ab8       0x28 ./BSP/bsp_uart.o
                0x0000000008001ab8                USART1_Send_ArrayU8
 .text.USART1_DMAHandler
                0x0000000008001ae0       0xe8 ./BSP/bsp_uart.o
                0x0000000008001ae0                USART1_DMAHandler
 .text.USART2_DMAHandler
                0x0000000008001bc8       0xe8 ./BSP/bsp_uart.o
                0x0000000008001bc8                USART2_DMAHandler
 .text.USART3_DMAHandler
                0x0000000008001cb0       0xe8 ./BSP/bsp_uart.o
                0x0000000008001cb0                USART3_DMAHandler
 .text.__io_putchar
                0x0000000008001d98       0x24 ./BSP/bsp_uart.o
                0x0000000008001d98                __io_putchar
 .text.MX_ADC1_Init
                0x0000000008001dbc       0x7c ./Core/Src/adc.o
                0x0000000008001dbc                MX_ADC1_Init
 .text.HAL_ADC_MspInit
                0x0000000008001e38       0x78 ./Core/Src/adc.o
                0x0000000008001e38                HAL_ADC_MspInit
 .text.MX_DMA_Init
                0x0000000008001eb0       0x6c ./Core/Src/dma.o
                0x0000000008001eb0                MX_DMA_Init
 .text.vApplicationGetIdleTaskMemory
                0x0000000008001f1c       0x30 ./Core/Src/freertos.o
                0x0000000008001f1c                vApplicationGetIdleTaskMemory
 .text.MX_FREERTOS_Init
                0x0000000008001f4c       0xbc ./Core/Src/freertos.o
                0x0000000008001f4c                MX_FREERTOS_Init
 .text.StartDefaultTask
                0x0000000008002008       0x14 ./Core/Src/freertos.o
                0x0000000008002008                StartDefaultTask
 .text.StartTask_BEEP
                0x000000000800201c       0x14 ./Core/Src/freertos.o
                0x000000000800201c                StartTask_BEEP
 .text.StartTask_KEY
                0x0000000008002030       0x14 ./Core/Src/freertos.o
                0x0000000008002030                StartTask_KEY
 .text.MX_GPIO_Init
                0x0000000008002044      0x10c ./Core/Src/gpio.o
                0x0000000008002044                MX_GPIO_Init
 .text.main     0x0000000008002150       0x3a ./Core/Src/main.o
                0x0000000008002150                main
 .text.SystemClock_Config
                0x000000000800218a       0xba ./Core/Src/main.o
                0x000000000800218a                SystemClock_Config
 .text.HAL_TIM_PeriodElapsedCallback
                0x0000000008002244       0x24 ./Core/Src/main.o
                0x0000000008002244                HAL_TIM_PeriodElapsedCallback
 .text.Error_Handler
                0x0000000008002268        0xa ./Core/Src/main.o
                0x0000000008002268                Error_Handler
 *fill*         0x0000000008002272        0x2 
 .text.HAL_MspInit
                0x0000000008002274       0x70 ./Core/Src/stm32f1xx_hal_msp.o
                0x0000000008002274                HAL_MspInit
 .text.HAL_InitTick
                0x00000000080022e4       0xb0 ./Core/Src/stm32f1xx_hal_timebase_tim.o
                0x00000000080022e4                HAL_InitTick
 .text.NMI_Handler
                0x0000000008002394        0x6 ./Core/Src/stm32f1xx_it.o
                0x0000000008002394                NMI_Handler
 .text.HardFault_Handler
                0x000000000800239a        0x6 ./Core/Src/stm32f1xx_it.o
                0x000000000800239a                HardFault_Handler
 .text.MemManage_Handler
                0x00000000080023a0        0x6 ./Core/Src/stm32f1xx_it.o
                0x00000000080023a0                MemManage_Handler
 .text.BusFault_Handler
                0x00000000080023a6        0x6 ./Core/Src/stm32f1xx_it.o
                0x00000000080023a6                BusFault_Handler
 .text.UsageFault_Handler
                0x00000000080023ac        0x6 ./Core/Src/stm32f1xx_it.o
                0x00000000080023ac                UsageFault_Handler
 .text.DebugMon_Handler
                0x00000000080023b2        0xc ./Core/Src/stm32f1xx_it.o
                0x00000000080023b2                DebugMon_Handler
 *fill*         0x00000000080023be        0x2 
 .text.DMA1_Channel3_IRQHandler
                0x00000000080023c0       0x14 ./Core/Src/stm32f1xx_it.o
                0x00000000080023c0                DMA1_Channel3_IRQHandler
 .text.DMA1_Channel4_IRQHandler
                0x00000000080023d4       0x14 ./Core/Src/stm32f1xx_it.o
                0x00000000080023d4                DMA1_Channel4_IRQHandler
 .text.DMA1_Channel5_IRQHandler
                0x00000000080023e8       0x14 ./Core/Src/stm32f1xx_it.o
                0x00000000080023e8                DMA1_Channel5_IRQHandler
 .text.DMA1_Channel6_IRQHandler
                0x00000000080023fc       0x14 ./Core/Src/stm32f1xx_it.o
                0x00000000080023fc                DMA1_Channel6_IRQHandler
 .text.USART1_IRQHandler
                0x0000000008002410       0x18 ./Core/Src/stm32f1xx_it.o
                0x0000000008002410                USART1_IRQHandler
 .text.USART2_IRQHandler
                0x0000000008002428       0x18 ./Core/Src/stm32f1xx_it.o
                0x0000000008002428                USART2_IRQHandler
 .text.USART3_IRQHandler
                0x0000000008002440       0x18 ./Core/Src/stm32f1xx_it.o
                0x0000000008002440                USART3_IRQHandler
 .text.TIM6_IRQHandler
                0x0000000008002458       0x14 ./Core/Src/stm32f1xx_it.o
                0x0000000008002458                TIM6_IRQHandler
 .text._getpid  0x000000000800246c        0xe ./Core/Src/syscalls.o
                0x000000000800246c                _getpid
 .text._kill    0x000000000800247a       0x20 ./Core/Src/syscalls.o
                0x000000000800247a                _kill
 .text._exit    0x000000000800249a       0x14 ./Core/Src/syscalls.o
                0x000000000800249a                _exit
 .text._read    0x00000000080024ae       0x3a ./Core/Src/syscalls.o
                0x00000000080024ae                _read
 .text._write   0x00000000080024e8       0x38 ./Core/Src/syscalls.o
                0x00000000080024e8                _write
 .text._close   0x0000000008002520       0x16 ./Core/Src/syscalls.o
                0x0000000008002520                _close
 .text._fstat   0x0000000008002536       0x1e ./Core/Src/syscalls.o
                0x0000000008002536                _fstat
 .text._isatty  0x0000000008002554       0x14 ./Core/Src/syscalls.o
                0x0000000008002554                _isatty
 .text._lseek   0x0000000008002568       0x18 ./Core/Src/syscalls.o
                0x0000000008002568                _lseek
 .text._sbrk    0x0000000008002580       0x6c ./Core/Src/sysmem.o
                0x0000000008002580                _sbrk
 .text.SystemInit
                0x00000000080025ec        0xc ./Core/Src/system_stm32f1xx.o
                0x00000000080025ec                SystemInit
 .text.MX_TIM2_Init
                0x00000000080025f8      0x130 ./Core/Src/tim.o
                0x00000000080025f8                MX_TIM2_Init
 .text.MX_TIM3_Init
                0x0000000008002728      0x130 ./Core/Src/tim.o
                0x0000000008002728                MX_TIM3_Init
 .text.HAL_TIM_Base_MspInit
                0x0000000008002858       0x60 ./Core/Src/tim.o
                0x0000000008002858                HAL_TIM_Base_MspInit
 .text.HAL_TIM_MspPostInit
                0x00000000080028b8      0x130 ./Core/Src/tim.o
                0x00000000080028b8                HAL_TIM_MspPostInit
 .text.MX_USART1_UART_Init
                0x00000000080029e8       0x54 ./Core/Src/usart.o
                0x00000000080029e8                MX_USART1_UART_Init
 .text.MX_USART2_UART_Init
                0x0000000008002a3c       0x54 ./Core/Src/usart.o
                0x0000000008002a3c                MX_USART2_UART_Init
 .text.MX_USART3_UART_Init
                0x0000000008002a90       0x54 ./Core/Src/usart.o
                0x0000000008002a90                MX_USART3_UART_Init
 .text.HAL_UART_MspInit
                0x0000000008002ae4      0x338 ./Core/Src/usart.o
                0x0000000008002ae4                HAL_UART_MspInit
 .text.Reset_Handler
                0x0000000008002e1c       0x48 ./Core/Startup/startup_stm32f103rctx.o
                0x0000000008002e1c                Reset_Handler
 .text.Default_Handler
                0x0000000008002e64        0x2 ./Core/Startup/startup_stm32f103rctx.o
                0x0000000008002e64                RTC_Alarm_IRQHandler
                0x0000000008002e64                EXTI2_IRQHandler
                0x0000000008002e64                TIM8_TRG_COM_IRQHandler
                0x0000000008002e64                TIM8_CC_IRQHandler
                0x0000000008002e64                TIM1_CC_IRQHandler
                0x0000000008002e64                PVD_IRQHandler
                0x0000000008002e64                SDIO_IRQHandler
                0x0000000008002e64                EXTI3_IRQHandler
                0x0000000008002e64                EXTI0_IRQHandler
                0x0000000008002e64                I2C2_EV_IRQHandler
                0x0000000008002e64                ADC1_2_IRQHandler
                0x0000000008002e64                SPI1_IRQHandler
                0x0000000008002e64                TAMPER_IRQHandler
                0x0000000008002e64                TIM8_UP_IRQHandler
                0x0000000008002e64                DMA2_Channel2_IRQHandler
                0x0000000008002e64                RTC_IRQHandler
                0x0000000008002e64                DMA1_Channel7_IRQHandler
                0x0000000008002e64                CAN1_RX1_IRQHandler
                0x0000000008002e64                UART5_IRQHandler
                0x0000000008002e64                ADC3_IRQHandler
                0x0000000008002e64                TIM4_IRQHandler
                0x0000000008002e64                DMA2_Channel1_IRQHandler
                0x0000000008002e64                I2C1_EV_IRQHandler
                0x0000000008002e64                UART4_IRQHandler
                0x0000000008002e64                TIM3_IRQHandler
                0x0000000008002e64                RCC_IRQHandler
                0x0000000008002e64                TIM1_TRG_COM_IRQHandler
                0x0000000008002e64                DMA1_Channel1_IRQHandler
                0x0000000008002e64                Default_Handler
                0x0000000008002e64                EXTI15_10_IRQHandler
                0x0000000008002e64                TIM7_IRQHandler
                0x0000000008002e64                TIM5_IRQHandler
                0x0000000008002e64                EXTI9_5_IRQHandler
                0x0000000008002e64                SPI2_IRQHandler
                0x0000000008002e64                EXTI4_IRQHandler
                0x0000000008002e64                USB_LP_CAN1_RX0_IRQHandler
                0x0000000008002e64                USB_HP_CAN1_TX_IRQHandler
                0x0000000008002e64                FSMC_IRQHandler
                0x0000000008002e64                TIM1_UP_IRQHandler
                0x0000000008002e64                WWDG_IRQHandler
                0x0000000008002e64                TIM2_IRQHandler
                0x0000000008002e64                TIM1_BRK_IRQHandler
                0x0000000008002e64                EXTI1_IRQHandler
                0x0000000008002e64                DMA2_Channel4_5_IRQHandler
                0x0000000008002e64                I2C2_ER_IRQHandler
                0x0000000008002e64                DMA1_Channel2_IRQHandler
                0x0000000008002e64                TIM8_BRK_IRQHandler
                0x0000000008002e64                CAN1_SCE_IRQHandler
                0x0000000008002e64                FLASH_IRQHandler
                0x0000000008002e64                SPI3_IRQHandler
                0x0000000008002e64                I2C1_ER_IRQHandler
                0x0000000008002e64                USBWakeUp_IRQHandler
                0x0000000008002e64                DMA2_Channel3_IRQHandler
 *fill*         0x0000000008002e66        0x2 
 .text.HAL_Init
                0x0000000008002e68       0x2c ./Drivers/STM32F1xx_HAL_Driver/Src/stm32f1xx_hal.o
                0x0000000008002e68                HAL_Init
 .text.HAL_IncTick
                0x0000000008002e94       0x24 ./Drivers/STM32F1xx_HAL_Driver/Src/stm32f1xx_hal.o
                0x0000000008002e94                HAL_IncTick
 .text.HAL_GetTick
                0x0000000008002eb8       0x14 ./Drivers/STM32F1xx_HAL_Driver/Src/stm32f1xx_hal.o
                0x0000000008002eb8                HAL_GetTick
 .text.HAL_ADC_Init
                0x0000000008002ecc      0x1d4 ./Drivers/STM32F1xx_HAL_Driver/Src/stm32f1xx_hal_adc.o
                0x0000000008002ecc                HAL_ADC_Init
 .text.HAL_ADC_ConfigChannel
                0x00000000080030a0      0x1f0 ./Drivers/STM32F1xx_HAL_Driver/Src/stm32f1xx_hal_adc.o
                0x00000000080030a0                HAL_ADC_ConfigChannel
 .text.ADC_ConversionStop_Disable
                0x0000000008003290       0x82 ./Drivers/STM32F1xx_HAL_Driver/Src/stm32f1xx_hal_adc.o
                0x0000000008003290                ADC_ConversionStop_Disable
 *fill*         0x0000000008003312        0x2 
 .text.__NVIC_SetPriorityGrouping
                0x0000000008003314       0x48 ./Drivers/STM32F1xx_HAL_Driver/Src/stm32f1xx_hal_cortex.o
 .text.__NVIC_GetPriorityGrouping
                0x000000000800335c       0x1c ./Drivers/STM32F1xx_HAL_Driver/Src/stm32f1xx_hal_cortex.o
 .text.__NVIC_EnableIRQ
                0x0000000008003378       0x38 ./Drivers/STM32F1xx_HAL_Driver/Src/stm32f1xx_hal_cortex.o
 .text.__NVIC_SetPriority
                0x00000000080033b0       0x54 ./Drivers/STM32F1xx_HAL_Driver/Src/stm32f1xx_hal_cortex.o
 .text.NVIC_EncodePriority
                0x0000000008003404       0x64 ./Drivers/STM32F1xx_HAL_Driver/Src/stm32f1xx_hal_cortex.o
 .text.HAL_NVIC_SetPriorityGrouping
                0x0000000008003468       0x16 ./Drivers/STM32F1xx_HAL_Driver/Src/stm32f1xx_hal_cortex.o
                0x0000000008003468                HAL_NVIC_SetPriorityGrouping
 .text.HAL_NVIC_SetPriority
                0x000000000800347e       0x38 ./Drivers/STM32F1xx_HAL_Driver/Src/stm32f1xx_hal_cortex.o
                0x000000000800347e                HAL_NVIC_SetPriority
 .text.HAL_NVIC_EnableIRQ
                0x00000000080034b6       0x1c ./Drivers/STM32F1xx_HAL_Driver/Src/stm32f1xx_hal_cortex.o
                0x00000000080034b6                HAL_NVIC_EnableIRQ
 *fill*         0x00000000080034d2        0x2 
 .text.HAL_DMA_Init
                0x00000000080034d4       0xec ./Drivers/STM32F1xx_HAL_Driver/Src/stm32f1xx_hal_dma.o
                0x00000000080034d4                HAL_DMA_Init
 .text.HAL_DMA_Start_IT
                0x00000000080035c0       0xbe ./Drivers/STM32F1xx_HAL_Driver/Src/stm32f1xx_hal_dma.o
                0x00000000080035c0                HAL_DMA_Start_IT
 .text.HAL_DMA_Abort
                0x000000000800367e       0x74 ./Drivers/STM32F1xx_HAL_Driver/Src/stm32f1xx_hal_dma.o
                0x000000000800367e                HAL_DMA_Abort
 *fill*         0x00000000080036f2        0x2 
 .text.HAL_DMA_Abort_IT
                0x00000000080036f4      0x210 ./Drivers/STM32F1xx_HAL_Driver/Src/stm32f1xx_hal_dma.o
                0x00000000080036f4                HAL_DMA_Abort_IT
 .text.HAL_DMA_IRQHandler
                0x0000000008003904      0x478 ./Drivers/STM32F1xx_HAL_Driver/Src/stm32f1xx_hal_dma.o
                0x0000000008003904                HAL_DMA_IRQHandler
 .text.DMA_SetConfig
                0x0000000008003d7c       0x5a ./Drivers/STM32F1xx_HAL_Driver/Src/stm32f1xx_hal_dma.o
 *fill*         0x0000000008003dd6        0x2 
 .text.HAL_GPIO_Init
                0x0000000008003dd8      0x328 ./Drivers/STM32F1xx_HAL_Driver/Src/stm32f1xx_hal_gpio.o
                0x0000000008003dd8                HAL_GPIO_Init
 .text.HAL_GPIO_ReadPin
                0x0000000008004100       0x2e ./Drivers/STM32F1xx_HAL_Driver/Src/stm32f1xx_hal_gpio.o
                0x0000000008004100                HAL_GPIO_ReadPin
 .text.HAL_GPIO_WritePin
                0x000000000800412e       0x30 ./Drivers/STM32F1xx_HAL_Driver/Src/stm32f1xx_hal_gpio.o
                0x000000000800412e                HAL_GPIO_WritePin
 *fill*         0x000000000800415e        0x2 
 .text.HAL_RCC_OscConfig
                0x0000000008004160      0x504 ./Drivers/STM32F1xx_HAL_Driver/Src/stm32f1xx_hal_rcc.o
                0x0000000008004160                HAL_RCC_OscConfig
 .text.HAL_RCC_ClockConfig
                0x0000000008004664      0x1d4 ./Drivers/STM32F1xx_HAL_Driver/Src/stm32f1xx_hal_rcc.o
                0x0000000008004664                HAL_RCC_ClockConfig
 .text.HAL_RCC_GetSysClockFreq
                0x0000000008004838       0xbc ./Drivers/STM32F1xx_HAL_Driver/Src/stm32f1xx_hal_rcc.o
                0x0000000008004838                HAL_RCC_GetSysClockFreq
 .text.HAL_RCC_GetHCLKFreq
                0x00000000080048f4       0x14 ./Drivers/STM32F1xx_HAL_Driver/Src/stm32f1xx_hal_rcc.o
                0x00000000080048f4                HAL_RCC_GetHCLKFreq
 .text.HAL_RCC_GetPCLK1Freq
                0x0000000008004908       0x28 ./Drivers/STM32F1xx_HAL_Driver/Src/stm32f1xx_hal_rcc.o
                0x0000000008004908                HAL_RCC_GetPCLK1Freq
 .text.HAL_RCC_GetPCLK2Freq
                0x0000000008004930       0x28 ./Drivers/STM32F1xx_HAL_Driver/Src/stm32f1xx_hal_rcc.o
                0x0000000008004930                HAL_RCC_GetPCLK2Freq
 .text.HAL_RCC_GetClockConfig
                0x0000000008004958       0x60 ./Drivers/STM32F1xx_HAL_Driver/Src/stm32f1xx_hal_rcc.o
                0x0000000008004958                HAL_RCC_GetClockConfig
 .text.RCC_Delay
                0x00000000080049b8       0x3c ./Drivers/STM32F1xx_HAL_Driver/Src/stm32f1xx_hal_rcc.o
 .text.HAL_RCCEx_PeriphCLKConfig
                0x00000000080049f4      0x16c ./Drivers/STM32F1xx_HAL_Driver/Src/stm32f1xx_hal_rcc_ex.o
                0x00000000080049f4                HAL_RCCEx_PeriphCLKConfig
 .text.HAL_TIM_Base_Init
                0x0000000008004b60       0x9e ./Drivers/STM32F1xx_HAL_Driver/Src/stm32f1xx_hal_tim.o
                0x0000000008004b60                HAL_TIM_Base_Init
 *fill*         0x0000000008004bfe        0x2 
 .text.HAL_TIM_Base_Start_IT
                0x0000000008004c00       0xc0 ./Drivers/STM32F1xx_HAL_Driver/Src/stm32f1xx_hal_tim.o
                0x0000000008004c00                HAL_TIM_Base_Start_IT
 .text.HAL_TIM_PWM_Init
                0x0000000008004cc0       0x9e ./Drivers/STM32F1xx_HAL_Driver/Src/stm32f1xx_hal_tim.o
                0x0000000008004cc0                HAL_TIM_PWM_Init
 .text.HAL_TIM_PWM_MspInit
                0x0000000008004d5e       0x12 ./Drivers/STM32F1xx_HAL_Driver/Src/stm32f1xx_hal_tim.o
                0x0000000008004d5e                HAL_TIM_PWM_MspInit
 .text.HAL_TIM_PWM_Start
                0x0000000008004d70      0x174 ./Drivers/STM32F1xx_HAL_Driver/Src/stm32f1xx_hal_tim.o
                0x0000000008004d70                HAL_TIM_PWM_Start
 .text.HAL_TIM_IRQHandler
                0x0000000008004ee4      0x210 ./Drivers/STM32F1xx_HAL_Driver/Src/stm32f1xx_hal_tim.o
                0x0000000008004ee4                HAL_TIM_IRQHandler
 .text.HAL_TIM_PWM_ConfigChannel
                0x00000000080050f4      0x17c ./Drivers/STM32F1xx_HAL_Driver/Src/stm32f1xx_hal_tim.o
                0x00000000080050f4                HAL_TIM_PWM_ConfigChannel
 .text.HAL_TIM_ConfigClockSource
                0x0000000008005270      0x188 ./Drivers/STM32F1xx_HAL_Driver/Src/stm32f1xx_hal_tim.o
                0x0000000008005270                HAL_TIM_ConfigClockSource
 .text.HAL_TIM_OC_DelayElapsedCallback
                0x00000000080053f8       0x12 ./Drivers/STM32F1xx_HAL_Driver/Src/stm32f1xx_hal_tim.o
                0x00000000080053f8                HAL_TIM_OC_DelayElapsedCallback
 .text.HAL_TIM_IC_CaptureCallback
                0x000000000800540a       0x12 ./Drivers/STM32F1xx_HAL_Driver/Src/stm32f1xx_hal_tim.o
                0x000000000800540a                HAL_TIM_IC_CaptureCallback
 .text.HAL_TIM_PWM_PulseFinishedCallback
                0x000000000800541c       0x12 ./Drivers/STM32F1xx_HAL_Driver/Src/stm32f1xx_hal_tim.o
                0x000000000800541c                HAL_TIM_PWM_PulseFinishedCallback
 .text.HAL_TIM_TriggerCallback
                0x000000000800542e       0x12 ./Drivers/STM32F1xx_HAL_Driver/Src/stm32f1xx_hal_tim.o
                0x000000000800542e                HAL_TIM_TriggerCallback
 .text.TIM_Base_SetConfig
                0x0000000008005440       0xf4 ./Drivers/STM32F1xx_HAL_Driver/Src/stm32f1xx_hal_tim.o
                0x0000000008005440                TIM_Base_SetConfig
 .text.TIM_OC1_SetConfig
                0x0000000008005534       0xe0 ./Drivers/STM32F1xx_HAL_Driver/Src/stm32f1xx_hal_tim.o
 .text.TIM_OC2_SetConfig
                0x0000000008005614       0xe8 ./Drivers/STM32F1xx_HAL_Driver/Src/stm32f1xx_hal_tim.o
                0x0000000008005614                TIM_OC2_SetConfig
 .text.TIM_OC3_SetConfig
                0x00000000080056fc       0xe8 ./Drivers/STM32F1xx_HAL_Driver/Src/stm32f1xx_hal_tim.o
 .text.TIM_OC4_SetConfig
                0x00000000080057e4       0xa8 ./Drivers/STM32F1xx_HAL_Driver/Src/stm32f1xx_hal_tim.o
 .text.TIM_TI1_ConfigInputStage
                0x000000000800588c       0x5c ./Drivers/STM32F1xx_HAL_Driver/Src/stm32f1xx_hal_tim.o
 .text.TIM_TI2_ConfigInputStage
                0x00000000080058e8       0x5e ./Drivers/STM32F1xx_HAL_Driver/Src/stm32f1xx_hal_tim.o
 .text.TIM_ITRx_SetConfig
                0x0000000008005946       0x34 ./Drivers/STM32F1xx_HAL_Driver/Src/stm32f1xx_hal_tim.o
 .text.TIM_ETR_SetConfig
                0x000000000800597a       0x3e ./Drivers/STM32F1xx_HAL_Driver/Src/stm32f1xx_hal_tim.o
                0x000000000800597a                TIM_ETR_SetConfig
 .text.TIM_CCxChannelCmd
                0x00000000080059b8       0x48 ./Drivers/STM32F1xx_HAL_Driver/Src/stm32f1xx_hal_tim.o
                0x00000000080059b8                TIM_CCxChannelCmd
 .text.HAL_TIMEx_MasterConfigSynchronization
                0x0000000008005a00       0xd8 ./Drivers/STM32F1xx_HAL_Driver/Src/stm32f1xx_hal_tim_ex.o
                0x0000000008005a00                HAL_TIMEx_MasterConfigSynchronization
 .text.HAL_TIMEx_CommutCallback
                0x0000000008005ad8       0x12 ./Drivers/STM32F1xx_HAL_Driver/Src/stm32f1xx_hal_tim_ex.o
                0x0000000008005ad8                HAL_TIMEx_CommutCallback
 .text.HAL_TIMEx_BreakCallback
                0x0000000008005aea       0x12 ./Drivers/STM32F1xx_HAL_Driver/Src/stm32f1xx_hal_tim_ex.o
                0x0000000008005aea                HAL_TIMEx_BreakCallback
 .text.HAL_UART_Init
                0x0000000008005afc       0x9a ./Drivers/STM32F1xx_HAL_Driver/Src/stm32f1xx_hal_uart.o
                0x0000000008005afc                HAL_UART_Init
 .text.HAL_UART_Transmit
                0x0000000008005b96      0x124 ./Drivers/STM32F1xx_HAL_Driver/Src/stm32f1xx_hal_uart.o
                0x0000000008005b96                HAL_UART_Transmit
 .text.HAL_UART_Transmit_IT
                0x0000000008005cba       0x88 ./Drivers/STM32F1xx_HAL_Driver/Src/stm32f1xx_hal_uart.o
                0x0000000008005cba                HAL_UART_Transmit_IT
 .text.HAL_UART_Receive_DMA
                0x0000000008005d42       0x60 ./Drivers/STM32F1xx_HAL_Driver/Src/stm32f1xx_hal_uart.o
                0x0000000008005d42                HAL_UART_Receive_DMA
 .text.HAL_UART_DMAStop
                0x0000000008005da2       0xb6 ./Drivers/STM32F1xx_HAL_Driver/Src/stm32f1xx_hal_uart.o
                0x0000000008005da2                HAL_UART_DMAStop
 .text.HAL_UART_IRQHandler
                0x0000000008005e58      0x354 ./Drivers/STM32F1xx_HAL_Driver/Src/stm32f1xx_hal_uart.o
                0x0000000008005e58                HAL_UART_IRQHandler
 .text.HAL_UART_TxCpltCallback
                0x00000000080061ac       0x12 ./Drivers/STM32F1xx_HAL_Driver/Src/stm32f1xx_hal_uart.o
                0x00000000080061ac                HAL_UART_TxCpltCallback
 .text.HAL_UART_RxCpltCallback
                0x00000000080061be       0x12 ./Drivers/STM32F1xx_HAL_Driver/Src/stm32f1xx_hal_uart.o
                0x00000000080061be                HAL_UART_RxCpltCallback
 .text.HAL_UART_RxHalfCpltCallback
                0x00000000080061d0       0x12 ./Drivers/STM32F1xx_HAL_Driver/Src/stm32f1xx_hal_uart.o
                0x00000000080061d0                HAL_UART_RxHalfCpltCallback
 .text.HAL_UART_ErrorCallback
                0x00000000080061e2       0x12 ./Drivers/STM32F1xx_HAL_Driver/Src/stm32f1xx_hal_uart.o
                0x00000000080061e2                HAL_UART_ErrorCallback
 .text.HAL_UARTEx_RxEventCallback
                0x00000000080061f4       0x16 ./Drivers/STM32F1xx_HAL_Driver/Src/stm32f1xx_hal_uart.o
                0x00000000080061f4                HAL_UARTEx_RxEventCallback
 .text.UART_DMAReceiveCplt
                0x000000000800620a       0x96 ./Drivers/STM32F1xx_HAL_Driver/Src/stm32f1xx_hal_uart.o
 .text.UART_DMARxHalfCplt
                0x00000000080062a0       0x36 ./Drivers/STM32F1xx_HAL_Driver/Src/stm32f1xx_hal_uart.o
 .text.UART_DMAError
                0x00000000080062d6       0x94 ./Drivers/STM32F1xx_HAL_Driver/Src/stm32f1xx_hal_uart.o
 .text.UART_WaitOnFlagUntilTimeout
                0x000000000800636a       0x94 ./Drivers/STM32F1xx_HAL_Driver/Src/stm32f1xx_hal_uart.o
 *fill*         0x00000000080063fe        0x2 
 .text.UART_Start_Receive_DMA
                0x0000000008006400       0xc8 ./Drivers/STM32F1xx_HAL_Driver/Src/stm32f1xx_hal_uart.o
                0x0000000008006400                UART_Start_Receive_DMA
 .text.UART_EndTxTransfer
                0x00000000080064c8       0x2a ./Drivers/STM32F1xx_HAL_Driver/Src/stm32f1xx_hal_uart.o
 .text.UART_EndRxTransfer
                0x00000000080064f2       0x58 ./Drivers/STM32F1xx_HAL_Driver/Src/stm32f1xx_hal_uart.o
 .text.UART_DMAAbortOnError
                0x000000000800654a       0x28 ./Drivers/STM32F1xx_HAL_Driver/Src/stm32f1xx_hal_uart.o
 .text.UART_Transmit_IT
                0x0000000008006572       0x9e ./Drivers/STM32F1xx_HAL_Driver/Src/stm32f1xx_hal_uart.o
 .text.UART_EndTransmit_IT
                0x0000000008006610       0x30 ./Drivers/STM32F1xx_HAL_Driver/Src/stm32f1xx_hal_uart.o
 .text.UART_Receive_IT
                0x0000000008006640      0x152 ./Drivers/STM32F1xx_HAL_Driver/Src/stm32f1xx_hal_uart.o
 *fill*         0x0000000008006792        0x2 
 .text.UART_SetConfig
                0x0000000008006794      0x11c ./Drivers/STM32F1xx_HAL_Driver/Src/stm32f1xx_hal_uart.o
 .text.makeFreeRtosPriority
                0x00000000080068b0       0x2e ./Middlewares/Third_Party/FreeRTOS/Source/CMSIS_RTOS/cmsis_os.o
 .text.osKernelStart
                0x00000000080068de        0xe ./Middlewares/Third_Party/FreeRTOS/Source/CMSIS_RTOS/cmsis_os.o
                0x00000000080068de                osKernelStart
 .text.osThreadCreate
                0x00000000080068ec       0x98 ./Middlewares/Third_Party/FreeRTOS/Source/CMSIS_RTOS/cmsis_os.o
                0x00000000080068ec                osThreadCreate
 .text.osDelay  0x0000000008006984       0x28 ./Middlewares/Third_Party/FreeRTOS/Source/CMSIS_RTOS/cmsis_os.o
                0x0000000008006984                osDelay
 .text.osMessageCreate
                0x00000000080069ac       0x50 ./Middlewares/Third_Party/FreeRTOS/Source/CMSIS_RTOS/cmsis_os.o
                0x00000000080069ac                osMessageCreate
 .text.vListInitialise
                0x00000000080069fc       0x3e ./Middlewares/Third_Party/FreeRTOS/Source/list.o
                0x00000000080069fc                vListInitialise
 .text.vListInitialiseItem
                0x0000000008006a3a       0x18 ./Middlewares/Third_Party/FreeRTOS/Source/list.o
                0x0000000008006a3a                vListInitialiseItem
 .text.vListInsertEnd
                0x0000000008006a52       0x46 ./Middlewares/Third_Party/FreeRTOS/Source/list.o
                0x0000000008006a52                vListInsertEnd
 .text.vListInsert
                0x0000000008006a98       0x70 ./Middlewares/Third_Party/FreeRTOS/Source/list.o
                0x0000000008006a98                vListInsert
 .text.uxListRemove
                0x0000000008006b08       0x52 ./Middlewares/Third_Party/FreeRTOS/Source/list.o
                0x0000000008006b08                uxListRemove
 *fill*         0x0000000008006b5a        0x2 
 .text.xQueueGenericReset
                0x0000000008006b5c       0xd0 ./Middlewares/Third_Party/FreeRTOS/Source/queue.o
                0x0000000008006b5c                xQueueGenericReset
 .text.xQueueGenericCreateStatic
                0x0000000008006c2c       0xee ./Middlewares/Third_Party/FreeRTOS/Source/queue.o
                0x0000000008006c2c                xQueueGenericCreateStatic
 .text.xQueueGenericCreate
                0x0000000008006d1a       0x7c ./Middlewares/Third_Party/FreeRTOS/Source/queue.o
                0x0000000008006d1a                xQueueGenericCreate
 .text.prvInitialiseNewQueue
                0x0000000008006d96       0x3e ./Middlewares/Third_Party/FreeRTOS/Source/queue.o
 .text.xQueueGenericSendFromISR
                0x0000000008006dd4      0x130 ./Middlewares/Third_Party/FreeRTOS/Source/queue.o
                0x0000000008006dd4                xQueueGenericSendFromISR
 .text.xQueueReceive
                0x0000000008006f04      0x1c0 ./Middlewares/Third_Party/FreeRTOS/Source/queue.o
                0x0000000008006f04                xQueueReceive
 .text.prvCopyDataToQueue
                0x00000000080070c4       0xd4 ./Middlewares/Third_Party/FreeRTOS/Source/queue.o
 .text.prvCopyDataFromQueue
                0x0000000008007198       0x4c ./Middlewares/Third_Party/FreeRTOS/Source/queue.o
 .text.prvUnlockQueue
                0x00000000080071e4       0xa4 ./Middlewares/Third_Party/FreeRTOS/Source/queue.o
 .text.prvIsQueueEmpty
                0x0000000008007288       0x2c ./Middlewares/Third_Party/FreeRTOS/Source/queue.o
 .text.xTaskCreateStatic
                0x00000000080072b4       0xb8 ./Middlewares/Third_Party/FreeRTOS/Source/tasks.o
                0x00000000080072b4                xTaskCreateStatic
 .text.xTaskCreate
                0x000000000800736c       0x8a ./Middlewares/Third_Party/FreeRTOS/Source/tasks.o
                0x000000000800736c                xTaskCreate
 *fill*         0x00000000080073f6        0x2 
 .text.prvInitialiseNewTask
                0x00000000080073f8      0x12c ./Middlewares/Third_Party/FreeRTOS/Source/tasks.o
 .text.prvAddNewTaskToReadyList
                0x0000000008007524       0xd4 ./Middlewares/Third_Party/FreeRTOS/Source/tasks.o
 .text.vTaskDelay
                0x00000000080075f8       0x68 ./Middlewares/Third_Party/FreeRTOS/Source/tasks.o
                0x00000000080075f8                vTaskDelay
 .text.vTaskStartScheduler
                0x0000000008007660       0xd4 ./Middlewares/Third_Party/FreeRTOS/Source/tasks.o
                0x0000000008007660                vTaskStartScheduler
 .text.vTaskSuspendAll
                0x0000000008007734       0x1c ./Middlewares/Third_Party/FreeRTOS/Source/tasks.o
                0x0000000008007734                vTaskSuspendAll
 .text.xTaskResumeAll
                0x0000000008007750      0x138 ./Middlewares/Third_Party/FreeRTOS/Source/tasks.o
                0x0000000008007750                xTaskResumeAll
 .text.xTaskIncrementTick
                0x0000000008007888      0x17c ./Middlewares/Third_Party/FreeRTOS/Source/tasks.o
                0x0000000008007888                xTaskIncrementTick
 .text.vTaskSwitchContext
                0x0000000008007a04       0xc4 ./Middlewares/Third_Party/FreeRTOS/Source/tasks.o
                0x0000000008007a04                vTaskSwitchContext
 .text.vTaskPlaceOnEventList
                0x0000000008007ac8       0x48 ./Middlewares/Third_Party/FreeRTOS/Source/tasks.o
                0x0000000008007ac8                vTaskPlaceOnEventList
 .text.xTaskRemoveFromEventList
                0x0000000008007b10       0xc4 ./Middlewares/Third_Party/FreeRTOS/Source/tasks.o
                0x0000000008007b10                xTaskRemoveFromEventList
 .text.vTaskInternalSetTimeOutState
                0x0000000008007bd4       0x2c ./Middlewares/Third_Party/FreeRTOS/Source/tasks.o
                0x0000000008007bd4                vTaskInternalSetTimeOutState
 .text.xTaskCheckForTimeOut
                0x0000000008007c00       0xc4 ./Middlewares/Third_Party/FreeRTOS/Source/tasks.o
                0x0000000008007c00                xTaskCheckForTimeOut
 .text.vTaskMissedYield
                0x0000000008007cc4       0x18 ./Middlewares/Third_Party/FreeRTOS/Source/tasks.o
                0x0000000008007cc4                vTaskMissedYield
 .text.prvIdleTask
                0x0000000008007cdc       0x30 ./Middlewares/Third_Party/FreeRTOS/Source/tasks.o
 .text.prvInitialiseTaskLists
                0x0000000008007d0c       0x80 ./Middlewares/Third_Party/FreeRTOS/Source/tasks.o
 .text.prvCheckTasksWaitingTermination
                0x0000000008007d8c       0x5c ./Middlewares/Third_Party/FreeRTOS/Source/tasks.o
 .text.prvDeleteTCB
                0x0000000008007de8       0x68 ./Middlewares/Third_Party/FreeRTOS/Source/tasks.o
 .text.prvResetNextTaskUnblockTime
                0x0000000008007e50       0x48 ./Middlewares/Third_Party/FreeRTOS/Source/tasks.o
 .text.xTaskGetSchedulerState
                0x0000000008007e98       0x3c ./Middlewares/Third_Party/FreeRTOS/Source/tasks.o
                0x0000000008007e98                xTaskGetSchedulerState
 .text.xTaskPriorityDisinherit
                0x0000000008007ed4      0x10c ./Middlewares/Third_Party/FreeRTOS/Source/tasks.o
                0x0000000008007ed4                xTaskPriorityDisinherit
 .text.prvAddCurrentTaskToDelayedList
                0x0000000008007fe0       0xcc ./Middlewares/Third_Party/FreeRTOS/Source/tasks.o
 .text.pxPortInitialiseStack
                0x00000000080080ac       0x58 ./Middlewares/Third_Party/FreeRTOS/Source/portable/GCC/ARM_CM3/port.o
                0x00000000080080ac                pxPortInitialiseStack
 .text.prvTaskExitError
                0x0000000008008104       0x58 ./Middlewares/Third_Party/FreeRTOS/Source/portable/GCC/ARM_CM3/port.o
 *fill*         0x000000000800815c        0x4 
 .text.SVC_Handler
                0x0000000008008160       0x28 ./Middlewares/Third_Party/FreeRTOS/Source/portable/GCC/ARM_CM3/port.o
                0x0000000008008160                SVC_Handler
 .text.prvPortStartFirstTask
                0x0000000008008188       0x20 ./Middlewares/Third_Party/FreeRTOS/Source/portable/GCC/ARM_CM3/port.o
 .text.xPortStartScheduler
                0x00000000080081a8       0xe4 ./Middlewares/Third_Party/FreeRTOS/Source/portable/GCC/ARM_CM3/port.o
                0x00000000080081a8                xPortStartScheduler
 .text.vPortEnterCritical
                0x000000000800828c       0x60 ./Middlewares/Third_Party/FreeRTOS/Source/portable/GCC/ARM_CM3/port.o
                0x000000000800828c                vPortEnterCritical
 .text.vPortExitCritical
                0x00000000080082ec       0x50 ./Middlewares/Third_Party/FreeRTOS/Source/portable/GCC/ARM_CM3/port.o
                0x00000000080082ec                vPortExitCritical
 *fill*         0x000000000800833c        0x4 
 .text.PendSV_Handler
                0x0000000008008340       0x48 ./Middlewares/Third_Party/FreeRTOS/Source/portable/GCC/ARM_CM3/port.o
                0x0000000008008340                PendSV_Handler
 .text.SysTick_Handler
                0x0000000008008388       0x44 ./Middlewares/Third_Party/FreeRTOS/Source/portable/GCC/ARM_CM3/port.o
                0x0000000008008388                SysTick_Handler
 .text.vPortSetupTimerInterrupt
                0x00000000080083cc       0x44 ./Middlewares/Third_Party/FreeRTOS/Source/portable/GCC/ARM_CM3/port.o
                0x00000000080083cc                vPortSetupTimerInterrupt
 .text.vPortValidateInterruptPriority
                0x0000000008008410       0x7c ./Middlewares/Third_Party/FreeRTOS/Source/portable/GCC/ARM_CM3/port.o
                0x0000000008008410                vPortValidateInterruptPriority
 .text.pvPortMalloc
                0x000000000800848c      0x188 ./Middlewares/Third_Party/FreeRTOS/Source/portable/MemMang/heap_4.o
                0x000000000800848c                pvPortMalloc
 .text.vPortFree
                0x0000000008008614       0xb4 ./Middlewares/Third_Party/FreeRTOS/Source/portable/MemMang/heap_4.o
                0x0000000008008614                vPortFree
 .text.prvHeapInit
                0x00000000080086c8       0xc4 ./Middlewares/Third_Party/FreeRTOS/Source/portable/MemMang/heap_4.o
 .text.prvInsertBlockIntoFreeList
                0x000000000800878c       0xb0 ./Middlewares/Third_Party/FreeRTOS/Source/portable/MemMang/heap_4.o
 .text.Float2Byte
                0x000000000800883c       0xac ./plane/nclink.o
                0x000000000800883c                Float2Byte
 .text.Byte2Float
                0x00000000080088e8       0x5c ./plane/nclink.o
                0x00000000080088e8                Byte2Float
 .text.NCLink_Data_Prase_Prepare_gh
                0x0000000008008944      0x104 ./plane/nclink.o
                0x0000000008008944                NCLink_Data_Prase_Prepare_gh
 .text.process_gh
                0x0000000008008a48      0x10c ./plane/nclink.o
                0x0000000008008a48                process_gh
 .text.__cvt    0x0000000008008b54       0xbe D:/workapp/STM32CubeIDE_1.13.2/STM32CubeIDE/plugins/com.st.stm32cube.ide.mcu.externaltools.gnu-tools-for-stm32.11.3.rel1.win32_1.1.1.202309131626/tools/bin/../lib/gcc/arm-none-eabi/11.3.1/../../../../arm-none-eabi/lib/thumb/v7-m/nofp\libc_nano.a(libc_a-nano-vfprintf_float.o)
                0x0000000008008b54                __cvt
 .text.__exponent
                0x0000000008008c12       0x7a D:/workapp/STM32CubeIDE_1.13.2/STM32CubeIDE/plugins/com.st.stm32cube.ide.mcu.externaltools.gnu-tools-for-stm32.11.3.rel1.win32_1.1.1.202309131626/tools/bin/../lib/gcc/arm-none-eabi/11.3.1/../../../../arm-none-eabi/lib/thumb/v7-m/nofp\libc_nano.a(libc_a-nano-vfprintf_float.o)
                0x0000000008008c12                __exponent
 .text._printf_float
                0x0000000008008c8c      0x45c D:/workapp/STM32CubeIDE_1.13.2/STM32CubeIDE/plugins/com.st.stm32cube.ide.mcu.externaltools.gnu-tools-for-stm32.11.3.rel1.win32_1.1.1.202309131626/tools/bin/../lib/gcc/arm-none-eabi/11.3.1/../../../../arm-none-eabi/lib/thumb/v7-m/nofp\libc_nano.a(libc_a-nano-vfprintf_float.o)
                0x0000000008008c8c                _printf_float
 .text._printf_common
                0x00000000080090e8       0xe4 D:/workapp/STM32CubeIDE_1.13.2/STM32CubeIDE/plugins/com.st.stm32cube.ide.mcu.externaltools.gnu-tools-for-stm32.11.3.rel1.win32_1.1.1.202309131626/tools/bin/../lib/gcc/arm-none-eabi/11.3.1/../../../../arm-none-eabi/lib/thumb/v7-m/nofp\libc_nano.a(libc_a-nano-vfprintf_i.o)
                0x00000000080090e8                _printf_common
 .text._printf_i
                0x00000000080091cc      0x244 D:/workapp/STM32CubeIDE_1.13.2/STM32CubeIDE/plugins/com.st.stm32cube.ide.mcu.externaltools.gnu-tools-for-stm32.11.3.rel1.win32_1.1.1.202309131626/tools/bin/../lib/gcc/arm-none-eabi/11.3.1/../../../../arm-none-eabi/lib/thumb/v7-m/nofp\libc_nano.a(libc_a-nano-vfprintf_i.o)
                0x00000000080091cc                _printf_i
 .text.std      0x0000000008009410       0x6c D:/workapp/STM32CubeIDE_1.13.2/STM32CubeIDE/plugins/com.st.stm32cube.ide.mcu.externaltools.gnu-tools-for-stm32.11.3.rel1.win32_1.1.1.202309131626/tools/bin/../lib/gcc/arm-none-eabi/11.3.1/../../../../arm-none-eabi/lib/thumb/v7-m/nofp\libc_nano.a(libc_a-findfp.o)
 .text.stdio_exit_handler
                0x000000000800947c       0x18 D:/workapp/STM32CubeIDE_1.13.2/STM32CubeIDE/plugins/com.st.stm32cube.ide.mcu.externaltools.gnu-tools-for-stm32.11.3.rel1.win32_1.1.1.202309131626/tools/bin/../lib/gcc/arm-none-eabi/11.3.1/../../../../arm-none-eabi/lib/thumb/v7-m/nofp\libc_nano.a(libc_a-findfp.o)
 .text.cleanup_stdio
                0x0000000008009494       0x40 D:/workapp/STM32CubeIDE_1.13.2/STM32CubeIDE/plugins/com.st.stm32cube.ide.mcu.externaltools.gnu-tools-for-stm32.11.3.rel1.win32_1.1.1.202309131626/tools/bin/../lib/gcc/arm-none-eabi/11.3.1/../../../../arm-none-eabi/lib/thumb/v7-m/nofp\libc_nano.a(libc_a-findfp.o)
 .text.global_stdio_init.part.0
                0x00000000080094d4       0x3c D:/workapp/STM32CubeIDE_1.13.2/STM32CubeIDE/plugins/com.st.stm32cube.ide.mcu.externaltools.gnu-tools-for-stm32.11.3.rel1.win32_1.1.1.202309131626/tools/bin/../lib/gcc/arm-none-eabi/11.3.1/../../../../arm-none-eabi/lib/thumb/v7-m/nofp\libc_nano.a(libc_a-findfp.o)
 .text.__sfp_lock_acquire
                0x0000000008009510        0xc D:/workapp/STM32CubeIDE_1.13.2/STM32CubeIDE/plugins/com.st.stm32cube.ide.mcu.externaltools.gnu-tools-for-stm32.11.3.rel1.win32_1.1.1.202309131626/tools/bin/../lib/gcc/arm-none-eabi/11.3.1/../../../../arm-none-eabi/lib/thumb/v7-m/nofp\libc_nano.a(libc_a-findfp.o)
                0x0000000008009510                __sfp_lock_acquire
 .text.__sfp_lock_release
                0x000000000800951c        0xc D:/workapp/STM32CubeIDE_1.13.2/STM32CubeIDE/plugins/com.st.stm32cube.ide.mcu.externaltools.gnu-tools-for-stm32.11.3.rel1.win32_1.1.1.202309131626/tools/bin/../lib/gcc/arm-none-eabi/11.3.1/../../../../arm-none-eabi/lib/thumb/v7-m/nofp\libc_nano.a(libc_a-findfp.o)
                0x000000000800951c                __sfp_lock_release
 .text.__sinit  0x0000000008009528       0x30 D:/workapp/STM32CubeIDE_1.13.2/STM32CubeIDE/plugins/com.st.stm32cube.ide.mcu.externaltools.gnu-tools-for-stm32.11.3.rel1.win32_1.1.1.202309131626/tools/bin/../lib/gcc/arm-none-eabi/11.3.1/../../../../arm-none-eabi/lib/thumb/v7-m/nofp\libc_nano.a(libc_a-findfp.o)
                0x0000000008009528                __sinit
 .text._fwalk_sglue
                0x0000000008009558       0x3c D:/workapp/STM32CubeIDE_1.13.2/STM32CubeIDE/plugins/com.st.stm32cube.ide.mcu.externaltools.gnu-tools-for-stm32.11.3.rel1.win32_1.1.1.202309131626/tools/bin/../lib/gcc/arm-none-eabi/11.3.1/../../../../arm-none-eabi/lib/thumb/v7-m/nofp\libc_nano.a(libc_a-fwalk.o)
                0x0000000008009558                _fwalk_sglue
 .text._puts_r  0x0000000008009594       0xa8 D:/workapp/STM32CubeIDE_1.13.2/STM32CubeIDE/plugins/com.st.stm32cube.ide.mcu.externaltools.gnu-tools-for-stm32.11.3.rel1.win32_1.1.1.202309131626/tools/bin/../lib/gcc/arm-none-eabi/11.3.1/../../../../arm-none-eabi/lib/thumb/v7-m/nofp\libc_nano.a(libc_a-puts.o)
                0x0000000008009594                _puts_r
 .text.puts     0x000000000800963c       0x10 D:/workapp/STM32CubeIDE_1.13.2/STM32CubeIDE/plugins/com.st.stm32cube.ide.mcu.externaltools.gnu-tools-for-stm32.11.3.rel1.win32_1.1.1.202309131626/tools/bin/../lib/gcc/arm-none-eabi/11.3.1/../../../../arm-none-eabi/lib/thumb/v7-m/nofp\libc_nano.a(libc_a-puts.o)
                0x000000000800963c                puts
 .text.__sread  0x000000000800964c       0x22 D:/workapp/STM32CubeIDE_1.13.2/STM32CubeIDE/plugins/com.st.stm32cube.ide.mcu.externaltools.gnu-tools-for-stm32.11.3.rel1.win32_1.1.1.202309131626/tools/bin/../lib/gcc/arm-none-eabi/11.3.1/../../../../arm-none-eabi/lib/thumb/v7-m/nofp\libc_nano.a(libc_a-stdio.o)
                0x000000000800964c                __sread
 .text.__swrite
                0x000000000800966e       0x38 D:/workapp/STM32CubeIDE_1.13.2/STM32CubeIDE/plugins/com.st.stm32cube.ide.mcu.externaltools.gnu-tools-for-stm32.11.3.rel1.win32_1.1.1.202309131626/tools/bin/../lib/gcc/arm-none-eabi/11.3.1/../../../../arm-none-eabi/lib/thumb/v7-m/nofp\libc_nano.a(libc_a-stdio.o)
                0x000000000800966e                __swrite
 .text.__sseek  0x00000000080096a6       0x24 D:/workapp/STM32CubeIDE_1.13.2/STM32CubeIDE/plugins/com.st.stm32cube.ide.mcu.externaltools.gnu-tools-for-stm32.11.3.rel1.win32_1.1.1.202309131626/tools/bin/../lib/gcc/arm-none-eabi/11.3.1/../../../../arm-none-eabi/lib/thumb/v7-m/nofp\libc_nano.a(libc_a-stdio.o)
                0x00000000080096a6                __sseek
 .text.__sclose
                0x00000000080096ca        0x8 D:/workapp/STM32CubeIDE_1.13.2/STM32CubeIDE/plugins/com.st.stm32cube.ide.mcu.externaltools.gnu-tools-for-stm32.11.3.rel1.win32_1.1.1.202309131626/tools/bin/../lib/gcc/arm-none-eabi/11.3.1/../../../../arm-none-eabi/lib/thumb/v7-m/nofp\libc_nano.a(libc_a-stdio.o)
                0x00000000080096ca                __sclose
 .text._vsnprintf_r
                0x00000000080096d2       0x56 D:/workapp/STM32CubeIDE_1.13.2/STM32CubeIDE/plugins/com.st.stm32cube.ide.mcu.externaltools.gnu-tools-for-stm32.11.3.rel1.win32_1.1.1.202309131626/tools/bin/../lib/gcc/arm-none-eabi/11.3.1/../../../../arm-none-eabi/lib/thumb/v7-m/nofp\libc_nano.a(libc_a-vsnprintf.o)
                0x00000000080096d2                _vsniprintf_r
                0x00000000080096d2                _vsnprintf_r
 .text.vsnprintf
                0x0000000008009728       0x1c D:/workapp/STM32CubeIDE_1.13.2/STM32CubeIDE/plugins/com.st.stm32cube.ide.mcu.externaltools.gnu-tools-for-stm32.11.3.rel1.win32_1.1.1.202309131626/tools/bin/../lib/gcc/arm-none-eabi/11.3.1/../../../../arm-none-eabi/lib/thumb/v7-m/nofp\libc_nano.a(libc_a-vsnprintf.o)
                0x0000000008009728                vsniprintf
                0x0000000008009728                vsnprintf
 .text.__swbuf_r
                0x0000000008009744       0x7a D:/workapp/STM32CubeIDE_1.13.2/STM32CubeIDE/plugins/com.st.stm32cube.ide.mcu.externaltools.gnu-tools-for-stm32.11.3.rel1.win32_1.1.1.202309131626/tools/bin/../lib/gcc/arm-none-eabi/11.3.1/../../../../arm-none-eabi/lib/thumb/v7-m/nofp\libc_nano.a(libc_a-wbuf.o)
                0x0000000008009744                __swbuf_r
 *fill*         0x00000000080097be        0x2 
 .text.__swsetup_r
                0x00000000080097c0       0xb0 D:/workapp/STM32CubeIDE_1.13.2/STM32CubeIDE/plugins/com.st.stm32cube.ide.mcu.externaltools.gnu-tools-for-stm32.11.3.rel1.win32_1.1.1.202309131626/tools/bin/../lib/gcc/arm-none-eabi/11.3.1/../../../../arm-none-eabi/lib/thumb/v7-m/nofp\libc_nano.a(libc_a-wsetup.o)
                0x00000000080097c0                __swsetup_r
 .text.memset   0x0000000008009870       0x10 D:/workapp/STM32CubeIDE_1.13.2/STM32CubeIDE/plugins/com.st.stm32cube.ide.mcu.externaltools.gnu-tools-for-stm32.11.3.rel1.win32_1.1.1.202309131626/tools/bin/../lib/gcc/arm-none-eabi/11.3.1/../../../../arm-none-eabi/lib/thumb/v7-m/nofp\libc_nano.a(libc_a-memset.o)
                0x0000000008009870                memset
 .text._localeconv_r
                0x0000000008009880        0x8 D:/workapp/STM32CubeIDE_1.13.2/STM32CubeIDE/plugins/com.st.stm32cube.ide.mcu.externaltools.gnu-tools-for-stm32.11.3.rel1.win32_1.1.1.202309131626/tools/bin/../lib/gcc/arm-none-eabi/11.3.1/../../../../arm-none-eabi/lib/thumb/v7-m/nofp\libc_nano.a(libc_a-localeconv.o)
                0x0000000008009880                _localeconv_r
 .text._close_r
                0x0000000008009888       0x20 D:/workapp/STM32CubeIDE_1.13.2/STM32CubeIDE/plugins/com.st.stm32cube.ide.mcu.externaltools.gnu-tools-for-stm32.11.3.rel1.win32_1.1.1.202309131626/tools/bin/../lib/gcc/arm-none-eabi/11.3.1/../../../../arm-none-eabi/lib/thumb/v7-m/nofp\libc_nano.a(libc_a-closer.o)
                0x0000000008009888                _close_r
 .text._reclaim_reent
                0x00000000080098a8       0xac D:/workapp/STM32CubeIDE_1.13.2/STM32CubeIDE/plugins/com.st.stm32cube.ide.mcu.externaltools.gnu-tools-for-stm32.11.3.rel1.win32_1.1.1.202309131626/tools/bin/../lib/gcc/arm-none-eabi/11.3.1/../../../../arm-none-eabi/lib/thumb/v7-m/nofp\libc_nano.a(libc_a-reent.o)
                0x00000000080098a8                _reclaim_reent
 .text._lseek_r
                0x0000000008009954       0x24 D:/workapp/STM32CubeIDE_1.13.2/STM32CubeIDE/plugins/com.st.stm32cube.ide.mcu.externaltools.gnu-tools-for-stm32.11.3.rel1.win32_1.1.1.202309131626/tools/bin/../lib/gcc/arm-none-eabi/11.3.1/../../../../arm-none-eabi/lib/thumb/v7-m/nofp\libc_nano.a(libc_a-lseekr.o)
                0x0000000008009954                _lseek_r
 .text._read_r  0x0000000008009978       0x24 D:/workapp/STM32CubeIDE_1.13.2/STM32CubeIDE/plugins/com.st.stm32cube.ide.mcu.externaltools.gnu-tools-for-stm32.11.3.rel1.win32_1.1.1.202309131626/tools/bin/../lib/gcc/arm-none-eabi/11.3.1/../../../../arm-none-eabi/lib/thumb/v7-m/nofp\libc_nano.a(libc_a-readr.o)
                0x0000000008009978                _read_r
 .text._write_r
                0x000000000800999c       0x24 D:/workapp/STM32CubeIDE_1.13.2/STM32CubeIDE/plugins/com.st.stm32cube.ide.mcu.externaltools.gnu-tools-for-stm32.11.3.rel1.win32_1.1.1.202309131626/tools/bin/../lib/gcc/arm-none-eabi/11.3.1/../../../../arm-none-eabi/lib/thumb/v7-m/nofp\libc_nano.a(libc_a-writer.o)
                0x000000000800999c                _write_r
 .text.__errno  0x00000000080099c0        0xc D:/workapp/STM32CubeIDE_1.13.2/STM32CubeIDE/plugins/com.st.stm32cube.ide.mcu.externaltools.gnu-tools-for-stm32.11.3.rel1.win32_1.1.1.202309131626/tools/bin/../lib/gcc/arm-none-eabi/11.3.1/../../../../arm-none-eabi/lib/thumb/v7-m/nofp\libc_nano.a(libc_a-errno.o)
                0x00000000080099c0                __errno
 .text.__libc_init_array
                0x00000000080099cc       0x48 D:/workapp/STM32CubeIDE_1.13.2/STM32CubeIDE/plugins/com.st.stm32cube.ide.mcu.externaltools.gnu-tools-for-stm32.11.3.rel1.win32_1.1.1.202309131626/tools/bin/../lib/gcc/arm-none-eabi/11.3.1/../../../../arm-none-eabi/lib/thumb/v7-m/nofp\libc_nano.a(libc_a-init.o)
                0x00000000080099cc                __libc_init_array
 .text.__retarget_lock_init_recursive
                0x0000000008009a14        0x2 D:/workapp/STM32CubeIDE_1.13.2/STM32CubeIDE/plugins/com.st.stm32cube.ide.mcu.externaltools.gnu-tools-for-stm32.11.3.rel1.win32_1.1.1.202309131626/tools/bin/../lib/gcc/arm-none-eabi/11.3.1/../../../../arm-none-eabi/lib/thumb/v7-m/nofp\libc_nano.a(libc_a-lock.o)
                0x0000000008009a14                __retarget_lock_init_recursive
 .text.__retarget_lock_acquire_recursive
                0x0000000008009a16        0x2 D:/workapp/STM32CubeIDE_1.13.2/STM32CubeIDE/plugins/com.st.stm32cube.ide.mcu.externaltools.gnu-tools-for-stm32.11.3.rel1.win32_1.1.1.202309131626/tools/bin/../lib/gcc/arm-none-eabi/11.3.1/../../../../arm-none-eabi/lib/thumb/v7-m/nofp\libc_nano.a(libc_a-lock.o)
                0x0000000008009a16                __retarget_lock_acquire_recursive
 .text.__retarget_lock_release_recursive
                0x0000000008009a18        0x2 D:/workapp/STM32CubeIDE_1.13.2/STM32CubeIDE/plugins/com.st.stm32cube.ide.mcu.externaltools.gnu-tools-for-stm32.11.3.rel1.win32_1.1.1.202309131626/tools/bin/../lib/gcc/arm-none-eabi/11.3.1/../../../../arm-none-eabi/lib/thumb/v7-m/nofp\libc_nano.a(libc_a-lock.o)
                0x0000000008009a18                __retarget_lock_release_recursive
 .text.memchr   0x0000000008009a1a       0x1c D:/workapp/STM32CubeIDE_1.13.2/STM32CubeIDE/plugins/com.st.stm32cube.ide.mcu.externaltools.gnu-tools-for-stm32.11.3.rel1.win32_1.1.1.202309131626/tools/bin/../lib/gcc/arm-none-eabi/11.3.1/../../../../arm-none-eabi/lib/thumb/v7-m/nofp\libc_nano.a(libc_a-memchr-stub.o)
                0x0000000008009a1a                memchr
 .text.memcpy   0x0000000008009a36       0x1c D:/workapp/STM32CubeIDE_1.13.2/STM32CubeIDE/plugins/com.st.stm32cube.ide.mcu.externaltools.gnu-tools-for-stm32.11.3.rel1.win32_1.1.1.202309131626/tools/bin/../lib/gcc/arm-none-eabi/11.3.1/../../../../arm-none-eabi/lib/thumb/v7-m/nofp\libc_nano.a(libc_a-memcpy-stub.o)
                0x0000000008009a36                memcpy
 .text.quorem   0x0000000008009a52      0x112 D:/workapp/STM32CubeIDE_1.13.2/STM32CubeIDE/plugins/com.st.stm32cube.ide.mcu.externaltools.gnu-tools-for-stm32.11.3.rel1.win32_1.1.1.202309131626/tools/bin/../lib/gcc/arm-none-eabi/11.3.1/../../../../arm-none-eabi/lib/thumb/v7-m/nofp\libc_nano.a(libc_a-dtoa.o)
 *fill*         0x0000000008009b64        0x4 
 .text._dtoa_r  0x0000000008009b68      0xbc8 D:/workapp/STM32CubeIDE_1.13.2/STM32CubeIDE/plugins/com.st.stm32cube.ide.mcu.externaltools.gnu-tools-for-stm32.11.3.rel1.win32_1.1.1.202309131626/tools/bin/../lib/gcc/arm-none-eabi/11.3.1/../../../../arm-none-eabi/lib/thumb/v7-m/nofp\libc_nano.a(libc_a-dtoa.o)
                0x0000000008009b68                _dtoa_r
 .text._free_r  0x000000000800a730       0x90 D:/workapp/STM32CubeIDE_1.13.2/STM32CubeIDE/plugins/com.st.stm32cube.ide.mcu.externaltools.gnu-tools-for-stm32.11.3.rel1.win32_1.1.1.202309131626/tools/bin/../lib/gcc/arm-none-eabi/11.3.1/../../../../arm-none-eabi/lib/thumb/v7-m/nofp\libc_nano.a(libc_a-freer.o)
                0x000000000800a730                _free_r
 .text.malloc   0x000000000800a7c0       0x10 D:/workapp/STM32CubeIDE_1.13.2/STM32CubeIDE/plugins/com.st.stm32cube.ide.mcu.externaltools.gnu-tools-for-stm32.11.3.rel1.win32_1.1.1.202309131626/tools/bin/../lib/gcc/arm-none-eabi/11.3.1/../../../../arm-none-eabi/lib/thumb/v7-m/nofp\libc_nano.a(libc_a-malloc.o)
                0x000000000800a7c0                malloc
 .text.sbrk_aligned
                0x000000000800a7d0       0x40 D:/workapp/STM32CubeIDE_1.13.2/STM32CubeIDE/plugins/com.st.stm32cube.ide.mcu.externaltools.gnu-tools-for-stm32.11.3.rel1.win32_1.1.1.202309131626/tools/bin/../lib/gcc/arm-none-eabi/11.3.1/../../../../arm-none-eabi/lib/thumb/v7-m/nofp\libc_nano.a(libc_a-mallocr.o)
 .text._malloc_r
                0x000000000800a810      0x100 D:/workapp/STM32CubeIDE_1.13.2/STM32CubeIDE/plugins/com.st.stm32cube.ide.mcu.externaltools.gnu-tools-for-stm32.11.3.rel1.win32_1.1.1.202309131626/tools/bin/../lib/gcc/arm-none-eabi/11.3.1/../../../../arm-none-eabi/lib/thumb/v7-m/nofp\libc_nano.a(libc_a-mallocr.o)
                0x000000000800a810                _malloc_r
 .text.__malloc_lock
                0x000000000800a910        0xc D:/workapp/STM32CubeIDE_1.13.2/STM32CubeIDE/plugins/com.st.stm32cube.ide.mcu.externaltools.gnu-tools-for-stm32.11.3.rel1.win32_1.1.1.202309131626/tools/bin/../lib/gcc/arm-none-eabi/11.3.1/../../../../arm-none-eabi/lib/thumb/v7-m/nofp\libc_nano.a(libc_a-mlock.o)
                0x000000000800a910                __malloc_lock
 .text.__malloc_unlock
                0x000000000800a91c        0xc D:/workapp/STM32CubeIDE_1.13.2/STM32CubeIDE/plugins/com.st.stm32cube.ide.mcu.externaltools.gnu-tools-for-stm32.11.3.rel1.win32_1.1.1.202309131626/tools/bin/../lib/gcc/arm-none-eabi/11.3.1/../../../../arm-none-eabi/lib/thumb/v7-m/nofp\libc_nano.a(libc_a-mlock.o)
                0x000000000800a91c                __malloc_unlock
 .text._Balloc  0x000000000800a928       0x80 D:/workapp/STM32CubeIDE_1.13.2/STM32CubeIDE/plugins/com.st.stm32cube.ide.mcu.externaltools.gnu-tools-for-stm32.11.3.rel1.win32_1.1.1.202309131626/tools/bin/../lib/gcc/arm-none-eabi/11.3.1/../../../../arm-none-eabi/lib/thumb/v7-m/nofp\libc_nano.a(libc_a-mprec.o)
                0x000000000800a928                _Balloc
 .text._Bfree   0x000000000800a9a8       0x44 D:/workapp/STM32CubeIDE_1.13.2/STM32CubeIDE/plugins/com.st.stm32cube.ide.mcu.externaltools.gnu-tools-for-stm32.11.3.rel1.win32_1.1.1.202309131626/tools/bin/../lib/gcc/arm-none-eabi/11.3.1/../../../../arm-none-eabi/lib/thumb/v7-m/nofp\libc_nano.a(libc_a-mprec.o)
                0x000000000800a9a8                _Bfree
 .text.__multadd
                0x000000000800a9ec       0x8c D:/workapp/STM32CubeIDE_1.13.2/STM32CubeIDE/plugins/com.st.stm32cube.ide.mcu.externaltools.gnu-tools-for-stm32.11.3.rel1.win32_1.1.1.202309131626/tools/bin/../lib/gcc/arm-none-eabi/11.3.1/../../../../arm-none-eabi/lib/thumb/v7-m/nofp\libc_nano.a(libc_a-mprec.o)
                0x000000000800a9ec                __multadd
 .text.__hi0bits
                0x000000000800aa78       0x40 D:/workapp/STM32CubeIDE_1.13.2/STM32CubeIDE/plugins/com.st.stm32cube.ide.mcu.externaltools.gnu-tools-for-stm32.11.3.rel1.win32_1.1.1.202309131626/tools/bin/../lib/gcc/arm-none-eabi/11.3.1/../../../../arm-none-eabi/lib/thumb/v7-m/nofp\libc_nano.a(libc_a-mprec.o)
                0x000000000800aa78                __hi0bits
 .text.__lo0bits
                0x000000000800aab8       0x5a D:/workapp/STM32CubeIDE_1.13.2/STM32CubeIDE/plugins/com.st.stm32cube.ide.mcu.externaltools.gnu-tools-for-stm32.11.3.rel1.win32_1.1.1.202309131626/tools/bin/../lib/gcc/arm-none-eabi/11.3.1/../../../../arm-none-eabi/lib/thumb/v7-m/nofp\libc_nano.a(libc_a-mprec.o)
                0x000000000800aab8                __lo0bits
 *fill*         0x000000000800ab12        0x2 
 .text.__i2b    0x000000000800ab14       0x2c D:/workapp/STM32CubeIDE_1.13.2/STM32CubeIDE/plugins/com.st.stm32cube.ide.mcu.externaltools.gnu-tools-for-stm32.11.3.rel1.win32_1.1.1.202309131626/tools/bin/../lib/gcc/arm-none-eabi/11.3.1/../../../../arm-none-eabi/lib/thumb/v7-m/nofp\libc_nano.a(libc_a-mprec.o)
                0x000000000800ab14                __i2b
 .text.__multiply
                0x000000000800ab40      0x150 D:/workapp/STM32CubeIDE_1.13.2/STM32CubeIDE/plugins/com.st.stm32cube.ide.mcu.externaltools.gnu-tools-for-stm32.11.3.rel1.win32_1.1.1.202309131626/tools/bin/../lib/gcc/arm-none-eabi/11.3.1/../../../../arm-none-eabi/lib/thumb/v7-m/nofp\libc_nano.a(libc_a-mprec.o)
                0x000000000800ab40                __multiply
 .text.__pow5mult
                0x000000000800ac90       0xb4 D:/workapp/STM32CubeIDE_1.13.2/STM32CubeIDE/plugins/com.st.stm32cube.ide.mcu.externaltools.gnu-tools-for-stm32.11.3.rel1.win32_1.1.1.202309131626/tools/bin/../lib/gcc/arm-none-eabi/11.3.1/../../../../arm-none-eabi/lib/thumb/v7-m/nofp\libc_nano.a(libc_a-mprec.o)
                0x000000000800ac90                __pow5mult
 .text.__lshift
                0x000000000800ad44       0xd8 D:/workapp/STM32CubeIDE_1.13.2/STM32CubeIDE/plugins/com.st.stm32cube.ide.mcu.externaltools.gnu-tools-for-stm32.11.3.rel1.win32_1.1.1.202309131626/tools/bin/../lib/gcc/arm-none-eabi/11.3.1/../../../../arm-none-eabi/lib/thumb/v7-m/nofp\libc_nano.a(libc_a-mprec.o)
                0x000000000800ad44                __lshift
 .text.__mcmp   0x000000000800ae1c       0x36 D:/workapp/STM32CubeIDE_1.13.2/STM32CubeIDE/plugins/com.st.stm32cube.ide.mcu.externaltools.gnu-tools-for-stm32.11.3.rel1.win32_1.1.1.202309131626/tools/bin/../lib/gcc/arm-none-eabi/11.3.1/../../../../arm-none-eabi/lib/thumb/v7-m/nofp\libc_nano.a(libc_a-mprec.o)
                0x000000000800ae1c                __mcmp
 *fill*         0x000000000800ae52        0x2 
 .text.__mdiff  0x000000000800ae54      0x118 D:/workapp/STM32CubeIDE_1.13.2/STM32CubeIDE/plugins/com.st.stm32cube.ide.mcu.externaltools.gnu-tools-for-stm32.11.3.rel1.win32_1.1.1.202309131626/tools/bin/../lib/gcc/arm-none-eabi/11.3.1/../../../../arm-none-eabi/lib/thumb/v7-m/nofp\libc_nano.a(libc_a-mprec.o)
                0x000000000800ae54                __mdiff
 .text.__d2b    0x000000000800af6c       0xac D:/workapp/STM32CubeIDE_1.13.2/STM32CubeIDE/plugins/com.st.stm32cube.ide.mcu.externaltools.gnu-tools-for-stm32.11.3.rel1.win32_1.1.1.202309131626/tools/bin/../lib/gcc/arm-none-eabi/11.3.1/../../../../arm-none-eabi/lib/thumb/v7-m/nofp\libc_nano.a(libc_a-mprec.o)
                0x000000000800af6c                __d2b
 .text.__ssputs_r
                0x000000000800b018       0xb4 D:/workapp/STM32CubeIDE_1.13.2/STM32CubeIDE/plugins/com.st.stm32cube.ide.mcu.externaltools.gnu-tools-for-stm32.11.3.rel1.win32_1.1.1.202309131626/tools/bin/../lib/gcc/arm-none-eabi/11.3.1/../../../../arm-none-eabi/lib/thumb/v7-m/nofp\libc_nano.a(libc_a-nano-svfprintf.o)
                0x000000000800b018                __ssputs_r
 .text._svfprintf_r
                0x000000000800b0cc      0x1fc D:/workapp/STM32CubeIDE_1.13.2/STM32CubeIDE/plugins/com.st.stm32cube.ide.mcu.externaltools.gnu-tools-for-stm32.11.3.rel1.win32_1.1.1.202309131626/tools/bin/../lib/gcc/arm-none-eabi/11.3.1/../../../../arm-none-eabi/lib/thumb/v7-m/nofp\libc_nano.a(libc_a-nano-svfprintf.o)
                0x000000000800b0cc                _svfiprintf_r
                0x000000000800b0cc                _svfprintf_r
 .text.__sfputc_r
                0x000000000800b2c8       0x2a D:/workapp/STM32CubeIDE_1.13.2/STM32CubeIDE/plugins/com.st.stm32cube.ide.mcu.externaltools.gnu-tools-for-stm32.11.3.rel1.win32_1.1.1.202309131626/tools/bin/../lib/gcc/arm-none-eabi/11.3.1/../../../../arm-none-eabi/lib/thumb/v7-m/nofp\libc_nano.a(libc_a-nano-vfprintf.o)
 .text.__sfputs_r
                0x000000000800b2f2       0x24 D:/workapp/STM32CubeIDE_1.13.2/STM32CubeIDE/plugins/com.st.stm32cube.ide.mcu.externaltools.gnu-tools-for-stm32.11.3.rel1.win32_1.1.1.202309131626/tools/bin/../lib/gcc/arm-none-eabi/11.3.1/../../../../arm-none-eabi/lib/thumb/v7-m/nofp\libc_nano.a(libc_a-nano-vfprintf.o)
                0x000000000800b2f2                __sfputs_r
 *fill*         0x000000000800b316        0x2 
 .text._vfprintf_r
                0x000000000800b318      0x234 D:/workapp/STM32CubeIDE_1.13.2/STM32CubeIDE/plugins/com.st.stm32cube.ide.mcu.externaltools.gnu-tools-for-stm32.11.3.rel1.win32_1.1.1.202309131626/tools/bin/../lib/gcc/arm-none-eabi/11.3.1/../../../../arm-none-eabi/lib/thumb/v7-m/nofp\libc_nano.a(libc_a-nano-vfprintf.o)
                0x000000000800b318                _vfprintf_r
                0x000000000800b318                _vfiprintf_r
 .text.__sflush_r
                0x000000000800b54c      0x104 D:/workapp/STM32CubeIDE_1.13.2/STM32CubeIDE/plugins/com.st.stm32cube.ide.mcu.externaltools.gnu-tools-for-stm32.11.3.rel1.win32_1.1.1.202309131626/tools/bin/../lib/gcc/arm-none-eabi/11.3.1/../../../../arm-none-eabi/lib/thumb/v7-m/nofp\libc_nano.a(libc_a-fflush.o)
                0x000000000800b54c                __sflush_r
 .text._fflush_r
                0x000000000800b650       0x50 D:/workapp/STM32CubeIDE_1.13.2/STM32CubeIDE/plugins/com.st.stm32cube.ide.mcu.externaltools.gnu-tools-for-stm32.11.3.rel1.win32_1.1.1.202309131626/tools/bin/../lib/gcc/arm-none-eabi/11.3.1/../../../../arm-none-eabi/lib/thumb/v7-m/nofp\libc_nano.a(libc_a-fflush.o)
                0x000000000800b650                _fflush_r
 .text.__swhatbuf_r
                0x000000000800b6a0       0x4a D:/workapp/STM32CubeIDE_1.13.2/STM32CubeIDE/plugins/com.st.stm32cube.ide.mcu.externaltools.gnu-tools-for-stm32.11.3.rel1.win32_1.1.1.202309131626/tools/bin/../lib/gcc/arm-none-eabi/11.3.1/../../../../arm-none-eabi/lib/thumb/v7-m/nofp\libc_nano.a(libc_a-makebuf.o)
                0x000000000800b6a0                __swhatbuf_r
 .text.__smakebuf_r
                0x000000000800b6ea       0x78 D:/workapp/STM32CubeIDE_1.13.2/STM32CubeIDE/plugins/com.st.stm32cube.ide.mcu.externaltools.gnu-tools-for-stm32.11.3.rel1.win32_1.1.1.202309131626/tools/bin/../lib/gcc/arm-none-eabi/11.3.1/../../../../arm-none-eabi/lib/thumb/v7-m/nofp\libc_nano.a(libc_a-makebuf.o)
                0x000000000800b6ea                __smakebuf_r
 .text.memmove  0x000000000800b762       0x34 D:/workapp/STM32CubeIDE_1.13.2/STM32CubeIDE/plugins/com.st.stm32cube.ide.mcu.externaltools.gnu-tools-for-stm32.11.3.rel1.win32_1.1.1.202309131626/tools/bin/../lib/gcc/arm-none-eabi/11.3.1/../../../../arm-none-eabi/lib/thumb/v7-m/nofp\libc_nano.a(libc_a-memmove.o)
                0x000000000800b762                memmove
 *fill*         0x000000000800b796        0x2 
 .text._fstat_r
                0x000000000800b798       0x24 D:/workapp/STM32CubeIDE_1.13.2/STM32CubeIDE/plugins/com.st.stm32cube.ide.mcu.externaltools.gnu-tools-for-stm32.11.3.rel1.win32_1.1.1.202309131626/tools/bin/../lib/gcc/arm-none-eabi/11.3.1/../../../../arm-none-eabi/lib/thumb/v7-m/nofp\libc_nano.a(libc_a-fstatr.o)
                0x000000000800b798                _fstat_r
 .text._isatty_r
                0x000000000800b7bc       0x20 D:/workapp/STM32CubeIDE_1.13.2/STM32CubeIDE/plugins/com.st.stm32cube.ide.mcu.externaltools.gnu-tools-for-stm32.11.3.rel1.win32_1.1.1.202309131626/tools/bin/../lib/gcc/arm-none-eabi/11.3.1/../../../../arm-none-eabi/lib/thumb/v7-m/nofp\libc_nano.a(libc_a-isattyr.o)
                0x000000000800b7bc                _isatty_r
 .text._sbrk_r  0x000000000800b7dc       0x20 D:/workapp/STM32CubeIDE_1.13.2/STM32CubeIDE/plugins/com.st.stm32cube.ide.mcu.externaltools.gnu-tools-for-stm32.11.3.rel1.win32_1.1.1.202309131626/tools/bin/../lib/gcc/arm-none-eabi/11.3.1/../../../../arm-none-eabi/lib/thumb/v7-m/nofp\libc_nano.a(libc_a-sbrkr.o)
                0x000000000800b7dc                _sbrk_r
 .text.__assert_func
                0x000000000800b7fc       0x3c D:/workapp/STM32CubeIDE_1.13.2/STM32CubeIDE/plugins/com.st.stm32cube.ide.mcu.externaltools.gnu-tools-for-stm32.11.3.rel1.win32_1.1.1.202309131626/tools/bin/../lib/gcc/arm-none-eabi/11.3.1/../../../../arm-none-eabi/lib/thumb/v7-m/nofp\libc_nano.a(libc_a-assert.o)
                0x000000000800b7fc                __assert_func
 .text._calloc_r
                0x000000000800b838       0x28 D:/workapp/STM32CubeIDE_1.13.2/STM32CubeIDE/plugins/com.st.stm32cube.ide.mcu.externaltools.gnu-tools-for-stm32.11.3.rel1.win32_1.1.1.202309131626/tools/bin/../lib/gcc/arm-none-eabi/11.3.1/../../../../arm-none-eabi/lib/thumb/v7-m/nofp\libc_nano.a(libc_a-callocr.o)
                0x000000000800b838                _calloc_r
 .text.__ascii_mbtowc
                0x000000000800b860       0x24 D:/workapp/STM32CubeIDE_1.13.2/STM32CubeIDE/plugins/com.st.stm32cube.ide.mcu.externaltools.gnu-tools-for-stm32.11.3.rel1.win32_1.1.1.202309131626/tools/bin/../lib/gcc/arm-none-eabi/11.3.1/../../../../arm-none-eabi/lib/thumb/v7-m/nofp\libc_nano.a(libc_a-mbtowc_r.o)
                0x000000000800b860                __ascii_mbtowc
 .text._realloc_r
                0x000000000800b884       0x5e D:/workapp/STM32CubeIDE_1.13.2/STM32CubeIDE/plugins/com.st.stm32cube.ide.mcu.externaltools.gnu-tools-for-stm32.11.3.rel1.win32_1.1.1.202309131626/tools/bin/../lib/gcc/arm-none-eabi/11.3.1/../../../../arm-none-eabi/lib/thumb/v7-m/nofp\libc_nano.a(libc_a-reallocr.o)
                0x000000000800b884                _realloc_r
 .text.__ascii_wctomb
                0x000000000800b8e2       0x1a D:/workapp/STM32CubeIDE_1.13.2/STM32CubeIDE/plugins/com.st.stm32cube.ide.mcu.externaltools.gnu-tools-for-stm32.11.3.rel1.win32_1.1.1.202309131626/tools/bin/../lib/gcc/arm-none-eabi/11.3.1/../../../../arm-none-eabi/lib/thumb/v7-m/nofp\libc_nano.a(libc_a-wctomb_r.o)
                0x000000000800b8e2                __ascii_wctomb
 .text.fprintf  0x000000000800b8fc       0x24 D:/workapp/STM32CubeIDE_1.13.2/STM32CubeIDE/plugins/com.st.stm32cube.ide.mcu.externaltools.gnu-tools-for-stm32.11.3.rel1.win32_1.1.1.202309131626/tools/bin/../lib/gcc/arm-none-eabi/11.3.1/../../../../arm-none-eabi/lib/thumb/v7-m/nofp\libc_nano.a(libc_a-fprintf.o)
                0x000000000800b8fc                fiprintf
                0x000000000800b8fc                fprintf
 .text.abort    0x000000000800b920        0xe D:/workapp/STM32CubeIDE_1.13.2/STM32CubeIDE/plugins/com.st.stm32cube.ide.mcu.externaltools.gnu-tools-for-stm32.11.3.rel1.win32_1.1.1.202309131626/tools/bin/../lib/gcc/arm-none-eabi/11.3.1/../../../../arm-none-eabi/lib/thumb/v7-m/nofp\libc_nano.a(libc_a-abort.o)
                0x000000000800b920                abort
 .text._malloc_usable_size_r
                0x000000000800b92e       0x10 D:/workapp/STM32CubeIDE_1.13.2/STM32CubeIDE/plugins/com.st.stm32cube.ide.mcu.externaltools.gnu-tools-for-stm32.11.3.rel1.win32_1.1.1.202309131626/tools/bin/../lib/gcc/arm-none-eabi/11.3.1/../../../../arm-none-eabi/lib/thumb/v7-m/nofp\libc_nano.a(libc_a-msizer.o)
                0x000000000800b92e                _malloc_usable_size_r
 .text._raise_r
                0x000000000800b93e       0x50 D:/workapp/STM32CubeIDE_1.13.2/STM32CubeIDE/plugins/com.st.stm32cube.ide.mcu.externaltools.gnu-tools-for-stm32.11.3.rel1.win32_1.1.1.202309131626/tools/bin/../lib/gcc/arm-none-eabi/11.3.1/../../../../arm-none-eabi/lib/thumb/v7-m/nofp\libc_nano.a(libc_a-signal.o)
                0x000000000800b93e                _raise_r
 *fill*         0x000000000800b98e        0x2 
 .text.raise    0x000000000800b990       0x10 D:/workapp/STM32CubeIDE_1.13.2/STM32CubeIDE/plugins/com.st.stm32cube.ide.mcu.externaltools.gnu-tools-for-stm32.11.3.rel1.win32_1.1.1.202309131626/tools/bin/../lib/gcc/arm-none-eabi/11.3.1/../../../../arm-none-eabi/lib/thumb/v7-m/nofp\libc_nano.a(libc_a-signal.o)
                0x000000000800b990                raise
 .text._kill_r  0x000000000800b9a0       0x24 D:/workapp/STM32CubeIDE_1.13.2/STM32CubeIDE/plugins/com.st.stm32cube.ide.mcu.externaltools.gnu-tools-for-stm32.11.3.rel1.win32_1.1.1.202309131626/tools/bin/../lib/gcc/arm-none-eabi/11.3.1/../../../../arm-none-eabi/lib/thumb/v7-m/nofp\libc_nano.a(libc_a-signalr.o)
                0x000000000800b9a0                _kill_r
 .text._getpid_r
                0x000000000800b9c4        0x4 D:/workapp/STM32CubeIDE_1.13.2/STM32CubeIDE/plugins/com.st.stm32cube.ide.mcu.externaltools.gnu-tools-for-stm32.11.3.rel1.win32_1.1.1.202309131626/tools/bin/../lib/gcc/arm-none-eabi/11.3.1/../../../../arm-none-eabi/lib/thumb/v7-m/nofp\libc_nano.a(libc_a-signalr.o)
                0x000000000800b9c4                _getpid_r
 *(.glue_7)
 .glue_7        0x000000000800b9c8        0x0 linker stubs
 *(.glue_7t)
 .glue_7t       0x000000000800b9c8        0x0 linker stubs
 *(.eh_frame)
 .eh_frame      0x000000000800b9c8        0x0 D:/workapp/STM32CubeIDE_1.13.2/STM32CubeIDE/plugins/com.st.stm32cube.ide.mcu.externaltools.gnu-tools-for-stm32.11.3.rel1.win32_1.1.1.202309131626/tools/bin/../lib/gcc/arm-none-eabi/11.3.1/thumb/v7-m/nofp/crtbegin.o
 *(.init)
 .init          0x000000000800b9c8        0x4 D:/workapp/STM32CubeIDE_1.13.2/STM32CubeIDE/plugins/com.st.stm32cube.ide.mcu.externaltools.gnu-tools-for-stm32.11.3.rel1.win32_1.1.1.202309131626/tools/bin/../lib/gcc/arm-none-eabi/11.3.1/thumb/v7-m/nofp/crti.o
                0x000000000800b9c8                _init
 .init          0x000000000800b9cc        0x8 D:/workapp/STM32CubeIDE_1.13.2/STM32CubeIDE/plugins/com.st.stm32cube.ide.mcu.externaltools.gnu-tools-for-stm32.11.3.rel1.win32_1.1.1.202309131626/tools/bin/../lib/gcc/arm-none-eabi/11.3.1/thumb/v7-m/nofp/crtn.o
 *(.fini)
 .fini          0x000000000800b9d4        0x4 D:/workapp/STM32CubeIDE_1.13.2/STM32CubeIDE/plugins/com.st.stm32cube.ide.mcu.externaltools.gnu-tools-for-stm32.11.3.rel1.win32_1.1.1.202309131626/tools/bin/../lib/gcc/arm-none-eabi/11.3.1/thumb/v7-m/nofp/crti.o
                0x000000000800b9d4                _fini
 .fini          0x000000000800b9d8        0x8 D:/workapp/STM32CubeIDE_1.13.2/STM32CubeIDE/plugins/com.st.stm32cube.ide.mcu.externaltools.gnu-tools-for-stm32.11.3.rel1.win32_1.1.1.202309131626/tools/bin/../lib/gcc/arm-none-eabi/11.3.1/thumb/v7-m/nofp/crtn.o
                0x000000000800b9e0                . = ALIGN (0x4)
                0x000000000800b9e0                _etext = .

.vfp11_veneer   0x000000000800b9e0        0x0
 .vfp11_veneer  0x000000000800b9e0        0x0 linker stubs

.v4_bx          0x000000000800b9e0        0x0
 .v4_bx         0x000000000800b9e0        0x0 linker stubs

.iplt           0x000000000800b9e0        0x0
 .iplt          0x000000000800b9e0        0x0 D:/workapp/STM32CubeIDE_1.13.2/STM32CubeIDE/plugins/com.st.stm32cube.ide.mcu.externaltools.gnu-tools-for-stm32.11.3.rel1.win32_1.1.1.202309131626/tools/bin/../lib/gcc/arm-none-eabi/11.3.1/thumb/v7-m/nofp/crtbegin.o

.rodata         0x000000000800b9e0      0x52c
                0x000000000800b9e0                . = ALIGN (0x4)
 *(.rodata)
 .rodata        0x000000000800b9e0       0xb2 ./BSP/bsp_ds.o
 *fill*         0x000000000800ba92        0x2 
 .rodata        0x000000000800ba94       0x14 ./BSP/bsp_task.o
 .rodata        0x000000000800baa8       0x39 ./BSP/bsp_tjc.o
 *fill*         0x000000000800bae1        0x3 
 .rodata        0x000000000800bae4       0x88 ./Core/Src/freertos.o
 .rodata        0x000000000800bb6c       0x10 ./Drivers/STM32F1xx_HAL_Driver/Src/stm32f1xx_hal_rcc.o
 .rodata        0x000000000800bb7c        0x5 ./Middlewares/Third_Party/FreeRTOS/Source/tasks.o
 *(.rodata*)
 *fill*         0x000000000800bb81        0x3 
 .rodata.AHBPrescTable
                0x000000000800bb84       0x10 ./Core/Src/system_stm32f1xx.o
                0x000000000800bb84                AHBPrescTable
 .rodata.APBPrescTable
                0x000000000800bb94        0x8 ./Core/Src/system_stm32f1xx.o
                0x000000000800bb94                APBPrescTable
 .rodata._printf_float.str1.1
                0x000000000800bb9c       0x12 D:/workapp/STM32CubeIDE_1.13.2/STM32CubeIDE/plugins/com.st.stm32cube.ide.mcu.externaltools.gnu-tools-for-stm32.11.3.rel1.win32_1.1.1.202309131626/tools/bin/../lib/gcc/arm-none-eabi/11.3.1/../../../../arm-none-eabi/lib/thumb/v7-m/nofp\libc_nano.a(libc_a-nano-vfprintf_float.o)
 .rodata._printf_i.str1.1
                0x000000000800bbae       0x22 D:/workapp/STM32CubeIDE_1.13.2/STM32CubeIDE/plugins/com.st.stm32cube.ide.mcu.externaltools.gnu-tools-for-stm32.11.3.rel1.win32_1.1.1.202309131626/tools/bin/../lib/gcc/arm-none-eabi/11.3.1/../../../../arm-none-eabi/lib/thumb/v7-m/nofp\libc_nano.a(libc_a-nano-vfprintf_i.o)
 .rodata._dtoa_r.str1.1
                0x000000000800bbd0       0x8d D:/workapp/STM32CubeIDE_1.13.2/STM32CubeIDE/plugins/com.st.stm32cube.ide.mcu.externaltools.gnu-tools-for-stm32.11.3.rel1.win32_1.1.1.202309131626/tools/bin/../lib/gcc/arm-none-eabi/11.3.1/../../../../arm-none-eabi/lib/thumb/v7-m/nofp\libc_nano.a(libc_a-dtoa.o)
                                         0x8f (size before relaxing)
 .rodata._Balloc.str1.1
                0x000000000800bc5d       0x59 D:/workapp/STM32CubeIDE_1.13.2/STM32CubeIDE/plugins/com.st.stm32cube.ide.mcu.externaltools.gnu-tools-for-stm32.11.3.rel1.win32_1.1.1.202309131626/tools/bin/../lib/gcc/arm-none-eabi/11.3.1/../../../../arm-none-eabi/lib/thumb/v7-m/nofp\libc_nano.a(libc_a-mprec.o)
                                         0x70 (size before relaxing)
 .rodata.__multadd.str1.1
                0x000000000800bcb6       0x11 D:/workapp/STM32CubeIDE_1.13.2/STM32CubeIDE/plugins/com.st.stm32cube.ide.mcu.externaltools.gnu-tools-for-stm32.11.3.rel1.win32_1.1.1.202309131626/tools/bin/../lib/gcc/arm-none-eabi/11.3.1/../../../../arm-none-eabi/lib/thumb/v7-m/nofp\libc_nano.a(libc_a-mprec.o)
 *fill*         0x000000000800bcb6        0x2 
 .rodata.__mprec_bigtens
                0x000000000800bcb8       0x28 D:/workapp/STM32CubeIDE_1.13.2/STM32CubeIDE/plugins/com.st.stm32cube.ide.mcu.externaltools.gnu-tools-for-stm32.11.3.rel1.win32_1.1.1.202309131626/tools/bin/../lib/gcc/arm-none-eabi/11.3.1/../../../../arm-none-eabi/lib/thumb/v7-m/nofp\libc_nano.a(libc_a-mprec.o)
                0x000000000800bcb8                __mprec_bigtens
 .rodata.__mprec_tens
                0x000000000800bce0       0xc8 D:/workapp/STM32CubeIDE_1.13.2/STM32CubeIDE/plugins/com.st.stm32cube.ide.mcu.externaltools.gnu-tools-for-stm32.11.3.rel1.win32_1.1.1.202309131626/tools/bin/../lib/gcc/arm-none-eabi/11.3.1/../../../../arm-none-eabi/lib/thumb/v7-m/nofp\libc_nano.a(libc_a-mprec.o)
                0x000000000800bce0                __mprec_tens
 .rodata.p05.0  0x000000000800bda8        0xc D:/workapp/STM32CubeIDE_1.13.2/STM32CubeIDE/plugins/com.st.stm32cube.ide.mcu.externaltools.gnu-tools-for-stm32.11.3.rel1.win32_1.1.1.202309131626/tools/bin/../lib/gcc/arm-none-eabi/11.3.1/../../../../arm-none-eabi/lib/thumb/v7-m/nofp\libc_nano.a(libc_a-mprec.o)
 .rodata._svfprintf_r.str1.1
                0x000000000800bdb4       0x11 D:/workapp/STM32CubeIDE_1.13.2/STM32CubeIDE/plugins/com.st.stm32cube.ide.mcu.externaltools.gnu-tools-for-stm32.11.3.rel1.win32_1.1.1.202309131626/tools/bin/../lib/gcc/arm-none-eabi/11.3.1/../../../../arm-none-eabi/lib/thumb/v7-m/nofp\libc_nano.a(libc_a-nano-svfprintf.o)
 .rodata._vfprintf_r.str1.1
                0x000000000800bdc5       0x11 D:/workapp/STM32CubeIDE_1.13.2/STM32CubeIDE/plugins/com.st.stm32cube.ide.mcu.externaltools.gnu-tools-for-stm32.11.3.rel1.win32_1.1.1.202309131626/tools/bin/../lib/gcc/arm-none-eabi/11.3.1/../../../../arm-none-eabi/lib/thumb/v7-m/nofp\libc_nano.a(libc_a-nano-vfprintf.o)
 .rodata._setlocale_r.str1.1
                0x000000000800bdc5        0x8 D:/workapp/STM32CubeIDE_1.13.2/STM32CubeIDE/plugins/com.st.stm32cube.ide.mcu.externaltools.gnu-tools-for-stm32.11.3.rel1.win32_1.1.1.202309131626/tools/bin/../lib/gcc/arm-none-eabi/11.3.1/../../../../arm-none-eabi/lib/thumb/v7-m/nofp\libc_nano.a(libc_a-locale.o)
                                          0x9 (size before relaxing)
 .rodata.str1.1
                0x000000000800bdcd        0x2 D:/workapp/STM32CubeIDE_1.13.2/STM32CubeIDE/plugins/com.st.stm32cube.ide.mcu.externaltools.gnu-tools-for-stm32.11.3.rel1.win32_1.1.1.202309131626/tools/bin/../lib/gcc/arm-none-eabi/11.3.1/../../../../arm-none-eabi/lib/thumb/v7-m/nofp\libc_nano.a(libc_a-locale.o)
 .rodata.__assert_func.str1.1
                0x000000000800bdcf       0x3c D:/workapp/STM32CubeIDE_1.13.2/STM32CubeIDE/plugins/com.st.stm32cube.ide.mcu.externaltools.gnu-tools-for-stm32.11.3.rel1.win32_1.1.1.202309131626/tools/bin/../lib/gcc/arm-none-eabi/11.3.1/../../../../arm-none-eabi/lib/thumb/v7-m/nofp\libc_nano.a(libc_a-assert.o)
                                         0x3d (size before relaxing)
 .rodata._ctype_
                0x000000000800be0b      0x101 D:/workapp/STM32CubeIDE_1.13.2/STM32CubeIDE/plugins/com.st.stm32cube.ide.mcu.externaltools.gnu-tools-for-stm32.11.3.rel1.win32_1.1.1.202309131626/tools/bin/../lib/gcc/arm-none-eabi/11.3.1/../../../../arm-none-eabi/lib/thumb/v7-m/nofp\libc_nano.a(libc_a-ctype_.o)
                0x000000000800be0b                _ctype_
                0x000000000800bf0c                . = ALIGN (0x4)

.rel.dyn        0x000000000800bf0c        0x0
 .rel.iplt      0x000000000800bf0c        0x0 D:/workapp/STM32CubeIDE_1.13.2/STM32CubeIDE/plugins/com.st.stm32cube.ide.mcu.externaltools.gnu-tools-for-stm32.11.3.rel1.win32_1.1.1.202309131626/tools/bin/../lib/gcc/arm-none-eabi/11.3.1/thumb/v7-m/nofp/crtbegin.o

.ARM.extab      0x000000000800bf0c        0x0
                0x000000000800bf0c                . = ALIGN (0x4)
 *(.ARM.extab* .gnu.linkonce.armextab.*)
                0x000000000800bf0c                . = ALIGN (0x4)

.ARM            0x000000000800bf0c        0x0
                0x000000000800bf0c                . = ALIGN (0x4)
                0x000000000800bf0c                __exidx_start = .
 *(.ARM.exidx*)
                0x000000000800bf0c                __exidx_end = .
                0x000000000800bf0c                . = ALIGN (0x4)

.preinit_array  0x000000000800bf0c        0x0
                0x000000000800bf0c                . = ALIGN (0x4)
                0x000000000800bf0c                PROVIDE (__preinit_array_start = .)
 *(.preinit_array*)
                0x000000000800bf0c                PROVIDE (__preinit_array_end = .)
                0x000000000800bf0c                . = ALIGN (0x4)

.init_array     0x000000000800bf0c        0x4
                0x000000000800bf0c                . = ALIGN (0x4)
                0x000000000800bf0c                PROVIDE (__init_array_start = .)
 *(SORT_BY_NAME(.init_array.*))
 *(.init_array*)
 .init_array    0x000000000800bf0c        0x4 D:/workapp/STM32CubeIDE_1.13.2/STM32CubeIDE/plugins/com.st.stm32cube.ide.mcu.externaltools.gnu-tools-for-stm32.11.3.rel1.win32_1.1.1.202309131626/tools/bin/../lib/gcc/arm-none-eabi/11.3.1/thumb/v7-m/nofp/crtbegin.o
                0x000000000800bf10                PROVIDE (__init_array_end = .)
                0x000000000800bf10                . = ALIGN (0x4)

.fini_array     0x000000000800bf10        0x4
                0x000000000800bf10                . = ALIGN (0x4)