*** Using Compiler 'V5.06 update 6 (build 750)', folder: 'D:\workapp\keil_v5\ARM\ARMCC\Bin'
Rebuild target 'USART'
assembling startup_stm32f10x_hd.s...
compiling system_stm32f10x.c...
compiling stm32f10x_it.c...
compiling key.c...
compiling main.c...
main.c(35): warning:  #177-D: variable "pattern"  was declared but never referenced
      uint8_t pattern = (1 << seg_index);  // 只点亮一个段
main.c: 1 warning, 0 errors
compiling delay.c...
compiling led.c...
compiling core_cm3.c...
compiling timer.c...
compiling beep.c...
compiling misc.c...
compiling usart.c...
compiling adc.c...
compiling seg.c...
compiling sys.c...
compiling stm32f10x_gpio.c...
compiling stm32f10x_rcc.c...
compiling stm32f10x_adc.c...
compiling stm32f10x_usart.c...
compiling stm32f10x_tim.c...
linking...
Program Size: Code=13248 RO-data=428 RW-data=80 ZI-data=1832  
FromELF: creating hex file...
"..\OBJ\USART.axf" - 0 Error(s), 1 Warning(s).
Build Time Elapsed:  00:00:04
