Component: ARM Compiler 5.06 update 7 (build 960) Tool: armlink [4d3601]

==============================================================================

Section Cross References

    adc.o(i.ADCIntRegister) refers to adc.o(i._ADCIntNumberGet) for _ADCIntNumberGet
    adc.o(i.ADCIntRegister) refers to interrupt.o(i.IntRegister) for IntRegister
    adc.o(i.ADCIntRegister) refers to interrupt.o(i.IntEnable) for IntEnable
    adc.o(i.ADCIntUnregister) refers to adc.o(i._ADCIntNumberGet) for _ADCIntNumberGet
    adc.o(i.ADCIntUnregister) refers to interrupt.o(i.IntDisable) for IntDisable
    adc.o(i.ADCIntUnregister) refers to interrupt.o(i.IntUnregister) for IntUnregister
    adc.o(i.ADCSoftwareOversampleConfigure) refers to adc.o(.data) for g_pui8OversampleFactor
    adc.o(i.ADCSoftwareOversampleDataGet) refers to adc.o(.data) for g_pui8OversampleFactor
    adc.o(i.ADCSoftwareOversampleStepConfigure) refers to adc.o(.data) for g_pui8OversampleFactor
    aes.o(i.AESDataAuth) refers to aes.o(i.AESLengthSet) for AESLengthSet
    aes.o(i.AESDataAuth) refers to aes.o(i.AESDataWrite) for AESDataWrite
    aes.o(i.AESDataAuth) refers to aes.o(i.AESTagRead) for AESTagRead
    aes.o(i.AESDataProcess) refers to aes.o(i.AESLengthSet) for AESLengthSet
    aes.o(i.AESDataProcess) refers to aes.o(i.AESDataWrite) for AESDataWrite
    aes.o(i.AESDataProcess) refers to aes.o(i.AESDataRead) for AESDataRead
    aes.o(i.AESDataProcessAuth) refers to aes.o(i.AESLengthSet) for AESLengthSet
    aes.o(i.AESDataProcessAuth) refers to aes.o(i.AESAuthLengthSet) for AESAuthLengthSet
    aes.o(i.AESDataProcessAuth) refers to aes.o(i.AESDataWrite) for AESDataWrite
    aes.o(i.AESDataProcessAuth) refers to aes.o(i.AESDataRead) for AESDataRead
    aes.o(i.AESDataProcessAuth) refers to aes.o(i.AESTagRead) for AESTagRead
    aes.o(i.AESIntRegister) refers to interrupt.o(i.IntRegister) for IntRegister
    aes.o(i.AESIntRegister) refers to interrupt.o(i.IntEnable) for IntEnable
    aes.o(i.AESIntUnregister) refers to interrupt.o(i.IntDisable) for IntDisable
    aes.o(i.AESIntUnregister) refers to interrupt.o(i.IntUnregister) for IntUnregister
    can.o(i.CANBitRateSet) refers to can.o(.constdata) for g_ui16CANBitValues
    can.o(i.CANIntRegister) refers to can.o(i._CANIntNumberGet) for _CANIntNumberGet
    can.o(i.CANIntRegister) refers to interrupt.o(i.IntRegister) for IntRegister
    can.o(i.CANIntRegister) refers to interrupt.o(i.IntEnable) for IntEnable
    can.o(i.CANIntUnregister) refers to can.o(i._CANIntNumberGet) for _CANIntNumberGet
    can.o(i.CANIntUnregister) refers to interrupt.o(i.IntDisable) for IntDisable
    can.o(i.CANIntUnregister) refers to interrupt.o(i.IntUnregister) for IntUnregister
    can.o(i.CANMessageGet) refers to can.o(i._CANDataRegRead) for _CANDataRegRead
    can.o(i.CANMessageSet) refers to can.o(i._CANDataRegWrite) for _CANDataRegWrite
    comp.o(i.ComparatorIntRegister) refers to interrupt.o(i.IntRegister) for IntRegister
    comp.o(i.ComparatorIntRegister) refers to interrupt.o(i.IntEnable) for IntEnable
    comp.o(i.ComparatorIntUnregister) refers to interrupt.o(i.IntDisable) for IntDisable
    comp.o(i.ComparatorIntUnregister) refers to interrupt.o(i.IntUnregister) for IntUnregister
    crc.o(i.CRCDataProcess) refers to crc.o(i.CRCResultRead) for CRCResultRead
    des.o(i.DESDataProcess) refers to des.o(i.DESDataWriteNonBlocking) for DESDataWriteNonBlocking
    des.o(i.DESDataProcess) refers to des.o(i.DESDataReadNonBlocking) for DESDataReadNonBlocking
    des.o(i.DESIntRegister) refers to interrupt.o(i.IntRegister) for IntRegister
    des.o(i.DESIntRegister) refers to interrupt.o(i.IntEnable) for IntEnable
    des.o(i.DESIntUnregister) refers to interrupt.o(i.IntDisable) for IntDisable
    des.o(i.DESIntUnregister) refers to interrupt.o(i.IntUnregister) for IntUnregister
    eeprom.o(i.EEPROMInit) refers to sysctl.o(.emb_text) for SysCtlDelay
    eeprom.o(i.EEPROMInit) refers to eeprom.o(i._EEPROMWaitForDone) for _EEPROMWaitForDone
    eeprom.o(i.EEPROMInit) refers to sysctl.o(i.SysCtlPeripheralReset) for SysCtlPeripheralReset
    eeprom.o(i.EEPROMIntClear) refers to eeprom.o(i._EEPROMSectorMaskClear) for _EEPROMSectorMaskClear
    eeprom.o(i.EEPROMMassErase) refers to eeprom.o(i._EEPROMSectorMaskClear) for _EEPROMSectorMaskClear
    eeprom.o(i.EEPROMMassErase) refers to eeprom.o(i._EEPROMWaitForDone) for _EEPROMWaitForDone
    eeprom.o(i.EEPROMMassErase) refers to sysctl.o(i.SysCtlPeripheralReset) for SysCtlPeripheralReset
    eeprom.o(i.EEPROMMassErase) refers to sysctl.o(.emb_text) for SysCtlDelay
    eeprom.o(i.EEPROMProgram) refers to eeprom.o(i._EEPROMSectorMaskSet) for _EEPROMSectorMaskSet
    eeprom.o(i.EEPROMProgram) refers to eeprom.o(i._EEPROMSectorMaskClear) for _EEPROMSectorMaskClear
    eeprom.o(i.EEPROMProgramNonBlocking) refers to eeprom.o(i._EEPROMSectorMaskSet) for _EEPROMSectorMaskSet
    eeprom.o(i._EEPROMSectorMaskClear) refers to sysctl.o(.emb_text) for SysCtlDelay
[...]
    0x0000848c   0x0000848c   0x00000194   Code   RO         9484    i.FastTan           wp_math.o
    0x00008620   0x00008620   0x000004f4   Code   RO        11815    i.Flight_Alt_Hold_Control  control_althold.o
    0x00008b14   0x00008b14   0x00000064   Code   RO        10291    i.Float2Byte        nclink.o
    0x00008b78   0x00008b78   0x00000124   Code   RO        11906    i.Front_AprilTag_Control_Pilot  opticalflow_control.o
    0x00008c9c   0x00008c9c   0x00000218   Code   RO        11907    i.Front_Surround_Pole_Control_Pilot  opticalflow_control.o
    0x00008eb4   0x00008eb4   0x00000032   Code   RO         1835    i.GPIODirModeSet    gpio.o
    0x00008ee6   0x00008ee6   0x00000006   Code   RO         1836    i.GPIOIntClear      gpio.o
    0x00008eec   0x00008eec   0x0000000c   Code   RO         1838    i.GPIOIntEnable     gpio.o
    0x00008ef8   0x00008ef8   0x0000001e   Code   RO         1839    i.GPIOIntRegister   gpio.o
    0x00008f16   0x00008f16   0x00000066   Code   RO         1842    i.GPIOIntTypeSet    gpio.o
    0x00008f7c   0x00008f7c   0x00000156   Code   RO         1845    i.GPIOPadConfigSet  gpio.o
    0x000090d2   0x000090d2   0x00000002   PAD
    0x000090d4   0x000090d4   0x00000050   Code   RO         1846    i.GPIOPinConfigure  gpio.o
    0x00009124   0x00009124   0x0000000c   Code   RO         1847    i.GPIOPinRead       gpio.o
    0x00009130   0x00009130   0x0000001e   Code   RO         1848    i.GPIOPinTypeADC    gpio.o
    0x0000914e   0x0000914e   0x0000001e   Code   RO         1856    i.GPIOPinTypeGPIOInput  gpio.o
    0x0000916c   0x0000916c   0x0000001e   Code   RO         1857    i.GPIOPinTypeGPIOOutput  gpio.o
    0x0000918a   0x0000918a   0x0000001e   Code   RO         1859    i.GPIOPinTypeI2C    gpio.o
    0x000091a8   0x000091a8   0x0000001e   Code   RO         1860    i.GPIOPinTypeI2CSCL  gpio.o
    0x000091c6   0x000091c6   0x0000001e   Code   RO         1868    i.GPIOPinTypePWM    gpio.o
    0x000091e4   0x000091e4   0x0000001e   Code   RO         1872    i.GPIOPinTypeUART   gpio.o
    0x00009202   0x00009202   0x0000000a   Code   RO         1878    i.GPIOPinWrite      gpio.o
    0x0000920c   0x0000920c   0x00000010   Code   RO         8091    i.GPIO_SetBits      bling.o
    0x0000921c   0x0000921c   0x000000cc   Code   RO        11475    i.GPSData_Sort      sins.o
    0x000092e8   0x000092e8   0x00000050   Code   RO         8283    i.GPS_Data_Prase    gps.o
    0x00009338   0x00009338   0x000006a0   Code   RO         8284    i.GPS_PVT_Parse     gps.o
    0x000099d8   0x000099d8   0x0000000e   Code   RO         8285    i.GPS_UART_Init     gps.o
    0x000099e6   0x000099e6   0x00000002   PAD
    0x000099e8   0x000099e8   0x00000044   Code   RO        11603    i.GPS_ok            control_land.o
    0x00009a2c   0x00009a2c   0x000000e8   Code   RO        11363    i.Get_Baro_Offset   sensor.o
    0x00009b14   0x00009b14   0x0000005c   Code   RO         9357    i.Get_Battery_Voltage  wp_adc.o
    0x00009b70   0x00009b70   0x00000544   Code   RO        11364    i.Get_Status_Feedback  sensor.o
    0x0000a0b4   0x0000a0b4   0x00000050   Code   RO         8897    i.Get_Systime       schedule.o
    0x0000a104   0x0000a104   0x00000050   Code   RO         8804    i.Get_Thr_Rate      rc.o
    0x0000a154   0x0000a154   0x00000060   Code   RO        10113    i.Ground_Sensor_Statemachine  tfmini.o
    0x0000a1b4   0x0000a1b4   0x000003bc   Code   RO         7841    i.Gyro_Calibration_Check  calibration.o
    0x0000a570   0x0000a570   0x00000074   Code   RO        12074    i.Gyro_Control      wp_ctrl.o
    0x0000a5e4   0x0000a5e4   0x00000088   Code   RO         9198    i.HardWave_Init     system.o
    0x0000a66c   0x0000a66c   0x000002e0   Code   RO         7843    i.Horizontal_Calibration_Check  calibration.o
    0x0000a94c   0x0000a94c   0x00000054   Code   RO         7844    i.Horizontal_Calibration_Init  calibration.o
    0x0000a9a0   0x0000a9a0   0x000001c4   Code   RO        11908    i.Horizontal_Control  opticalflow_control.o
    0x0000ab64   0x0000ab64   0x0000032c   Code   RO        11909    i.Horizontal_Control_VIO  opticalflow_control.o
    0x0000ae90   0x0000ae90   0x000000dc   Code   RO        11910    i.Horizontal_Control_VIO_Pure  opticalflow_control.o
    0x0000af6c   0x0000af6c   0x00000120   Code   RO        11911    i.Horizontal_Navigation  opticalflow_control.o
    0x0000b08c   0x0000b08c   0x00000012   Code   RO         2489    i.I2CMasterBusy     i2c.o
    0x0000b09e   0x0000b09e   0x00000004   Code   RO         2490    i.I2CMasterControl  i2c.o
    0x0000b0a2   0x0000b0a2   0x00000006   Code   RO         2491    i.I2CMasterDataGet  i2c.o
    0x0000b0a8   0x0000b0a8   0x00000004   Code   RO         2492    i.I2CMasterDataPut  i2c.o
    0x0000b0ac   0x0000b0ac   0x0000000a   Code   RO         2494    i.I2CMasterEnable   i2c.o
    0x0000b0b6   0x0000b0b6   0x00000002   PAD
    0x0000b0b8   0x0000b0b8   0x0000005c   Code   RO         2497    i.I2CMasterInitExpClk  i2c.o
    0x0000b114   0x0000b114   0x00000008   Code   RO         2507    i.I2CMasterSlaveAddrSet  i2c.o
    0x0000b11c   0x0000b11c   0x00000008   Code   RO         9989    i.I2C_GPIO_Config   soft_i2c.o
    0x0000b124   0x0000b124   0x00000214   Code   RO         8408    i.ICM20689_Init     icm2068x.o
    0x0000b338   0x0000b338   0x000003ec   Code   RO         8409    i.ICM20689_Read_Data  icm2068x.o
    0x0000b724   0x0000b724   0x00000074   Code   RO         8410    i.IMU_Calibration   icm2068x.o
    0x0000b798   0x0000b798   0x00000684   Code   RO        11365    i.INS_Sensor_Update  sensor.o
    0x0000be1c   0x0000be1c   0x00000060   Code   RO         8445    i.Init_I2C          myiic.o
    0x0000be7c   0x0000be7c   0x00000078   Code   RO         8446    i.Init_I2C0         myiic.o
    0x0000bef4   0x0000bef4   0x00000074   Code   RO         2817    i.IntEnable         interrupt.o
    0x0000bf68   0x0000bf68   0x00000010   Code   RO         2819    i.IntMasterDisable  interrupt.o
    0x0000bf78   0x0000bf78   0x00000010   Code   RO         2820    i.IntMasterEnable   interrupt.o
    0x0000bf88   0x0000bf88   0x0000001c   Code   RO         2825    i.IntPriorityGroupingSet  interrupt.o
    0x0000bfa4   0x0000bfa4   0x00000034   Code   RO         2828    i.IntPrioritySet    interrupt.o
    0x0000bfd8   0x0000bfd8   0x0000003c   Code   RO         2829    i.IntRegister       interrupt.o
    0x0000c014   0x0000c014   0x00000660   Code   RO        11476    i.KalmanFilter      sins.o
    0x0000c674   0x0000c674   0x00000498   Code   RO        11477    i.KalmanFilter_Horizontal  sins.o
    0x0000cb0c   0x0000cb0c   0x00000a88   Code   RO        11478    i.KalmanFilter_Horizontal_GPS  sins.o
    0x0000d594   0x0000d594   0x00000088   Code   RO         8355    i.Key_Init          key.o
    0x0000d61c   0x0000d61c   0x0000026c   Code   RO         8356    i.Key_Scan          key.o
    0x0000d888   0x0000d888   0x00000148   Code   RO        12325    i.LC30X_Data_Receive_Anl  namelesscotrun_opticalflow.o
    0x0000d9d0   0x0000d9d0   0x00000148   Code   RO        12326    i.LC30X_OpticalFlow_Sense_Prase  namelesscotrun_opticalflow.o
    0x0000db18   0x0000db18   0x00000038   Code   RO         8539    i.LCD_CLS           oled.o
    0x0000db50   0x0000db50   0x00000048   Code   RO         8541    i.LCD_P6x8Char      oled.o
    0x0000db98   0x0000db98   0x00000064   Code   RO         8542    i.LCD_P6x8Str       oled.o
    0x0000dbfc   0x0000dbfc   0x00000088   Code   RO         8544    i.LCD_P8x16Str      oled.o
    0x0000dc84   0x0000dc84   0x00000028   Code   RO         8545    i.LCD_Set_Pos       oled.o
    0x0000dcac   0x0000dcac   0x00000068   Code   RO         8546    i.LCD_WrCmd         oled.o
    0x0000dd14   0x0000dd14   0x0000005c   Code   RO         8547    i.LCD_WrDat         oled.o
    0x0000dd70   0x0000dd70   0x00000036   Code   RO         8548    i.LCD_clear_L       oled.o
    0x0000dda6   0x0000dda6   0x00000148   Code   RO         8146    i.LPButterworth     filter.o
    0x0000deee   0x0000deee   0x000000fc   Code   RO         8049    i.LS_Accumulate     calibrationroutines.o
    0x0000dfea   0x0000dfea   0x0000057c   Code   RO         8050    i.LS_Calculate      calibrationroutines.o
    0x0000e566   0x0000e566   0x0000000e   Code   RO         8051    i.LS_Init           calibrationroutines.o
    0x0000e574   0x0000e574   0x00000084   Code   RO        11137    i.Laser_Light_Work  reserved_io.o
    0x0000e5f8   0x0000e5f8   0x000009f8   Code   RO        11366    i.Madgwick_AHRS_Update_IMU  sensor.o
    0x0000eff0   0x0000eff0   0x00000462   Code   RO         7846    i.Mag_Calibartion_LS  calibration.o
    0x0000f452   0x0000f452   0x00000002   PAD
    0x0000f454   0x0000f454   0x00000380   Code   RO         7847    i.Mag_Calibration_Check  calibration.o
    0x0000f7d4   0x0000f7d4   0x000001bc   Code   RO        12075    i.Main_Leading_Control  wp_ctrl.o
    0x0000f990   0x0000f990   0x00000084   Code   RO         9485    i.Modf              wp_math.o
    0x0000fa14   0x0000fa14   0x00000154   Code   RO        10292    i.NCLink_Data_Prase_Prepare  nclink.o
    0x0000fb68   0x0000fb68   0x00000160   Code   RO        11162    i.NCLink_Data_Prase_Prepare_Lite  reserved_serialport.o
    0x0000fcc8   0x0000fcc8   0x000014e4   Code   RO        10293    i.NCLink_Data_Prase_Process  nclink.o
    0x000111ac   0x000111ac   0x000006f4   Code   RO        11163    i.NCLink_Data_Prase_Process_Lite  reserved_serialport.o
    0x000118a0   0x000118a0   0x00000494   Code   RO        10294    i.NCLink_SEND_StateMachine  nclink.o
    0x00011d34   0x00011d34   0x0000018c   Code   RO        10295    i.NCLink_Send_3D_Track  nclink.o
    0x00011ec0   0x00011ec0   0x000000d8   Code   RO        10296    i.NCLink_Send_CalParadata1  nclink.o
    0x00011f98   0x00011f98   0x000000d8   Code   RO        10297    i.NCLink_Send_CalParadata2  nclink.o
    0x00012070   0x00012070   0x000000a0   Code   RO        10298    i.NCLink_Send_CalParadata3  nclink.o
    0x00012110   0x00012110   0x000000e4   Code   RO        10299    i.NCLink_Send_CalRawdata1  nclink.o
    0x000121f4   0x000121f4   0x000000ac   Code   RO        10300    i.NCLink_Send_CalRawdata2  nclink.o
    0x000122a0   0x000122a0   0x0000005c   Code   RO        10301    i.NCLink_Send_Check  nclink.o
    0x000122fc   0x000122fc   0x000005e0   Code   RO        10302    i.NCLink_Send_Check_Status_Parameter  nclink.o
    0x000128dc   0x000128dc   0x0000005c   Code   RO        11164    i.NCLink_Send_Feedback  reserved_serialport.o
    0x00012938   0x00012938   0x00000250   Code   RO        10303    i.NCLink_Send_Fusion_NE  nclink.o
    0x00012b88   0x00012b88   0x0000014c   Code   RO        10304    i.NCLink_Send_Fusion_U  nclink.o
    0x00012cd4   0x00012cd4   0x00000138   Code   RO        10305    i.NCLink_Send_GPSData  nclink.o
    0x00012e0c   0x00012e0c   0x00000164   Code   RO        11165    i.NCLink_Send_IMU_Feedback  reserved_serialport.o
    0x00012f70   0x00012f70   0x000001b0   Code   RO        11166    i.NCLink_Send_IMU_Feedback_PC  reserved_serialport.o
    0x00013120   0x00013120   0x00000194   Code   RO        10306    i.NCLink_Send_Obs_NE  nclink.o
    0x000132b4   0x000132b4   0x00000194   Code   RO        10307    i.NCLink_Send_Obs_UOP  nclink.o
    0x00013448   0x00013448   0x00000264   Code   RO        10308    i.NCLink_Send_PID   nclink.o
    0x000136ac   0x000136ac   0x00000208   Code   RO        10309    i.NCLink_Send_Parameter  nclink.o
    0x000138b4   0x000138b4   0x000000b0   Code   RO        10310    i.NCLink_Send_Parameter_Reserved  nclink.o
    0x00013964   0x00013964   0x00000158   Code   RO        10311    i.NCLink_Send_RCData  nclink.o
    0x00013abc   0x00013abc   0x000001a8   Code   RO        10312    i.NCLink_Send_Senser  nclink.o
    0x00013c64   0x00013c64   0x00000290   Code   RO        10313    i.NCLink_Send_Status  nclink.o
    0x00013ef4   0x00013ef4   0x000000d8   Code   RO        10314    i.NCLink_Send_Userdata  nclink.o
    0x00013fcc   0x00013fcc   0x00000038   Code   RO        12188    i.NCQ_SDK_Reset     namelesscotrun_sdk.o
    0x00014004   0x00014004   0x00000100   Code   RO        12189    i.NCQ_SDK_Run       namelesscotrun_sdk.o
    0x00014104   0x00014104   0x00000010   Code   RO        10884    i.NLink_Data_Send   topsensor.o
    0x00014114   0x00014114   0x00000060   Code   RO        10885    i.NLink_TOFSense_Read_Frame  topsensor.o
    0x00014174   0x00014174   0x00000094   Code   RO        11367    i.OBS_Sensor_Update  sensor.o
    0x00014208   0x00014208   0x00000068   Code   RO         8555    i.OLED_Init         oled.o
    0x00014270   0x00014270   0x00000060   Code   RO         8556    i.OLED_Init_Fast    oled.o
    0x000142d0   0x000142d0   0x00000030   Code   RO        11912    i.OPT_Is_Fix        opticalflow_control.o
    0x00014300   0x00014300   0x00000210   Code   RO        11368    i.Observation_Angle_Calculate  sensor.o
    0x00014510   0x00014510   0x00000644   Code   RO        11479    i.Observation_Tradeoff  sins.o
    0x00014b54   0x00014b54   0x000004f0   Code   RO        12190    i.Openmv_Data_Receive_Anl_1  namelesscotrun_sdk.o
    0x00015044   0x00015044   0x00000c18   Code   RO        12191    i.Openmv_Data_Receive_Anl_2  namelesscotrun_sdk.o
    0x00015c5c   0x00015c5c   0x00000084   Code   RO        12327    i.Optflow_Statemachine  namelesscotrun_opticalflow.o
    0x00015ce0   0x00015ce0   0x000001c0   Code   RO        11913    i.OpticalFlow_Control  opticalflow_control.o
    0x00015ea0   0x00015ea0   0x0000007c   Code   RO        11914    i.OpticalFlow_Control_Pure  opticalflow_control.o
    0x00015f1c   0x00015f1c   0x00000070   Code   RO        11915    i.OpticalFlow_Ctrl_Reset  opticalflow_control.o
    0x00015f8c   0x00015f8c   0x00000074   Code   RO        11916    i.OpticalFlow_Expect_Speed_Mapping  opticalflow_control.o
    0x00016000   0x00016000   0x00000390   Code   RO        12328    i.OpticalFlow_INS_CF  namelesscotrun_opticalflow.o
    0x00016390   0x00016390   0x00000094   Code   RO        12329    i.OpticalFlow_Init  namelesscotrun_opticalflow.o
    0x00016424   0x00016424   0x0000010c   Code   RO        11917    i.OpticalFlow_Pos_Control  opticalflow_control.o
    0x00016530   0x00016530   0x0000011c   Code   RO        11918    i.OpticalFlow_Pos_Control_VIO  opticalflow_control.o
    0x0001664c   0x0001664c   0x0000007c   Code   RO        12330    i.OpticalFlow_Rotate_Complementary_Filter  namelesscotrun_opticalflow.o
    0x000166c8   0x000166c8   0x000000a8   Code   RO        11919    i.OpticalFlow_SINS_Reset  opticalflow_control.o
    0x00016770   0x00016770   0x00000240   Code   RO        11922    i.OpticalFlow_Vel_Control  opticalflow_control.o
    0x000169b0   0x000169b0   0x00000178   Code   RO         7849    i.Other_Parameter_Default  calibration.o
    0x00016b28   0x00016b28   0x00000228   Code   RO         7850    i.Other_Parameter_Init  calibration.o
    0x00016d50   0x00016d50   0x00000218   Code   RO        11691    i.PID_Control       pid.o
    0x00016f68   0x00016f68   0x00000260   Code   RO        11692    i.PID_Control_Div_LPF  pid.o
    0x000171c8   0x000171c8   0x000002a8   Code   RO        11693    i.PID_Control_Div_LPF_For_Gyro  pid.o
    0x00017470   0x00017470   0x00000298   Code   RO        11695    i.PID_Control_SDK_Err_LPF  pid.o
    0x00017708   0x00017708   0x00000268   Code   RO        11696    i.PID_Control_Yaw   pid.o
    0x00017970   0x00017970   0x00000174   Code   RO        11697    i.PID_Init          pid.o
    0x00017ae4   0x00017ae4   0x00000010   Code   RO        11698    i.PID_Integrate_Reset  pid.o
    0x00017af4   0x00017af4   0x00000048   Code   RO        11699    i.PID_LPF_Reset     pid.o
    0x00017b3c   0x00017b3c   0x00000398   Code   RO        11700    i.PID_Paramter_Init_With_Flash  pid.o
    0x00017ed4   0x00017ed4   0x0000004c   Code   RO         8779    i.PPM_Init          ppm.o
    0x00017f20   0x00017f20   0x00000030   Code   RO         3189    i.PWMGenConfigure   pwm.o
    0x00017f50   0x00017f50   0x0000000a   Code   RO         3191    i.PWMGenEnable      pwm.o
    0x00017f5a   0x00017f5a   0x00000016   Code   RO         3204    i.PWMGenPeriodSet   pwm.o
    0x00017f70   0x00017f70   0x00000014   Code   RO         3211    i.PWMOutputState    pwm.o
    0x00017f84   0x00017f84   0x00000026   Code   RO         3214    i.PWMPulseWidthSet  pwm.o
    0x00017faa   0x00017faa   0x00000002   PAD
    0x00017fac   0x00017fac   0x0000014c   Code   RO         9628    i.PWM_Init          wp_pwm.o
    0x000180f8   0x000180f8   0x000000ec   Code   RO         9629    i.PWM_Output        wp_pwm.o
    0x000181e4   0x000181e4   0x00000510   Code   RO         7851    i.Parameter_Init    calibration.o
    0x000186f4   0x000186f4   0x00000030   Code   RO        10315    i.Pilot_Status_Tick  nclink.o
    0x00018724   0x00018724   0x000000e4   Code   RO         8780    i.PortFIntHandler   ppm.o
    0x00018808   0x00018808   0x0000001a   Code   RO        10025    i.QMC5883L_Init     qmc5883.o
    0x00018822   0x00018822   0x00000028   Code   RO        10026    i.QMC5883L_Initialize  qmc5883.o
    0x0001884a   0x0001884a   0x0000000c   Code   RO        10031    i.QMC5883L_Reset    qmc5883.o
    0x00018856   0x00018856   0x00000012   Code   RO        10034    i.QMC5883L_Write_Reg  qmc5883.o
    0x00018868   0x00018868   0x000047d4   Code   RO         8357    i.QuadShow          key.o
    0x0001d03c   0x0001d03c   0x00000070   Code   RO         8092    i.Quad_Start_Bling  bling.o
    0x0001d0ac   0x0001d0ac   0x00000030   Code   RO        11369    i.Quaternion_Init   sensor.o
    0x0001d0dc   0x0001d0dc   0x000001e0   Code   RO         7852    i.RC_Calibration_Check  calibration.o
    0x0001d2bc   0x0001d2bc   0x00000298   Code   RO         7853    i.RC_Calibration_Init  calibration.o
    0x0001d554   0x0001d554   0x00000028   Code   RO         7854    i.RC_Calibration_RESET  calibration.o
    0x0001d57c   0x0001d57c   0x00000060   Code   RO         7855    i.RC_Calibration_Trigger  calibration.o
    0x0001d5dc   0x0001d5dc   0x00000054   Code   RO         8805    i.RC_Data_LPF_Filter  rc.o
    0x0001d630   0x0001d630   0x00000032   Code   RO         8806    i.RC_Read_Switch    rc.o
    0x0001d662   0x0001d662   0x00000002   PAD
    0x0001d664   0x0001d664   0x00000058   Code   RO         8807    i.RC_Scale_Set      rc.o
    0x0001d6bc   0x0001d6bc   0x00000012   Code   RO         9400    i.ReadFlashParameterALL  wp_flash.o
    0x0001d6ce   0x0001d6ce   0x00000012   Code   RO         9401    i.ReadFlashParameterOne  wp_flash.o
    0x0001d6e0   0x0001d6e0   0x00000034   Code   RO         9402    i.ReadFlashParameterThree  wp_flash.o
    0x0001d714   0x0001d714   0x00000020   Code   RO         9403    i.ReadFlashParameterTwo  wp_flash.o
    0x0001d734   0x0001d734   0x0000002c   Code   RO        12464    i.Read_ADC_Button_State_All  adc_button.o
    0x0001d760   0x0001d760   0x00000094   Code   RO        12465    i.Read_ADC_Button_State_One  adc_button.o
    0x0001d7f4   0x0001d7f4   0x00000020   Code   RO         8358    i.Read_Button_State_All  key.o
    0x0001d814   0x0001d814   0x0000009a   Code   RO         8359    i.Read_Button_State_One  key.o
    0x0001d8ae   0x0001d8ae   0x00000002   PAD
    0x0001d8b0   0x0001d8b0   0x00000994   Code   RO         8808    i.Remote_Control    rc.o
    0x0001e244   0x0001e244   0x00000158   Code   RO         8809    i.Remote_Data_Remap  rc.o
    0x0001e39c   0x0001e39c   0x000000a4   Code   RO        11138    i.Reserved_IO_Init  reserved_io.o
    0x0001e440   0x0001e440   0x00000044   Code   RO         9630    i.Reserved_PWM1_Output  wp_pwm.o
    0x0001e484   0x0001e484   0x00000068   Code   RO         7856    i.Reserved_Params_Init  calibration.o
    0x0001e4ec   0x0001e4ec   0x00000040   Code   RO        11168    i.Reserved_Serialport_Init  reserved_serialport.o
    0x0001e52c   0x0001e52c   0x00000020   Code   RO        11169    i.Reserved_Serialport_Send  reserved_serialport.o
    0x0001e54c   0x0001e54c   0x0000006c   Code   RO         7857    i.Reset_Accel_Calibartion  calibration.o
    0x0001e5b8   0x0001e5b8   0x00000050   Code   RO         7858    i.Reset_Mag_Calibartion  calibration.o
    0x0001e608   0x0001e608   0x00000018   Code   RO         7859    i.Reset_RC_Calibartion  calibration.o
    0x0001e620   0x0001e620   0x00000008   Code   RO        12156    i.Resume_Factory_Setting  license.o
    0x0001e628   0x0001e628   0x00000032   Code   RO         8861    i.RingBuf_Write     ringbuf.o
    0x0001e65a   0x0001e65a   0x0000000a   Code   RO         8862    i.RingBuff_Init     ringbuf.o
    0x0001e664   0x0001e664   0x0000005c   Code   RO        12192    i.SDK_DT_Reset      namelesscotrun_sdk.o
    0x0001e6c0   0x0001e6c0   0x00000054   Code   RO        12193    i.SDK_DT_Send_Check  namelesscotrun_sdk.o
    0x0001e714   0x0001e714   0x00000114   Code   RO        12198    i.SDK_Data_Receive_Prepare_1  namelesscotrun_sdk.o
    0x0001e828   0x0001e828   0x00000114   Code   RO        12199    i.SDK_Data_Receive_Prepare_2  namelesscotrun_sdk.o
    0x0001e93c   0x0001e93c   0x00000070   Code   RO        12200    i.SDK_Init          namelesscotrun_sdk.o
    0x0001e9ac   0x0001e9ac   0x00000060   Code   RO        11925    i.SDK_Pos_Ctrl_Reset  opticalflow_control.o
    0x0001ea0c   0x0001ea0c   0x00000218   Code   RO        11480    i.SINS_Prepare      sins.o
    0x0001ec24   0x0001ec24   0x0000001e   Code   RO         8917    i.SPL06_Init        spl06.o
    0x0001ec42   0x0001ec42   0x00000002   PAD
    0x0001ec44   0x0001ec44   0x00000028   Code   RO         8918    i.SPL06_Read_Data   spl06.o
    0x0001ec6c   0x0001ec6c   0x000006d8   Code   RO        11701    i.Save_Or_Reset_PID_Parameter  pid.o
    0x0001f344   0x0001f344   0x0000005c   Code   RO        11702    i.Save_PID_Parameter  pid.o
    0x0001f3a0   0x0001f3a0   0x0000005c   Code   RO         9094    i.Schedule_init     time_cnt.o
    0x0001f3fc   0x0001f3fc   0x000001e8   Code   RO        11926    i.Self_Track_Control_Pilot  opticalflow_control.o
    0x0001f5e4   0x0001f5e4   0x000001c4   Code   RO        12201    i.Sensor_Parameter_Sort  namelesscotrun_sdk.o
    0x0001f7a8   0x0001f7a8   0x00000010   Code   RO        10316    i.Serial_Data_Send  nclink.o
    0x0001f7b8   0x0001f7b8   0x00000040   Code   RO         6140    i.SetLimitValue     vl53l1_api.o
    0x0001f7f8   0x0001f7f8   0x00000072   Code   RO         6141    i.SetPresetMode     vl53l1_api.o
    0x0001f86a   0x0001f86a   0x00000002   PAD
    0x0001f86c   0x0001f86c   0x00000154   Code   RO         6142    i.SetSimpleData     vl53l1_api.o
    0x0001f9c0   0x0001f9c0   0x000000d4   Code   RO         8148    i.Set_Cutoff_Frequency  filter.o
    0x0001fa94   0x0001fa94   0x00000100   Code   RO        11481    i.Set_GPS_Home      sins.o
    0x0001fb94   0x0001fb94   0x0000000c   Code   RO         8286    i.Set_GPS_USART     gps.o
    0x0001fba0   0x0001fba0   0x00000068   Code   RO        12412    i.Simulation_PWM_Init  temperature_ctrl.o
    0x0001fc08   0x0001fc08   0x0000005c   Code   RO        12413    i.Simulation_PWM_Output  temperature_ctrl.o
    0x0001fc64   0x0001fc64   0x00000010   Code   RO         8447    i.Single_ReadI2C    myiic.o
    0x0001fc74   0x0001fc74   0x00000010   Code   RO         9990    i.Single_ReadI2C0   soft_i2c.o
    0x0001fc84   0x0001fc84   0x00000014   Code   RO         8448    i.Single_WriteI2C   myiic.o
    0x0001fc98   0x0001fc98   0x00000014   Code   RO         9991    i.Single_WriteI2C0  soft_i2c.o
    0x0001fcac   0x0001fcac   0x00000020   Code   RO        11285    i.Speaker_Send      speaker.o
    0x0001fccc   0x0001fccc   0x000000e0   Code   RO        11483    i.Strapdown_INS_High_Kalman  sins.o
    0x0001fdac   0x0001fdac   0x000000a0   Code   RO        11484    i.Strapdown_INS_Reset  sins.o
    0x0001fe4c   0x0001fe4c   0x00000010   Code   RO         9022    i.SycTickHandler    time.o
    0x0001fe5c   0x0001fe5c   0x00000108   Code   RO         3869    i.SysCtlClockGet    sysctl.o
    0x0001ff64   0x0001ff64   0x0000013c   Code   RO         3871    i.SysCtlClockSet    sysctl.o
    0x000200a0   0x000200a0   0x00000014   Code   RO         3895    i.SysCtlPWMClockSet  sysctl.o
    0x000200b4   0x000200b4   0x00000034   Code   RO         3900    i.SysCtlPeripheralEnable  sysctl.o
    0x000200e8   0x000200e8   0x00000038   Code   RO         3904    i.SysCtlPeripheralReady  sysctl.o
    0x00020120   0x00020120   0x00000070   Code   RO         3905    i.SysCtlPeripheralReset  sysctl.o
    0x00020190   0x00020190   0x00000012   Code   RO         4273    i.SysTickEnable     systick.o
    0x000201a2   0x000201a2   0x00000012   Code   RO         4275    i.SysTickIntEnable  systick.o
    0x000201b4   0x000201b4   0x0000001e   Code   RO         4276    i.SysTickIntRegister  systick.o
    0x000201d2   0x000201d2   0x0000000a   Code   RO         4278    i.SysTickPeriodGet  systick.o
    0x000201dc   0x000201dc   0x0000000a   Code   RO         4279    i.SysTickPeriodSet  systick.o
    0x000201e6   0x000201e6   0x00000008   Code   RO         4280    i.SysTickValueGet   systick.o
    0x000201ee   0x000201ee   0x00000002   PAD
    0x000201f0   0x000201f0   0x00000028   Code   RO        12157    i.System_Start_Init  license.o
    0x00020218   0x00020218   0x00000220   Code   RO        10114    i.TFmini_Statemachine  tfmini.o
    0x00020438   0x00020438   0x000000c8   Code   RO         9095    i.TIMER0A_Handler   time_cnt.o
    0x00020500   0x00020500   0x00000078   Code   RO         9096    i.TIMER1A_Handler   time_cnt.o
    0x00020578   0x00020578   0x0000002c   Code   RO         9097    i.TIMER2A_Handler   time_cnt.o
    0x000205a4   0x000205a4   0x00000198   Code   RO        10886    i.TOFSense_Data_Receive_Anl  topsensor.o
    0x0002073c   0x0002073c   0x00000002   Code   RO        10887    i.TOFSense_IIC_Update  topsensor.o
    0x0002073e   0x0002073e   0x00000002   PAD
    0x00020740   0x00020740   0x00000100   Code   RO        10888    i.TOF_Sense_Prase   topsensor.o
    0x00020840   0x00020840   0x0000014c   Code   RO        10889    i.TOF_Statemachine  topsensor.o
    0x0002098c   0x0002098c   0x00000050   Code   RO        11703    i.Take_Off_Reset    pid.o
    0x000209dc   0x000209dc   0x00000074   Code   RO        12414    i.Temperature_Ctrl  temperature_ctrl.o
    0x00020a50   0x00020a50   0x00000134   Code   RO        12415    i.Temperature_Ctrl_Init  temperature_ctrl.o
    0x00020b84   0x00020b84   0x00000098   Code   RO        12416    i.Temperature_State_Check  temperature_ctrl.o
    0x00020c1c   0x00020c1c   0x0000003c   Code   RO        12417    i.Temperature_State_Get  temperature_ctrl.o
    0x00020c58   0x00020c58   0x00000050   Code   RO         8898    i.Test_Period       schedule.o
    0x00020ca8   0x00020ca8   0x00000438   Code   RO        12331    i.Third_Order_Complementarity  namelesscotrun_opticalflow.o
    0x000210e0   0x000210e0   0x000000bc   Code   RO        11816    i.Thr_Push_Over_Deadband  control_althold.o
    0x0002119c   0x0002119c   0x00000064   Code   RO        11817    i.Thr_Scale_Set     control_althold.o
    0x00021200   0x00021200   0x00000240   Code   RO        12076    i.Throttle_Angle_Compensate  wp_ctrl.o
    0x00021440   0x00021440   0x00000068   Code   RO        11704    i.Throttle_Control_Reset  pid.o
    0x000214a8   0x000214a8   0x00000050   Code   RO        12531    i.Throw             subtask_demo.o
    0x000214f8   0x000214f8   0x0000005c   Code   RO         9098    i.Time0A_init       time_cnt.o
    0x00021554   0x00021554   0x0000005c   Code   RO         9099    i.Time2A_init       time_cnt.o
    0x000215b0   0x000215b0   0x00000018   Code   RO         9100    i.Time_init         time_cnt.o
    0x000215c8   0x000215c8   0x00000060   Code   RO         4339    i.TimerConfigure    timer.o
    0x00021628   0x00021628   0x0000000e   Code   RO         4348    i.TimerEnable       timer.o
    0x00021636   0x00021636   0x00000004   Code   RO         4349    i.TimerIntClear     timer.o
    0x0002163a   0x0002163a   0x00000008   Code   RO         4351    i.TimerIntEnable    timer.o
    0x00021642   0x00021642   0x00000026   Code   RO         4352    i.TimerIntRegister  timer.o
    0x00021668   0x00021668   0x00000010   Code   RO         4357    i.TimerLoadSet      timer.o
    0x00021678   0x00021678   0x0000010c   Code   RO        11927    i.Top_APrilTag_Control_Pilot  opticalflow_control.o
    0x00021784   0x00021784   0x0000010c   Code   RO        11928    i.Top_Circle_Control_Pilot  opticalflow_control.o
    0x00021890   0x00021890   0x00000048   Code   RO        12077    i.Total_Control     wp_ctrl.o
    0x000218d8   0x000218d8   0x00000128   Code   RO        11705    i.Total_PID_Init    pid.o
    0x00021a00   0x00021a00   0x00000038   Code   RO         9226    i.UART0_IRQHandler  usart.o
    0x00021a38   0x00021a38   0x00000034   Code   RO         9227    i.UART1_IRQHandler  usart.o
    0x00021a6c   0x00021a6c   0x0000007c   Code   RO         9228    i.UART2_IRQHandler  usart.o
    0x00021ae8   0x00021ae8   0x00000038   Code   RO         9229    i.UART3_IRQHandler  usart.o
    0x00021b20   0x00021b20   0x00000030   Code   RO        11286    i.UART4_IRQHandler  speaker.o
    0x00021b50   0x00021b50   0x000000bc   Code   RO         9230    i.UART6_IRQHandler  usart.o
    0x00021c0c   0x00021c0c   0x000000ac   Code   RO         9231    i.UART7_IRQHandler  usart.o
    0x00021cb8   0x00021cb8   0x00000012   Code   RO         4582    i.UARTCharGet       uart.o
    0x00021cca   0x00021cca   0x00000010   Code   RO         4584    i.UARTCharPut       uart.o
    0x00021cda   0x00021cda   0x0000000c   Code   RO         4586    i.UARTCharsAvail    uart.o
    0x00021ce6   0x00021ce6   0x00000006   Code   RO         4588    i.UARTClockSourceSet  uart.o
    0x00021cec   0x00021cec   0x0000004c   Code   RO         4590    i.UARTConfigSetExpClk  uart.o
    0x00021d38   0x00021d38   0x00000020   Code   RO         4593    i.UARTDisable       uart.o
    0x00021d58   0x00021d58   0x00000014   Code   RO         4595    i.UARTEnable        uart.o
    0x00021d6c   0x00021d6c   0x0000000a   Code   RO         4597    i.UARTFIFODisable   uart.o
    0x00021d76   0x00021d76   0x00000004   Code   RO         4603    i.UARTIntClear      uart.o
    0x00021d7a   0x00021d7a   0x00000008   Code   RO         4605    i.UARTIntEnable     uart.o
    0x00021d82   0x00021d82   0x0000001e   Code   RO         4606    i.UARTIntRegister   uart.o
    0x00021da0   0x00021da0   0x0000000c   Code   RO         4607    i.UARTIntStatus     uart.o
    0x00021dac   0x00021dac   0x0000006c   Code   RO         7777    i.UARTStdioConfig   uartstdio.o
    0x00021e18   0x00021e18   0x00000020   Code   RO         9232    i.USART0_Send       usart.o
    0x00021e38   0x00021e38   0x00000020   Code   RO         9233    i.USART1_Send       usart.o
    0x00021e58   0x00021e58   0x00000020   Code   RO         9235    i.USART3_Send       usart.o
    0x00021e78   0x00021e78   0x00000020   Code   RO         9236    i.USART6_Send       usart.o
    0x00021e98   0x00021e98   0x00000020   Code   RO         9237    i.USART7_Send       usart.o
    0x00021eb8   0x00021eb8   0x0000001a   Code   RO         9160    i.US_100_Distance   us_100.o
    0x00021ed2   0x00021ed2   0x00000002   PAD
    0x00021ed4   0x00021ed4   0x00000010   Code   RO         9161    i.US_100_Start      us_100.o
    0x00021ee4   0x00021ee4   0x00000260   Code   RO         9162    i.US_100_Statemachine  us_100.o
    0x00022144   0x00022144   0x0000004c   Code   RO        11170    i.Uart2_Serialport_Init  reserved_serialport.o
    0x00022190   0x00022190   0x0000011c   Code   RO         8287    i.Ublox_Set_Output_PVT_10hz_Baud_Set  gps.o
    0x000222ac   0x000222ac   0x00000418   Code   RO        12332    i.VIO_SLAM_INS_CF   namelesscotrun_opticalflow.o
    0x000226c4   0x000226c4   0x000000a4   Code   RO        10604    i.VL53L1Init        vl53l1x.o
    0x00022768   0x00022768   0x00000124   Code   RO        10605    i.VL53L1X_Get_Distance  vl53l1x.o
    0x0002288c   0x0002288c   0x00000034   Code   RO         6144    i.VL53L1_ClearInterruptAndStartMeasurement  vl53l1_api.o
    0x000228c0   0x000228c0   0x00000064   Code   RO         6145    i.VL53L1_DataInit   vl53l1_api.o
    0x00022924   0x00022924   0x0000001c   Code   RO         6151    i.VL53L1_GetLimitCheckEnable  vl53l1_api.o
    0x00022940   0x00022940   0x00000072   Code   RO         6154    i.VL53L1_GetLimitCheckValue  vl53l1_api.o
    0x000229b2   0x000229b2   0x00000016   Code   RO         6155    i.VL53L1_GetMeasurementDataReady  vl53l1_api.o
    0x000229c8   0x000229c8   0x00000044   Code   RO         6166    i.VL53L1_GetRangingMeasurementData  vl53l1_api.o
    0x00022a0c   0x00022a0c   0x0000001e   Code   RO         6167    i.VL53L1_GetSequenceStepEnable  vl53l1_api.o
    0x00022a2a   0x00022a2a   0x00000002   PAD
    0x00022a2c   0x00022a2c   0x00000054   Code   RO        10738    i.VL53L1_I2C_Init   vl53l1x_i2c.o
    0x00022a80   0x00022a80   0x00000020   Code   RO        10644    i.VL53L1_RdByte     vl53l1_platform.o
    0x00022aa0   0x00022aa0   0x00000020   Code   RO        10646    i.VL53L1_RdWord     vl53l1_platform.o
    0x00022ac0   0x00022ac0   0x00000028   Code   RO        10647    i.VL53L1_ReadMulti  vl53l1_platform.o
    0x00022ae8   0x00022ae8   0x0000001c   Code   RO        10739    i.VL53L1_SDA_IN     vl53l1x_i2c.o
    0x00022b04   0x00022b04   0x0000001c   Code   RO        10740    i.VL53L1_SDA_OUT    vl53l1x_i2c.o
    0x00022b20   0x00022b20   0x00000096   Code   RO         6180    i.VL53L1_SetDistanceMode  vl53l1_api.o
    0x00022bb6   0x00022bb6   0x00000016   Code   RO         6181    i.VL53L1_SetInterMeasurementPeriodMilliSeconds  vl53l1_api.o
    0x00022bcc   0x00022bcc   0x00000048   Code   RO         6182    i.VL53L1_SetLimitCheckEnable  vl53l1_api.o
    0x00022c14   0x00022c14   0x00000046   Code   RO         6183    i.VL53L1_SetLimitCheckValue  vl53l1_api.o
    0x00022c5a   0x00022c5a   0x00000002   PAD
    0x00022c5c   0x00022c5c   0x00000128   Code   RO         6184    i.VL53L1_SetMeasurementTimingBudgetMicroSeconds  vl53l1_api.o
    0x00022d84   0x00022d84   0x00000062   Code   RO         6186    i.VL53L1_SetPresetMode  vl53l1_api.o
    0x00022de6   0x00022de6   0x0000006c   Code   RO         6192    i.VL53L1_StartMeasurement  vl53l1_api.o
    0x00022e52   0x00022e52   0x0000002e   Code   RO         6193    i.VL53L1_StaticInit  vl53l1_api.o
    0x00022e80   0x00022e80   0x0000001a   Code   RO         6194    i.VL53L1_StopMeasurement  vl53l1_api.o
    0x00022e9a   0x00022e9a   0x00000016   Code   RO         6195    i.VL53L1_WaitDeviceBooted  vl53l1_api.o
    0x00022eb0   0x00022eb0   0x00000006   Code   RO        10649    i.VL53L1_WaitMs     vl53l1_platform.o
    0x00022eb6   0x00022eb6   0x00000006   Code   RO        10650    i.VL53L1_WaitUs     vl53l1_platform.o
    0x00022ebc   0x00022ebc   0x0000006a   Code   RO        10651    i.VL53L1_WaitValueMaskEx  vl53l1_platform.o
    0x00022f26   0x00022f26   0x00000028   Code   RO        10655    i.VL53L1_WriteMulti  vl53l1_platform.o
    0x00022f4e   0x00022f4e   0x00000020   Code   RO         7160    i.VL53L1_calc_decoded_timeout_us  vl53l1_core.o
    0x00022f6e   0x00022f6e   0x00000020   Code   RO         7161    i.VL53L1_calc_encoded_timeout  vl53l1_core.o
    0x00022f8e   0x00022f8e   0x00000032   Code   RO         7162    i.VL53L1_calc_macro_period_us  vl53l1_core.o
    0x00022fc0   0x00022fc0   0x0000000e   Code   RO         7507    i.VL53L1_calc_pll_period_us  vl53l1_core_support.o
    0x00022fce   0x00022fce   0x00000068   Code   RO         7164    i.VL53L1_calc_range_ignore_threshold  vl53l1_core.o
    0x00023036   0x00023036   0x00000010   Code   RO         7165    i.VL53L1_calc_timeout_mclks  vl53l1_core.o
    0x00023046   0x00023046   0x00000096   Code   RO         7166    i.VL53L1_calc_timeout_register_values  vl53l1_core.o
    0x000230dc   0x000230dc   0x00000026   Code   RO         7167    i.VL53L1_calc_timeout_us  vl53l1_core.o
    0x00023102   0x00023102   0x00000068   Code   RO         7168    i.VL53L1_check_ll_driver_rd_state  vl53l1_core.o
    0x0002316a   0x0002316a   0x0000001a   Code   RO         6646    i.VL53L1_clear_interrupt_and_enable_next_range  vl53l1_api_core.o
    0x00023184   0x00023184   0x0000001e   Code   RO         7170    i.VL53L1_config_low_power_auto_mode  vl53l1_core.o
    0x000231a2   0x000231a2   0x00000086   Code   RO         7171    i.VL53L1_copy_rtn_good_spads_to_buffer  vl53l1_core.o
    0x00023228   0x00023228   0x000001e6   Code   RO         6647    i.VL53L1_copy_sys_and_core_results_to_range_results  vl53l1_api_core.o
    0x0002340e   0x0002340e   0x000000c6   Code   RO         6648    i.VL53L1_data_init  vl53l1_api_core.o
    0x000234d4   0x000234d4   0x0000002e   Code   RO         7508    i.VL53L1_decode_row_col  vl53l1_core_support.o
    0x00023502   0x00023502   0x0000000e   Code   RO         7173    i.VL53L1_decode_timeout  vl53l1_core.o
    0x00023510   0x00023510   0x0000000c   Code   RO         7509    i.VL53L1_decode_vcsel_period  vl53l1_core_support.o
    0x0002351c   0x0002351c   0x0000000c   Code   RO         7176    i.VL53L1_decode_zone_size  vl53l1_core.o
    0x00023528   0x00023528   0x00000022   Code   RO         7182    i.VL53L1_encode_row_col  vl53l1_core.o
    0x0002354a   0x0002354a   0x00000028   Code   RO         7183    i.VL53L1_encode_timeout  vl53l1_core.o
    0x00023572   0x00023572   0x00000008   Code   RO         7186    i.VL53L1_encode_zone_size  vl53l1_core.o
    0x0002357a   0x0002357a   0x0000002e   Code   RO         7543    i.VL53L1_get_customer_nvm_managed  vl53l1_register_funcs.o
    0x000235a8   0x000235a8   0x000000a8   Code   RO         6653    i.VL53L1_get_device_results  vl53l1_api_core.o
    0x00023650   0x00023650   0x00000012   Code   RO         6656    i.VL53L1_get_lite_min_count_rate  vl53l1_api_core.o
    0x00023662   0x00023662   0x00000012   Code   RO         6657    i.VL53L1_get_lite_sigma_threshold  vl53l1_api_core.o
    0x00023674   0x00023674   0x000000b2   Code   RO         6659    i.VL53L1_get_measurement_results  vl53l1_api_core.o
    0x00023726   0x00023726   0x00000042   Code   RO         6660    i.VL53L1_get_mode_mitigation_roi  vl53l1_api_core.o
    0x00023768   0x00023768   0x00000030   Code   RO         7544    i.VL53L1_get_nvm_copy_data  vl53l1_register_funcs.o
    0x00023798   0x00023798   0x000000ca   Code   RO         6664    i.VL53L1_get_preset_mode_timing_cfg  vl53l1_api_core.o
    0x00023862   0x00023862   0x00000034   Code   RO         6667    i.VL53L1_get_sequence_config_bit  vl53l1_api_core.o
    0x00023896   0x00023896   0x0000002a   Code   RO         7545    i.VL53L1_get_static_nvm_managed  vl53l1_register_funcs.o
    0x000238c0   0x000238c0   0x00000098   Code   RO         6668    i.VL53L1_get_timeouts_us  vl53l1_api_core.o
    0x00023958   0x00023958   0x0000025e   Code   RO         6669    i.VL53L1_get_tuning_parm  vl53l1_api_core.o
    0x00023bb6   0x00023bb6   0x0000002e   Code   RO         6670    i.VL53L1_get_user_zone  vl53l1_api_core.o
    0x00023be4   0x00023be4   0x00000080   Code   RO         7547    i.VL53L1_i2c_decode_core_results  vl53l1_register_funcs.o
    0x00023c64   0x00023c64   0x000000a4   Code   RO         7548    i.VL53L1_i2c_decode_customer_nvm_managed  vl53l1_register_funcs.o
    0x00023d08   0x00023d08   0x0000018a   Code   RO         7549    i.VL53L1_i2c_decode_debug_results  vl53l1_register_funcs.o
    0x00023e92   0x00023e92   0x00000026   Code   RO         7188    i.VL53L1_i2c_decode_int16_t  vl53l1_core.o
    0x00023eb8   0x00023eb8   0x00000024   Code   RO         7189    i.VL53L1_i2c_decode_int32_t  vl53l1_core.o
    0x00023edc   0x00023edc   0x00000142   Code   RO         7551    i.VL53L1_i2c_decode_nvm_copy_data  vl53l1_register_funcs.o
    0x0002401e   0x0002401e   0x00000062   Code   RO         7553    i.VL53L1_i2c_decode_static_nvm_managed  vl53l1_register_funcs.o
    0x00024080   0x00024080   0x00000124   Code   RO         7554    i.VL53L1_i2c_decode_system_results  vl53l1_register_funcs.o
    0x000241a4   0x000241a4   0x0000001e   Code   RO         7190    i.VL53L1_i2c_decode_uint16_t  vl53l1_core.o
    0x000241c2   0x000241c2   0x0000001c   Code   RO         7191    i.VL53L1_i2c_decode_uint32_t  vl53l1_core.o
    0x000241de   0x000241de   0x000000ac   Code   RO         7555    i.VL53L1_i2c_encode_customer_nvm_managed  vl53l1_register_funcs.o
    0x0002428a   0x0002428a   0x0000008c   Code   RO         7556    i.VL53L1_i2c_encode_dynamic_config  vl53l1_register_funcs.o
    0x00024316   0x00024316   0x00000092   Code   RO         7557    i.VL53L1_i2c_encode_general_config  vl53l1_register_funcs.o
    0x000243a8   0x000243a8   0x00000020   Code   RO         7193    i.VL53L1_i2c_encode_int16_t  vl53l1_core.o
    0x000243c8   0x000243c8   0x000000e6   Code   RO         7558    i.VL53L1_i2c_encode_static_config  vl53l1_register_funcs.o
    0x000244ae   0x000244ae   0x00000062   Code   RO         7559    i.VL53L1_i2c_encode_static_nvm_managed  vl53l1_register_funcs.o
    0x00024510   0x00024510   0x00000038   Code   RO         7560    i.VL53L1_i2c_encode_system_control  vl53l1_register_funcs.o
    0x00024548   0x00024548   0x00000090   Code   RO         7561    i.VL53L1_i2c_encode_timing_config  vl53l1_register_funcs.o
    0x000245d8   0x000245d8   0x00000020   Code   RO         7195    i.VL53L1_i2c_encode_uint16_t  vl53l1_core.o
    0x000245f8   0x000245f8   0x00000020   Code   RO         7196    i.VL53L1_i2c_encode_uint32_t  vl53l1_core.o
    0x00024618   0x00024618   0x00000274   Code   RO         6674    i.VL53L1_init_and_start_range  vl53l1_api_core.o
    0x0002488c   0x0002488c   0x00000026   Code   RO         7197    i.VL53L1_init_ll_driver_state  vl53l1_core.o
    0x000248b2   0x000248b2   0x00000026   Code   RO         6988    i.VL53L1_init_offset_cal_config_struct  vl53l1_api_preset_modes.o
    0x000248d8   0x000248d8   0x00000022   Code   RO         6989    i.VL53L1_init_refspadchar_config_struct  vl53l1_api_preset_modes.o
    0x000248fa   0x000248fa   0x00000020   Code   RO         6990    i.VL53L1_init_ssc_config_struct  vl53l1_api_preset_modes.o
    0x0002491a   0x0002491a   0x000000a4   Code   RO         6991    i.VL53L1_init_tuning_parm_storage_struct  vl53l1_api_preset_modes.o
    0x000249be   0x000249be   0x0000001c   Code   RO         7199    i.VL53L1_init_version  vl53l1_core.o
    0x000249da   0x000249da   0x00000066   Code   RO         6992    i.VL53L1_init_xtalk_config_struct  vl53l1_api_preset_modes.o
    0x00024a40   0x00024a40   0x00000054   Code   RO         7713    i.VL53L1_is_new_data_ready  vl53l1_wait.o
    0x00024a94   0x00024a94   0x00000034   Code   RO         7201    i.VL53L1_low_power_auto_data_init  vl53l1_core.o
    0x00024ac8   0x00024ac8   0x00000050   Code   RO         7202    i.VL53L1_low_power_auto_data_stop_range  vl53l1_core.o
    0x00024b18   0x00024b18   0x00000062   Code   RO         7203    i.VL53L1_low_power_auto_setup_manual_calibration  vl53l1_core.o
    0x00024b7a   0x00024b7a   0x0000009e   Code   RO         7204    i.VL53L1_low_power_auto_update_DSS  vl53l1_core.o
    0x00024c18   0x00024c18   0x00000038   Code   RO         7714    i.VL53L1_poll_for_boot_completion  vl53l1_wait.o
    0x00024c50   0x00024c50   0x0000003c   Code   RO         6993    i.VL53L1_preset_mode_low_power_auto_long_ranging  vl53l1_api_preset_modes.o
    0x00024c8c   0x00024c8c   0x0000003c   Code   RO         6994    i.VL53L1_preset_mode_low_power_auto_ranging  vl53l1_api_preset_modes.o
    0x00024cc8   0x00024cc8   0x0000003c   Code   RO         6995    i.VL53L1_preset_mode_low_power_auto_short_ranging  vl53l1_api_preset_modes.o
    0x00024d04   0x00024d04   0x00000030   Code   RO         6996    i.VL53L1_preset_mode_olt  vl53l1_api_preset_modes.o
    0x00024d34   0x00024d34   0x0000004e   Code   RO         6997    i.VL53L1_preset_mode_singleshot_ranging  vl53l1_api_preset_modes.o
    0x00024d82   0x00024d82   0x0000013a   Code   RO         6998    i.VL53L1_preset_mode_standard_ranging  vl53l1_api_preset_modes.o
    0x00024ebc   0x00024ebc   0x00000054   Code   RO         6999    i.VL53L1_preset_mode_standard_ranging_long_range  vl53l1_api_preset_modes.o
    0x00024f10   0x00024f10   0x00000034   Code   RO         7000    i.VL53L1_preset_mode_standard_ranging_mm1_cal  vl53l1_api_preset_modes.o
    0x00024f44   0x00024f44   0x00000034   Code   RO         7001    i.VL53L1_preset_mode_standard_ranging_mm2_cal  vl53l1_api_preset_modes.o
    0x00024f78   0x00024f78   0x00000054   Code   RO         7002    i.VL53L1_preset_mode_standard_ranging_short_range  vl53l1_api_preset_modes.o
    0x00024fcc   0x00024fcc   0x00000054   Code   RO         7003    i.VL53L1_preset_mode_timed_ranging  vl53l1_api_preset_modes.o
    0x00025020   0x00025020   0x00000054   Code   RO         7004    i.VL53L1_preset_mode_timed_ranging_long_range  vl53l1_api_preset_modes.o
    0x00025074   0x00025074   0x00000056   Code   RO         7005    i.VL53L1_preset_mode_timed_ranging_short_range  vl53l1_api_preset_modes.o
    0x000250ca   0x000250ca   0x00000020   Code   RO        10741    i.VL53L1_read_byte  vl53l1x_i2c.o
    0x000250ea   0x000250ea   0x00000028   Code   RO        10743    i.VL53L1_read_multi  vl53l1x_i2c.o
    0x00025112   0x00025112   0x0000009c   Code   RO         6675    i.VL53L1_read_p2p_data  vl53l1_api_core.o
    0x000251ae   0x000251ae   0x0000002a   Code   RO        10744    i.VL53L1_read_word  vl53l1x_i2c.o
    0x000251d8   0x000251d8   0x0000002a   Code   RO         6680    i.VL53L1_set_inter_measurement_period_ms  vl53l1_api_core.o
    0x00025202   0x00025202   0x00000010   Code   RO         6682    i.VL53L1_set_lite_min_count_rate  vl53l1_api_core.o
    0x00025212   0x00025212   0x00000010   Code   RO         6683    i.VL53L1_set_lite_sigma_threshold  vl53l1_api_core.o
    0x00025222   0x00025222   0x000001da   Code   RO         6688    i.VL53L1_set_preset_mode  vl53l1_api_core.o
    0x000253fc   0x000253fc   0x0000002a   Code   RO         7567    i.VL53L1_set_system_control  vl53l1_register_funcs.o
    0x00025426   0x00025426   0x00000050   Code   RO         6692    i.VL53L1_set_timeouts_us  vl53l1_api_core.o
    0x00025476   0x00025476   0x0000002a   Code   RO         6694    i.VL53L1_set_user_zone  vl53l1_api_core.o
    0x000254a0   0x000254a0   0x00000020   Code   RO         6696    i.VL53L1_set_vhv_loopbound  vl53l1_api_core.o
    0x000254c0   0x000254c0   0x00000054   Code   RO         6698    i.VL53L1_stop_range  vl53l1_api_core.o
    0x00025514   0x00025514   0x00000082   Code   RO         7214    i.VL53L1_update_ll_driver_cfg_state  vl53l1_core.o
    0x00025596   0x00025596   0x000000ac   Code   RO         7215    i.VL53L1_update_ll_driver_rd_state  vl53l1_core.o
    0x00025642   0x00025642   0x00000028   Code   RO        10747    i.VL53L1_write_multi  vl53l1x_i2c.o
    0x0002566a   0x0002566a   0x00000072   Code   RO        10749    i.VL_I2C_Read_nByte  vl53l1x_i2c.o
    0x000256dc   0x000256dc   0x0000005a   Code   RO        10750    i.VL_I2C_Write_nByte  vl53l1x_i2c.o
    0x00025736   0x00025736   0x00000002   PAD
    0x00025738   0x00025738   0x00000040   Code   RO        10751    i.VL_IIC_Ack        vl53l1x_i2c.o
    0x00025778   0x00025778   0x00000040   Code   RO        10752    i.VL_IIC_NAck       vl53l1x_i2c.o
    0x000257b8   0x000257b8   0x00000064   Code   RO        10754    i.VL_IIC_Read_Byte  vl53l1x_i2c.o
    0x0002581c   0x0002581c   0x00000068   Code   RO        10755    i.VL_IIC_Send_Byte  vl53l1x_i2c.o
    0x00025884   0x00025884   0x00000034   Code   RO        10756    i.VL_IIC_Start      vl53l1x_i2c.o
    0x000258b8   0x000258b8   0x00000034   Code   RO        10757    i.VL_IIC_Stop       vl53l1x_i2c.o
    0x000258ec   0x000258ec   0x00000054   Code   RO        10758    i.VL_IIC_Wait_Ack   vl53l1x_i2c.o
    0x00025940   0x00025940   0x00000014   Code   RO        12078    i.Value_Limit       wp_ctrl.o
    0x00025954   0x00025954   0x0000007a   Code   RO        11485    i.Vector_From_BodyFrame2EarthFrame  sins.o
    0x000259ce   0x000259ce   0x00000002   PAD
    0x000259d0   0x000259d0   0x0000003c   Code   RO        12158    i.WP_Init           license.o
    0x00025a0c   0x00025a0c   0x000000d4   Code   RO        11371    i.WP_Quad_Init      sensor.o
    0x00025ae0   0x00025ae0   0x0000002e   Code   RO         9406    i.WriteFlashParameter  wp_flash.o
    0x00025b0e   0x00025b0e   0x0000004a   Code   RO         9407    i.WriteFlashParameter_Three  wp_flash.o
    0x00025b58   0x00025b58   0x0000003c   Code   RO         9408    i.WriteFlashParameter_Two  wp_flash.o
    0x00025b94   0x00025b94   0x000000cc   Code   RO        12079    i.Yaw_Fault_Check   wp_ctrl.o
    0x00025c60   0x00025c60   0x00000060   Code   RO           39    i._ADCIntNumberGet  adc.o
    0x00025cc0   0x00025cc0   0x00000038   Code   RO          842    i._EEPROMSectorMaskClear  eeprom.o
    0x00025cf8   0x00025cf8   0x00000040   Code   RO          843    i._EEPROMSectorMaskSet  eeprom.o
    0x00025d38   0x00025d38   0x00000014   Code   RO          844    i._EEPROMWaitForDone  eeprom.o
    0x00025d4c   0x00025d4c   0x0000004c   Code   RO         1879    i._GPIOIntNumberGet  gpio.o
    0x00025d98   0x00025d98   0x00000058   Code   RO         4372    i._TimerIntNumberGet  timer.o
    0x00025df0   0x00025df0   0x0000004c   Code   RO         4622    i._UARTIntNumberGet  uart.o
    0x00025e3c   0x00025e3c   0x00000030   Code   RO        13179    i.__ARM_fpclassify  m_wm.l(fpclassify.o)
    0x00025e6c   0x00025e6c   0x00000026   Code   RO        13181    i.__ARM_fpclassifyf  m_wm.l(fpclassifyf.o)
    0x00025e92   0x00025e92   0x0000000e   Code   RO         7860    i.__ARM_isnanf      calibration.o
    0x00025ea0   0x00025ea0   0x0000000e   Code   RO         8150    i.__ARM_isnanf      filter.o
    0x00025eae   0x00025eae   0x0000000e   Code   RO         8411    i.__ARM_isnanf      icm2068x.o
    0x00025ebc   0x00025ebc   0x0000000e   Code   RO         9486    i.__ARM_isnanf      wp_math.o
    0x00025eca   0x00025eca   0x0000000e   Code   RO        11372    i.__ARM_isnanf      sensor.o
    0x00025ed8   0x00025ed8   0x0000000e   Code   RO        11487    i.__ARM_isnanf      sins.o
    0x00025ee6   0x00025ee6   0x0000000e   Code   RO        11706    i.__ARM_isnanf      pid.o
    0x00025ef4   0x00025ef4   0x0000000e   Code   RO        12202    i.__ARM_isnanf      namelesscotrun_sdk.o
    0x00025f02   0x00025f02   0x0000000e   Code   RO        12333    i.__ARM_isnanf      namelesscotrun_opticalflow.o
    0x00025f10   0x00025f10   0x0000012c   Code   RO        12858    i.__hardfp_asinf    m_wm.l(asinf.o)
    0x0002603c   0x0002603c   0x00000004   PAD
    0x00026040   0x00026040   0x000002d8   Code   RO        12870    i.__hardfp_atan     m_wm.l(atan.o)
    0x00026318   0x00026318   0x000002ac   Code   RO        12896    i.__hardfp_atan2f   m_wm.l(atan2f.o)
    0x000265c4   0x000265c4   0x00000160   Code   RO        12908    i.__hardfp_atanf    m_wm.l(atanf.o)
    0x00026724   0x00026724   0x00000004   PAD
    0x00026728   0x00026728   0x000000c8   Code   RO        12926    i.__hardfp_cos      m_wm.l(cos.o)
    0x000267f0   0x000267f0   0x00000150   Code   RO        12938    i.__hardfp_cosf     m_wm.l(cosf.o)
    0x00026940   0x00026940   0x00000070   Code   RO        12956    i.__hardfp_floorf   m_wm.l(floorf.o)
    0x000269b0   0x000269b0   0x00000048   Code   RO        13060    i.__hardfp_fminf    m_wm.l(fminf.o)
    0x000269f8   0x000269f8   0x000000c8   Code   RO        12988    i.__hardfp_sin      m_wm.l(sin.o)
    0x00026ac0   0x00026ac0   0x00000190   Code   RO        13000    i.__hardfp_sinf     m_wm.l(sinf.o)
    0x00026c50   0x00026c50   0x0000007a   Code   RO        13012    i.__hardfp_sqrt     m_wm.l(sqrt.o)
    0x00026cca   0x00026cca   0x0000003a   Code   RO        13024    i.__hardfp_sqrtf    m_wm.l(sqrtf.o)
    0x00026d04   0x00026d04   0x0000017c   Code   RO        13048    i.__hardfp_tanf     m_wm.l(tanf.o)
    0x00026e80   0x00026e80   0x00000438   Code   RO        13214    i.__ieee754_rem_pio2  m_wm.l(rred.o)
    0x000272b8   0x000272b8   0x00000170   Code   RO        13162    i.__kernel_cos      m_wm.l(cos_i.o)
    0x00027428   0x00027428   0x000000f8   Code   RO        13211    i.__kernel_poly     m_wm.l(poly.o)
    0x00027520   0x00027520   0x00000130   Code   RO        13222    i.__kernel_sin      m_wm.l(sin_i.o)
    0x00027650   0x00027650   0x00000014   Code   RO        13166    i.__mathlib_dbl_infnan  m_wm.l(dunder.o)
    0x00027664   0x00027664   0x00000004   PAD
    0x00027668   0x00027668   0x00000020   Code   RO        13168    i.__mathlib_dbl_invalid  m_wm.l(dunder.o)
    0x00027688   0x00027688   0x00000020   Code   RO        13171    i.__mathlib_dbl_underflow  m_wm.l(dunder.o)
    0x000276a8   0x000276a8   0x00000006   Code   RO        13184    i.__mathlib_flt_infnan  m_wm.l(funder.o)
    0x000276ae   0x000276ae   0x00000006   Code   RO        13185    i.__mathlib_flt_infnan2  m_wm.l(funder.o)
    0x000276b4   0x000276b4   0x00000010   Code   RO        13186    i.__mathlib_flt_invalid  m_wm.l(funder.o)
    0x000276c4   0x000276c4   0x00000010   Code   RO        13189    i.__mathlib_flt_underflow  m_wm.l(funder.o)
    0x000276d4   0x000276d4   0x00000154   Code   RO        13219    i.__mathlib_rredf2  m_wm.l(rredf.o)
    0x00027828   0x00027828   0x00000034   Code   RO        11604    i.alt_handmove_check  control_land.o
    0x0002785c   0x0002785c   0x00000020   Code   RO        12203    i.auto_altland      namelesscotrun_sdk.o
    0x0002787c   0x0002787c   0x00000038   Code   RO        12532    i.basic_auto_flight_support  subtask_demo.o
    0x000278b4   0x000278b4   0x00000054   Code   RO         9487    i.constrain_float   wp_math.o
    0x00027908   0x00027908   0x00000016   Code   RO         9488    i.constrain_int16   wp_math.o
    0x0002791e   0x0002791e   0x00000016   Code   RO         8810    i.constrain_int16_t  rc.o
    0x00027934   0x00027934   0x00000012   Code   RO         9023    i.delay             time.o
    0x00027946   0x00027946   0x00000018   Code   RO         9024    i.delayMicroseconds  time.o
    0x0002795e   0x0002795e   0x0000000c   Code   RO         9025    i.delay_ms          time.o
    0x0002796a   0x0002796a   0x0000000c   Code   RO         9026    i.delay_us          time.o
    0x00027976   0x00027976   0x00000002   PAD
    0x00027978   0x00027978   0x0000005c   Code   RO        12533    i.deliver_work_waypoint_generate  subtask_demo.o
    0x000279d4   0x000279d4   0x00000020   Code   RO         8564    i.display_6_8_number  oled.o
    0x000279f4   0x000279f4   0x00000014   Code   RO         8565    i.display_6_8_string  oled.o
    0x00027a08   0x00027a08   0x00000002   Code   RO         9660    i.draw_gps_wave     ssd1306.o
    0x00027a0a   0x00027a0a   0x00000002   PAD
    0x00027a0c   0x00027a0c   0x0000011c   Code   RO         9661    i.draw_ins_wave     ssd1306.o
    0x00027b28   0x00027b28   0x00000038   Code   RO         9662    i.draw_oled         ssd1306.o
    0x00027b60   0x00027b60   0x00000018   Code   RO        12952    i.fabs              m_wm.l(fabs.o)
    0x00027b78   0x00027b78   0x00000038   Code   RO         9491    i.fast_atan         wp_math.o
    0x00027bb0   0x00027bb0   0x00000214   Code   RO        12538    i.flight_subtask_5  subtask_demo.o
    0x00027dc4   0x00027dc4   0x0000038c   Code   RO        12540    i.flight_subtask_7  subtask_demo.o
    0x00028150   0x00028150   0x000001d0   Code   RO        12541    i.flight_subtask_8  subtask_demo.o
    0x00028320   0x00028320   0x00000038   Code   RO        12542    i.flight_subtask_reset  subtask_demo.o
    0x00028358   0x00028358   0x00000060   Code   RO        12334    i.from_body_to_nav_frame  namelesscotrun_opticalflow.o
    0x000283b8   0x000283b8   0x00000068   Code   RO        12335    i.from_vio_to_body_frame  namelesscotrun_opticalflow.o
    0x00028420   0x00028420   0x00000194   Code   RO        11332    i.get_declination   earth_declination.o
    0x000285b4   0x000285b4   0x0000005c   Code   RO        11490    i.get_distance      sins.o
    0x00028610   0x00028610   0x00000154   Code   RO        11333    i.get_lookup_value  earth_declination.o
    0x00028764   0x00028764   0x000000e0   Code   RO        11853    i.get_stopping_point_xy  control_poshold.o
    0x00028844   0x00028844   0x00000074   Code   RO         8449    i.i2c0Read          myiic.o
    0x000288b8   0x000288b8   0x00000014   Code   RO         8451    i.i2c0Write         myiic.o
    0x000288cc   0x000288cc   0x000000a8   Code   RO         8452    i.i2c0WriteData     myiic.o
    0x00028974   0x00028974   0x00000058   Code   RO         8453    i.i2cRead           myiic.o
    0x000289cc   0x000289cc   0x000000ac   Code   RO         8454    i.i2cReadData       myiic.o
    0x00028a78   0x00028a78   0x00000014   Code   RO         8455    i.i2cWrite          myiic.o
    0x00028a8c   0x00028a8c   0x00000080   Code   RO         8456    i.i2cWriteData      myiic.o
    0x00028b0c   0x00028b0c   0x00000034   Code   RO         9027    i.initTime          time.o
    0x00028b40   0x00028b40   0x0000003c   Code   RO        11373    i.invSqrt           sensor.o
    0x00028b7c   0x00028b7c   0x00000016   Code   RO         8360    i.key_delay         key.o
    0x00028b92   0x00028b92   0x00000002   PAD
    0x00028b94   0x00028b94   0x0000024c   Code   RO        11605    i.land_althold      control_land.o
    0x00028de0   0x00028de0   0x00000488   Code   RO        11606    i.land_gps_run      control_land.o
    0x00029268   0x00029268   0x00000104   Code   RO        11607    i.land_nogps_run    control_land.o
    0x0002936c   0x0002936c   0x000000f4   Code   RO        11608    i.land_pos_sort     control_land.o
    0x00029460   0x00029460   0x00000454   Code   RO        11609    i.land_poshold      control_land.o
    0x000298b4   0x000298b4   0x00000060   Code   RO        11610    i.land_reset        control_land.o
    0x00029914   0x00029914   0x00000020   Code   RO        11611    i.land_run          control_land.o
    0x00029934   0x00029934   0x00000114   Code   RO        11612    i.land_state_check  control_land.o
    0x00029a48   0x00029a48   0x000000e8   Code   RO        11613    i.landon_earth_check  control_land.o
    0x00029b30   0x00029b30   0x00000170   Code   RO        11248    i.laser_state_sort  lsn10.o
    0x00029ca0   0x00029ca0   0x00000058   Code   RO        11491    i.location_diff     sins.o
    0x00029cf8   0x00029cf8   0x00000090   Code   RO        11492    i.longitude_scale   sins.o
    0x00029d88   0x00029d88   0x000001cc   Code   RO        11249    i.lsn10_data_prase  lsn10.o
    0x00029f54   0x00029f54   0x00000042   Code   RO        11250    i.lsn10_motor_ctrl  lsn10.o
    0x00029f96   0x00029f96   0x00000002   PAD
    0x00029f98   0x00029f98   0x00000014   Code   RO        11251    i.lsn10_uart_send   lsn10.o
    0x00029fac   0x00029fac   0x00000058   Code   RO         5792    i.main              main.o
    0x0002a004   0x0002a004   0x00000040   Code   RO         9028    i.micros            time.o
    0x0002a044   0x0002a044   0x00000010   Code   RO         9029    i.millis            time.o
    0x0002a054   0x0002a054   0x00000118   Code   RO        12206    i.move_with_xy_target  namelesscotrun_sdk.o
    0x0002a16c   0x0002a16c   0x00000258   Code   RO        12207    i.move_with_z_target  namelesscotrun_sdk.o
    0x0002a3c4   0x0002a3c4   0x00000258   Code   RO        11818    i.ncq_control_althold  control_althold.o
    0x0002a61c   0x0002a61c   0x00000520   Code   RO        11854    i.ncq_control_poshold  control_poshold.o
    0x0002ab3c   0x0002ab3c   0x00000074   Code   RO        11855    i.ncq_speed_mapping  control_poshold.o
    0x0002abb0   0x0002abb0   0x00000090   Code   RO        11929    i.ngs_nav_ctrl_finish_predict  opticalflow_control.o
    0x0002ac40   0x0002ac40   0x000001f0   Code   RO        12336    i.opticalflow_pretreat  namelesscotrun_opticalflow.o
    0x0002ae30   0x0002ae30   0x00000128   Code   RO        12080    i.overturn_check    wp_ctrl.o
    0x0002af58   0x0002af58   0x00000006   Code   RO        11334    i.pgm_read_byte_far  earth_declination.o
    0x0002af5e   0x0002af5e   0x00000002   PAD
    0x0002af60   0x0002af60   0x00000034   Code   RO        11614    i.pos_handmove_check  control_land.o
    0x0002af94   0x0002af94   0x00000034   Code   RO         9493    i.pythagorous2      wp_math.o
    0x0002afc8   0x0002afc8   0x00000044   Code   RO         9494    i.pythagorous3      wp_math.o
    0x0002b00c   0x0002b00c   0x00000190   Code   RO        11374    i.quad_from_euler   sensor.o
    0x0002b19c   0x0002b19c   0x000000d8   Code   RO        11171    i.quad_getangle     reserved_serialport.o
    0x0002b274   0x0002b274   0x00000c48   Code   RO        12543    i.robocup_fly       subtask_demo.o
    0x0002bebc   0x0002bebc   0x0000007c   Code   RO        12544    i.ros_flight_support  subtask_demo.o
    0x0002bf38   0x0002bf38   0x00000034   Code   RO         9497    i.safe_sqrt         wp_math.o
    0x0002bf6c   0x0002bf6c   0x00000014   Code   RO         8759    i.sensor_config_uart  opticalflow_lc306.o
    0x0002bf80   0x0002bf80   0x000004b0   Code   RO        11856    i.slam_control_poshold  control_poshold.o
    0x0002c430   0x0002c430   0x00000018   Code   RO        11857    i.slam_ok           control_poshold.o
    0x0002c448   0x0002c448   0x000000b0   Code   RO        11287    i.speaker_gh        speaker.o
    0x0002c4f8   0x0002c4f8   0x00000040   Code   RO        11288    i.speaker_notify_run  speaker.o
    0x0002c538   0x0002c538   0x000001e4   Code   RO         8919    i.spl0601_get_calib_param  spl06.o
    0x0002c71c   0x0002c71c   0x000000dc   Code   RO         8920    i.spl0601_get_pressure  spl06.o
    0x0002c7f8   0x0002c7f8   0x0000006c   Code   RO         8921    i.spl0601_get_raw_pressure  spl06.o
    0x0002c864   0x0002c864   0x00000070   Code   RO         8922    i.spl0601_get_raw_temp  spl06.o
    0x0002c8d4   0x0002c8d4   0x00000094   Code   RO         8923    i.spl0601_get_temperature  spl06.o
    0x0002c968   0x0002c968   0x000000f4   Code   RO         8924    i.spl0601_init      spl06.o
    0x0002ca5c   0x0002ca5c   0x00000144   Code   RO         8925    i.spl0601_rateset   spl06.o
    0x0002cba0   0x0002cba0   0x00000014   Code   RO         8926    i.spl0601_read      spl06.o
    0x0002cbb4   0x0002cbb4   0x00000012   Code   RO         8927    i.spl0601_start_continuous  spl06.o
    0x0002cbc6   0x0002cbc6   0x00000014   Code   RO         8930    i.spl0601_write     spl06.o
    0x0002cbda   0x0002cbda   0x0000000a   Code   RO         9498    i.sq                wp_math.o
    0x0002cbe4   0x0002cbe4   0x0000003e   Code   RO        13026    i.sqrtf             m_wm.l(sqrtf.o)
    0x0002cc22   0x0002cc22   0x00000002   PAD
    0x0002cc24   0x0002cc24   0x0000015c   Code   RO         9664    i.ssd1306_begin     ssd1306.o
    0x0002cd80   0x0002cd80   0x00000014   Code   RO         9665    i.ssd1306_clear_display  ssd1306.o
    0x0002cd94   0x0002cd94   0x0000000c   Code   RO         9666    i.ssd1306_command   ssd1306.o
    0x0002cda0   0x0002cda0   0x0000002c   Code   RO         9670    i.ssd1306_display   ssd1306.o
    0x0002cdcc   0x0002cdcc   0x00000104   Code   RO         9674    i.ssd1306_draw_circle  ssd1306.o
    0x0002ced0   0x0002ced0   0x000000a8   Code   RO         9676    i.ssd1306_draw_fast_hline  ssd1306.o
    0x0002cf78   0x0002cf78   0x000000bc   Code   RO         9677    i.ssd1306_draw_fast_hline_internal  ssd1306.o
    0x0002d034   0x0002d034   0x000000a8   Code   RO         9678    i.ssd1306_draw_fast_vline  ssd1306.o
    0x0002d0dc   0x0002d0dc   0x00000190   Code   RO         9679    i.ssd1306_draw_fast_vline_internal  ssd1306.o
    0x0002d26c   0x0002d26c   0x000000ce   Code   RO         9680    i.ssd1306_draw_line  ssd1306.o
    0x0002d33a   0x0002d33a   0x00000002   PAD
    0x0002d33c   0x0002d33c   0x0000011c   Code   RO         9681    i.ssd1306_draw_pixel  ssd1306.o
    0x0002d458   0x0002d458   0x0000004c   Code   RO         9682    i.ssd1306_draw_rect  ssd1306.o
    0x0002d4a4   0x0002d4a4   0x00000040   Code   RO         9684    i.ssd1306_draw_triangle  ssd1306.o
    0x0002d4e4   0x0002d4e4   0x00000030   Code   RO         9686    i.ssd1306_fill_circle  ssd1306.o
    0x0002d514   0x0002d514   0x000000c6   Code   RO         9687    i.ssd1306_fill_circle_helper  ssd1306.o
    0x0002d5da   0x0002d5da   0x00000002   PAD
    0x0002d5dc   0x0002d5dc   0x0000000c   Code   RO         9695    i.ssd1306_height    ssd1306.o
    0x0002d5e8   0x0002d5e8   0x0000000c   Code   RO         9710    i.ssd1306_width     ssd1306.o
    0x0002d5f4   0x0002d5f4   0x00000044   Code   RO        11289    i.syn6658_frame_package  speaker.o
    0x0002d638   0x0002d638   0x00000148   Code   RO        12546    i.try_uart          subtask_demo.o
    0x0002d780   0x0002d780   0x000000a8   Code   RO        11172    i.us100_front_statemachine  reserved_serialport.o
    0x0002d828   0x0002d828   0x0000007c   Code   RO         8931    i.user_spl0601_get  spl06.o
    0x0002d8a4   0x0002d8a4   0x0000005c   Code   RO        12547    i.wise_waypoint_generate  subtask_demo.o
    0x0002d900   0x0002d900   0x00000060   Code   RO        12549    i.work_waypoint_generate  subtask_demo.o
    0x0002d960   0x0002d960   0x000002d4   Code   RO         8567    i.write_6_8_number  oled.o
    0x0002dc34   0x0002dc34   0x00000018   Code   RO        12794    x$fpl$basic         fz_wm.l(basic.o)
    0x0002dc4c   0x0002dc4c   0x00000062   Code   RO        12796    x$fpl$d2f           fz_wm.l(d2f.o)
    0x0002dcae   0x0002dcae   0x00000002   PAD
    0x0002dcb0   0x0002dcb0   0x00000150   Code   RO        12798    x$fpl$dadd          fz_wm.l(daddsub_clz.o)
    0x0002de00   0x0002de00   0x00000018   Code   RO        13141    x$fpl$dcmpinf       fz_wm.l(dcmpi.o)
    0x0002de18   0x0002de18   0x000002b0   Code   RO        12805    x$fpl$ddiv          fz_wm.l(ddiv.o)
    0x0002e0c8   0x0002e0c8   0x0000005e   Code   RO        12808    x$fpl$dfix          fz_wm.l(dfix.o)
    0x0002e126   0x0002e126   0x00000002   PAD
    0x0002e128   0x0002e128   0x0000005a   Code   RO        12812    x$fpl$dfixu         fz_wm.l(dfixu.o)
    0x0002e182   0x0002e182   0x0000002e   Code   RO        12817    x$fpl$dflt          fz_wm.l(dflt_clz.o)
    0x0002e1b0   0x0002e1b0   0x00000026   Code   RO        12816    x$fpl$dfltu         fz_wm.l(dflt_clz.o)
    0x0002e1d6   0x0002e1d6   0x00000002   PAD
    0x0002e1d8   0x0002e1d8   0x00000078   Code   RO        12822    x$fpl$dleqf         fz_wm.l(dleqf.o)
    0x0002e250   0x0002e250   0x00000154   Code   RO        12824    x$fpl$dmul          fz_wm.l(dmul.o)
    0x0002e3a4   0x0002e3a4   0x0000009c   Code   RO        13145    x$fpl$dnaninf       fz_wm.l(dnaninf.o)
    0x0002e440   0x0002e440   0x0000000c   Code   RO        13147    x$fpl$dretinf       fz_wm.l(dretinf.o)
    0x0002e44c   0x0002e44c   0x0000006c   Code   RO        12826    x$fpl$drleqf        fz_wm.l(drleqf.o)
    0x0002e4b8   0x0002e4b8   0x00000016   Code   RO        12799    x$fpl$drsb          fz_wm.l(daddsub_clz.o)
    0x0002e4ce   0x0002e4ce   0x00000002   PAD
    0x0002e4d0   0x0002e4d0   0x00000198   Code   RO        13149    x$fpl$dsqrt         fz_wm.l(dsqrt_umaal.o)
    0x0002e668   0x0002e668   0x000001d4   Code   RO        12800    x$fpl$dsub          fz_wm.l(daddsub_clz.o)
    0x0002e83c   0x0002e83c   0x00000056   Code   RO        12828    x$fpl$f2d           fz_wm.l(f2d.o)
    0x0002e892   0x0002e892   0x00000002   PAD
    0x0002e894   0x0002e894   0x00000052   Code   RO        13151    x$fpl$fcmp4         fz_wm.l(fcmp4.o)
    0x0002e8e6   0x0002e8e6   0x00000018   Code   RO        13278    x$fpl$fcmpinf       fz_wm.l(fcmpi.o)
    0x0002e8fe   0x0002e8fe   0x0000008c   Code   RO        13155    x$fpl$fnaninf       fz_wm.l(fnaninf.o)
    0x0002e98a   0x0002e98a   0x0000000a   Code   RO        13280    x$fpl$fpinit        fz_wm.l(fpinit.o)
    0x0002e994   0x0002e994   0x0000000a   Code   RO        13157    x$fpl$fretinf       fz_wm.l(fretinf.o)
    0x0002e99e   0x0002e99e   0x00000000   Code   RO        13161    x$fpl$usenofp       fz_wm.l(usenofp.o)
    0x0002e99e   0x0002e99e   0x00000002   PAD
    0x0002e9a0   0x0002e9a0   0x00000210   Data   RO         1880    .constdata          gpio.o
    0x0002ebb0   0x0002ebb0   0x0000010c   Data   RO         2833    .constdata          interrupt.o
    0x0002ecbc   0x0002ecbc   0x000001cc   Data   RO         3923    .constdata          sysctl.o
    0x0002ee88   0x0002ee88   0x000000a0   Data   RO         4373    .constdata          timer.o
    0x0002ef28   0x0002ef28   0x00000080   Data   RO         4623    .constdata          uart.o
    0x0002efa8   0x0002efa8   0x0000001c   Data   RO         7783    .constdata          uartstdio.o
    0x0002efc4   0x0002efc4   0x00000090   Data   RO         7862    .constdata          calibration.o
    0x0002f054   0x0002f054   0x0000026c   Data   RO         8289    .constdata          gps.o
    0x0002f2c0   0x0002f2c0   0x000012e8   Data   RO         8569    .constdata          oled.o
    0x000305a8   0x000305a8   0x00000146   Data   RO         8760    .constdata          opticalflow_lc306.o
    0x000306ee   0x000306ee   0x00000002   PAD
    0x000306f0   0x000306f0   0x00000880   Data   RO         9499    .constdata          wp_math.o
    0x00030f70   0x00030f70   0x000007d0   Data   RO        11335    .constdata          earth_declination.o
    0x00031740   0x00031740   0x000005a0   Data   RO        11708    .constdata          pid.o
    0x00031ce0   0x00031ce0   0x00000050   Data   RO        12418    .constdata          temperature_ctrl.o
    0x00031d30   0x00031d30   0x00000280   Data   RO        12552    .constdata          subtask_demo.o
    0x00031fb0   0x00031fb0   0x00000098   Data   RO        12873    .constdata          m_wm.l(atan.o)
    0x00032048   0x00032048   0x00000030   Data   RO        13163    .constdata          m_wm.l(cos_i.o)
    0x00032078   0x00032078   0x000000c8   Data   RO        13216    .constdata          m_wm.l(rred.o)
    0x00032140   0x00032140   0x00000020   Data   RO        13220    .constdata          m_wm.l(rredf.o)
    0x00032160   0x00032160   0x00000028   Data   RO        13223    .constdata          m_wm.l(sin_i.o)
    0x00032188   0x00032188   0x00000011   Data   RO         7784    .conststring        uartstdio.o
    0x00032199   0x00032199   0x00000003   PAD
    0x0003219c   0x0003219c   0x00000020   Data   RO        13371    Region$$Table       anon$$obj.o


    Execution Region RW_IRAM1 (Exec base: 0x20000000, Load base: 0x000321bc, Size: 0x000081a0, Max: 0x00010000, ABSOLUTE, COMPRESSED[0x0000035c])

    Exec Addr    Load Addr    Size         Type   Attr      Idx    E Section Name        Object

    0x20000000   COMPRESSED   0x0000001c   Data   RW         6201    .data               vl53l1_api.o
    0x2000001c   COMPRESSED   0x00000005   Data   RW         7785    .data               uartstdio.o
    0x20000021   COMPRESSED   0x00000003   PAD
    0x20000024   COMPRESSED   0x00000156   Data   RW         7863    .data               calibration.o
    0x2000017a   COMPRESSED   0x00000002   PAD
    0x2000017c   COMPRESSED   0x00000018   Data   RW         8094    .data               bling.o
    0x20000194   COMPRESSED   0x00000004   PAD
    0x20000198   COMPRESSED   0x000000ac   Data   RW         8290    .data               gps.o
    0x20000244   COMPRESSED   0x00000022   Data   RW         8330    .data               ist8310.o
    0x20000266   COMPRESSED   0x00000002   PAD
    0x20000268   COMPRESSED   0x00000022   Data   RW         8362    .data               key.o
    0x2000028a   COMPRESSED   0x00000002   PAD
    0x2000028c   COMPRESSED   0x00000024   Data   RW         8413    .data               icm2068x.o
    0x200002b0   COMPRESSED   0x00000004   Data   RW         8457    .data               myiic.o
    0x200002b4   COMPRESSED   0x00000018   Data   RW         8761    .data               opticalflow_lc306.o
    0x200002cc   COMPRESSED   0x00000024   Data   RW         8782    .data               ppm.o
    0x200002f0   COMPRESSED   0x0000005b   Data   RW         8812    .data               rc.o
    0x2000034b   COMPRESSED   0x00000001   PAD
    0x2000034c   COMPRESSED   0x00000028   Data   RW         8933    .data               spl06.o
    0x20000374   COMPRESSED   0x0000000c   Data   RW         9030    .data               time.o
    0x20000380   COMPRESSED   0x00000020   Data   RW         9102    .data               time_cnt.o
    0x200003a0   COMPRESSED   0x00000033   Data   RW         9165    .data               us_100.o
    0x200003d3   COMPRESSED   0x00000001   PAD
    0x200003d4   COMPRESSED   0x0000001a   Data   RW         9241    .data               usart.o
    0x200003ee   COMPRESSED   0x00000002   PAD
    0x200003f0   COMPRESSED   0x0000002c   Data   RW         9359    .data               wp_adc.o
    0x2000041c   COMPRESSED   0x00000018   Data   RW         9632    .data               wp_pwm.o
    0x20000434   COMPRESSED   0x0000043d   Data   RW         9714    .data               ssd1306.o
    0x20000871   COMPRESSED   0x00000003   PAD
    0x20000874   COMPRESSED   0x00000026   Data   RW        10116    .data               tfmini.o
    0x2000089a   COMPRESSED   0x00000002   PAD
    0x2000089c   COMPRESSED   0x000000d2   Data   RW        10318    .data               nclink.o
    0x2000096e   COMPRESSED   0x00000002   PAD
    0x20000970   COMPRESSED   0x00000056   Data   RW        10607    .data               vl53l1x.o
    0x200009c6   COMPRESSED   0x00000002   PAD
    0x200009c8   COMPRESSED   0x0000002e   Data   RW        10891    .data               topsensor.o
    0x200009f6   COMPRESSED   0x00000002   PAD
    0x200009f8   COMPRESSED   0x00000020   Data   RW        11047    .data               compass.o
    0x20000a18   COMPRESSED   0x00000027   Data   RW        11174    .data               reserved_serialport.o
    0x20000a3f   COMPRESSED   0x00000001   PAD
    0x20000a40   COMPRESSED   0x00000042   Data   RW        11253    .data               lsn10.o
    0x20000a82   COMPRESSED   0x00000002   PAD
    0x20000a84   COMPRESSED   0x00000030   Data   RW        11290    .data               speaker.o
    0x20000ab4   COMPRESSED   0x00000096   Data   RW        11377    .data               sensor.o
    0x20000b4a   COMPRESSED   0x00000006   PAD
    0x20000b50   COMPRESSED   0x0000011c   Data   RW        11494    .data               sins.o
    0x20000c6c   COMPRESSED   0x00000062   Data   RW        11615    .data               control_land.o
    0x20000cce   COMPRESSED   0x00000002   PAD
    0x20000cd0   COMPRESSED   0x00000017   Data   RW        11709    .data               pid.o
    0x20000ce7   COMPRESSED   0x00000001   PAD
    0x20000ce8   COMPRESSED   0x0000003f   Data   RW        11820    .data               control_althold.o
    0x20000d27   COMPRESSED   0x00000001   PAD
    0x20000d28   COMPRESSED   0x00000057   Data   RW        11859    .data               control_poshold.o
    0x20000d7f   COMPRESSED   0x00000001   PAD
    0x20000d80   COMPRESSED   0x00000082   Data   RW        11931    .data               opticalflow_control.o
    0x20000e02   COMPRESSED   0x00000002   PAD
    0x20000e04   COMPRESSED   0x00000048   Data   RW        12082    .data               wp_ctrl.o
    0x20000e4c   COMPRESSED   0x0000006c   Data   RW        12209    .data               namelesscotrun_sdk.o
    0x20000eb8   COMPRESSED   0x00000094   Data   RW        12338    .data               namelesscotrun_opticalflow.o
    0x20000f4c   COMPRESSED   0x00000020   Data   RW        12419    .data               temperature_ctrl.o
    0x20000f6c   COMPRESSED   0x00000018   Data   RW        12467    .data               adc_button.o
    0x20000f84   COMPRESSED   0x0000001a   Data   RW        12505    .data               developer_mode.o
    0x20000f9e   COMPRESSED   0x00000002   PAD
    0x20000fa0   COMPRESSED   0x00000121   Data   RW        12553    .data               subtask_demo.o
    0x200010c1   COMPRESSED   0x0000033f   PAD
    0x20001400   COMPRESSED   0x0000026c   Data   RW         2834    vtable              interrupt.o
    0x2000166c        -       0x000001bc   Zero   RW         7861    .bss                calibration.o
    0x20001828        -       0x0000004c   Zero   RW         8053    .bss                calibrationroutines.o
    0x20001874        -       0x00000050   Zero   RW         8093    .bss                bling.o
    0x200018c4        -       0x00000bd0   Zero   RW         8160    .bss                filter.o
    0x20002494        -       0x00000040   Zero   RW         8288    .bss                gps.o
    0x200024d4        -       0x00000024   Zero   RW         8329    .bss                ist8310.o
    0x200024f8        -       0x00000040   Zero   RW         8361    .bss                key.o
    0x20002538        -       0x0000006c   Zero   RW         8412    .bss                icm2068x.o
    0x200025a4        -       0x0000003c   Zero   RW         8781    .bss                ppm.o
    0x200025e0        -       0x000001d0   Zero   RW         8811    .bss                rc.o
    0x200027b0        -       0x00000050   Zero   RW         8932    .bss                spl06.o
    0x20002800        -       0x00000150   Zero   RW         9101    .bss                time_cnt.o
    0x20002950        -       0x0000002c   Zero   RW         9164    .bss                us_100.o
    0x2000297c        -       0x00000690   Zero   RW         9240    .bss                usart.o
    0x2000300c        -       0x00000030   Zero   RW         9358    .bss                wp_adc.o
    0x2000303c        -       0x00000320   Zero   RW         9409    .bss                wp_flash.o
    0x2000335c        -       0x00000400   Zero   RW         9712    .bss                ssd1306.o
    0x2000375c        -       0x00000028   Zero   RW        10115    .bss                tfmini.o
    0x20003784        -       0x000001a0   Zero   RW        10317    .bss                nclink.o
    0x20003924        -       0x000003d0   Zero   RW        10606    .bss                vl53l1x.o
    0x20003cf4        -       0x00000268   Zero   RW        10890    .bss                topsensor.o
    0x20003f5c        -       0x00000054   Zero   RW        11139    .bss                reserved_io.o
    0x20003fb0        -       0x00000104   Zero   RW        11173    .bss                reserved_serialport.o
    0x200040b4        -       0x0000076a   Zero   RW        11252    .bss                lsn10.o
    0x2000481e   COMPRESSED   0x00000002   PAD
    0x20004820        -       0x000003e4   Zero   RW        11376    .bss                sensor.o
    0x20004c04   COMPRESSED   0x00000004   PAD
    0x20004c08        -       0x00000830   Zero   RW        11493    .bss                sins.o
    0x20005438        -       0x00000e36   Zero   RW        11707    .bss                pid.o
    0x2000626e   COMPRESSED   0x00000002   PAD
    0x20006270        -       0x0000002c   Zero   RW        11819    .bss                control_althold.o
    0x2000629c        -       0x00000038   Zero   RW        11858    .bss                control_poshold.o
    0x200062d4        -       0x00000020   Zero   RW        11930    .bss                opticalflow_control.o
    0x200062f4        -       0x0000004c   Zero   RW        12081    .bss                wp_ctrl.o
    0x20006340        -       0x00000196   Zero   RW        12208    .bss                namelesscotrun_sdk.o
    0x200064d6   COMPRESSED   0x00000002   PAD
    0x200064d8        -       0x00000804   Zero   RW        12337    .bss                namelesscotrun_opticalflow.o
    0x20006cdc        -       0x00000094   Zero   RW        12466    .bss                adc_button.o
    0x20006d70        -       0x000007cc   Zero   RW        12551    .bss                subtask_demo.o
    0x2000753c        -       0x00000060   Zero   RW        13237    .bss                c_wu.l(libspace.o)
    0x2000759c   COMPRESSED   0x00000004   PAD
    0x200075a0        -       0x00000400   Zero   RW         6126    HEAP                startup_rvmdk.o
    0x200079a0        -       0x00000800   Zero   RW         6125    STACK               startup_rvmdk.o


==============================================================================

Image component sizes


      Code (inc. data)   RO Data    RW Data    ZI Data      Debug   Object Name

       400         20          0          0          0      11672   adc.o
       672         94          0         24        148       3878   adc_button.o
       718         54          0         24         80       4736   bling.o
     11870       1054        144        342        444      33651   calibration.o
      1670          0          0          0         76       4930   calibrationroutines.o
       816         56          0         32          0       3501   compass.o
      2156        244          0         63         44       4521   control_althold.o
      4168        552          0         98          0       9758   control_land.o
      3056        280          0         87         56       6183   control_poshold.o
        38          0          0          0          0        616   cpu.o
       640         58          0         26          0       1625   developer_mode.o
       750         34       2000          0          0       3794   earth_declination.o
       552         74          0          0          0       5044   eeprom.o
       658         38          0          0       3024      11069   filter.o
        40         12          0          0          0        924   fpu.o
       930         30        528          0          0      11514   gpio.o
      2086        234        620        172         64       6485   gps.o
       142         14          0          0          0       4085   i2c.o
      1666         74          0         36        108       3752   icm2068x.o
       288         34        268        620          0       4469   interrupt.o
         0          0          0         34         36       1280   ist8310.o
     19352       2604          0         34         64      11717   key.o
       360         92          0          0          0       2023   license.o
       914         92          0         66       1898       4443   lsn10.o
        88         16          0          0          0      76253   main.o
       964         70          0          4          0       7776   myiic.o
      4810        416          0        148       2052      13328   namelesscotrun_opticalflow.o
      6890        326          0        108        406      17274   namelesscotrun_sdk.o
     15044        808          0        210        416      28527   nclink.o
      1702         54       4840          0          0      10218   oled.o
      6276        706          0        130         32      16841   opticalflow_control.o
       292         22        326         24          0       2161   opticalflow_lc306.o
      7190        372       1440         23       3638      16043   pid.o
       304         48          0         36         60       1896   ppm.o
       138          6          0          0          0       3103   pwm.o
        96          0          0          0          0       2176   qmc5883.o
      3120        316          0         91        464       8158   rc.o
       296         24          0          0         84       2287   reserved_io.o
      3568        234          0         39        260       9401   reserved_serialport.o
        60          0          0          0          0       1400   ringbuf.o
       160          8          0          0          0       1348   schedule.o
      9822        832          0        150        996      15551   sensor.o
      9164        746          0        284       2096      17124   sins.o
        44          0          0          0          0       1739   soft_i2c.o
       508         80          0         48          0       4688   speaker.o
      1892         90          0         40         80       9242   spl06.o
      2850        180          0       1085       1024      16073   ssd1306.o
       676        640          0          0       3072        484   startup_rvmdk.o
     17368       1038        640        289       1996      28878   subtask_demo.o
       826         56        460          0          0       5807   sysctl.o
       136          0          0          0          0        592   system.o
        94          0          0          0          0       3004   systick.o
       832        106         80         32          0       4215   temperature_ctrl.o
       640         78          0         38         40       2376   tfmini.o
       226         26          0         12          0       4983   time.o
       664        106          0         32        336       4304   time_cnt.o
       264         32        160          0          0       5226   timer.o
      1638        130          0         46        616       7305   topsensor.o
       320         20        128          0          0       8450   uart.o
       108         12         45          5          0       2317   uartstdio.o
       650         66          0         51         44       3116   us_100.o
      1980        282          0         26       1680      11486   usart.o
      2342         50          0         28          0      84186   vl53l1_api.o
         0          0          0          0          0       9480   vl53l1_api_calibration.o
      3786         82          0          0          0      21594   vl53l1_api_core.o
      1516          0          0          0          0      17147   vl53l1_api_preset_modes.o
      1782          0          0          0          0      22711   vl53l1_core.o
        72          0          0          0          0       2869   vl53l1_core_support.o
       262          0          0          0          0       5612   vl53l1_platform.o
      2562          0          0          0          0      15534   vl53l1_register_funcs.o
       140          0          0          0          0       2353   vl53l1_wait.o
       456         58          0         86        976       2792   vl53l1x.o
      1042         44          0          0          0      11361   vl53l1x_i2c.o
       496         96          0         44         48       3346   wp_adc.o
      5292        446          0         72         76      13199   wp_ctrl.o
       320          6          0          0        800       8556   wp_flash.o
      3596        278       2176          0          0      15148   wp_math.o
       636         76          0         24          0       2215   wp_pwm.o

    ----------------------------------------------------------------------
    179998      14826      13892       5740      27344     768923   Object Totals
         0          0         32          0          0          0   (incl. Generated)
        56          0          5        877         10          0   (incl. Padding)

    ----------------------------------------------------------------------

      Code (inc. data)   RO Data    RW Data    ZI Data      Debug   Library Member Name

        90          0          0          0          0          0   __dczerorl2.o
         8          0          0          0          0         68   __main.o
         0          0          0          0          0          0   __rtentry.o
        12          0          0          0          0          0   __rtentry2.o
         6          0          0          0          0          0   __rtentry4.o
        52          8          0          0          0          0   __scatter.o
        28          0          0          0          0          0   __scatter_zi.o
        22          0          0          0          0        100   _rserrno.o
        16          0          0          0          0         68   aeabi_memset.o
        18          0          0          0          0         80   exit.o
         6          0          0          0          0        152   heapauxi.o
         0          0          0          0          0          0   indicate_semi.o
         2          0          0          0          0          0   libinit.o
         6          0          0          0          0          0   libinit2.o
         2          0          0          0          0          0   libshutdown.o
         2          0          0          0          0          0   libshutdown2.o
         8          4          0          0         96         68   libspace.o
         8          0          0          0          0         76   memcpy.o
         8          4          0          0          0         68   rt_errno_addr_intlibspace.o
        68          0          0          0          0         68   rt_memclr.o
        78          0          0          0          0         80   rt_memclr_w.o
       138          0          0          0          0         68   rt_memcpy_v6.o
       100          0          0          0          0         80   rt_memcpy_w.o
         2          0          0          0          0          0   rtexit.o
        10          0          0          0          0          0   rtexit2.o
        62          0          0          0          0         76   strlen.o
        12          4          0          0          0         68   sys_exit.o
        74          0          0          0          0         80   sys_stackheap_outer.o
         2          0          0          0          0         68   use_no_semi.o
        24          0          0          0          0        164   basic.o
        98          4          0          0          0        140   d2f.o
       826         16          0          0          0        492   daddsub_clz.o
        24          0          0          0          0        116   dcmpi.o
       688        140          0          0          0        256   ddiv.o
        94          4          0          0          0        140   dfix.o
        90          4          0          0          0        140   dfixu.o
        84          0          0          0          0        232   dflt_clz.o
       120          4          0          0          0        140   dleqf.o
       340         12          0          0          0        152   dmul.o
       156          4          0          0          0        140   dnaninf.o
        12          0          0          0          0        116   dretinf.o
       108          0          0          0          0        128   drleqf.o
       408         56          0          0          0        168   dsqrt_umaal.o
        86          4          0          0          0        132   f2d.o
        82          4          0          0          0        160   fcmp4.o
        24          0          0          0          0        116   fcmpi.o
       140          4          0          0          0        132   fnaninf.o
        10          0          0          0          0        116   fpinit.o
        10          0          0          0          0        116   fretinf.o
         0          0          0          0          0          0   usenofp.o
       300         42          0          0          0        176   asinf.o
       728        106        152          0          0        228   atan.o
       684         90          0          0          0        208   atan2f.o
       352         56          0          0          0        172   atanf.o
       200         20          0          0          0        164   cos.o
       368         46         48          0          0        200   cos_i.o
       336         56          0          0          0        136   cosf.o
        84         16          0          0          0        372   dunder.o
        24          0          0          0          0        124   fabs.o
       112         14          0          0          0        116   floorf.o
        72          0          0          0          0        148   fminf.o
        48          0          0          0          0        124   fpclassify.o
        38          0          0          0          0        116   fpclassifyf.o
        44         12          0          0          0        464   funder.o
       248          0          0          0          0        152   poly.o
      1080        142        200          0          0        188   rred.o
       340         24         32          0          0        160   rredf.o
       200         20          0          0          0        164   sin.o
       304         24         40          0          0        208   sin_i.o
       400         56          0          0          0        212   sinf.o
       122          0          0          0          0        148   sqrt.o
       120          0          0          0          0        272   sqrtf.o
       380         58          0          0          0        200   tanf.o

    ----------------------------------------------------------------------
     10882       1066        472          0        100       9016   Library Totals
        34          8          0          0          4          0   (incl. Padding)

    ----------------------------------------------------------------------

      Code (inc. data)   RO Data    RW Data    ZI Data      Debug   Library Name

       840         20          0          0         96       1268   c_wu.l
      3424        256          0          0          0       3296   fz_wm.l
      6584        782        472          0          0       4452   m_wm.l

    ----------------------------------------------------------------------
     10882       1066        472          0        100       9016   Library Totals

    ----------------------------------------------------------------------

==============================================================================


      Code (inc. data)   RO Data    RW Data    ZI Data      Debug   

    190880      15892      14364       5740      27444     708615   Grand Totals
    190880      15892      14364        860      27444     708615   ELF Image Totals (compressed)
    190880      15892      14364        860          0          0   ROM Totals

==============================================================================

    Total RO  Size (Code + RO Data)               205244 ( 200.43kB)
    Total RW  Size (RW Data + ZI Data)             33184 (  32.41kB)
    Total ROM Size (Code + RO Data + RW Data)     206104 ( 201.27kB)

==============================================================================

