<html>
<body>
<pre>
<h1>礦ision Build Log</h1>
<h2>Tool Versions:</h2>
IDE-Version: μVision V5.25.3.0
Copyright (C) 2018 ARM Ltd and ARM Germany GmbH. All rights reserved.
License Information: yu yu, fzu, LIC=EXJT4-FN5C8-Y8ZFK-Z7P9J-EEBBT-J5H3Q
 
Tool Versions:
Toolchain:       MDK-ARM Plus  Version: 5.38.0.0
Toolchain Path:  D:\workapp\keil5\ARM\ARM_Compiler_5.06u7\Bin
C Compiler:      Armcc.exe V5.06 update 7 (build 960)
Assembler:       Armasm.exe V5.06 update 7 (build 960)
Linker/Locator:  ArmLink.exe V5.06 update 7 (build 960)
Library Manager: ArmAr.exe V5.06 update 7 (build 960)
Hex Converter:   FromElf.exe V5.06 update 7 (build 960)
CPU DLL:         SARMCM3.DLL V5.38.0.0
Dialog DLL:      DCM.DLL V1.17.5.0
Target DLL:      lmidk-agdi.dll V???
Dialog DLL:      TCM.DLL V1.56.4.0
 
<h2>Project:</h2>
E:\Users\ygh20\Desktop\无人机\robocup\CarryPilot.uvprojx
Project File Date:  06/20/2024

<h2>Output:</h2>
*** Using Compiler 'V5.06 update 7 (build 960)', folder: 'D:\workapp\keil5\ARM\ARM_Compiler_5.06u7\Bin'
Rebuild target 'CarryPilot_LaunchPad_V5.0.1'
compiling des.c...
compiling adc.c...
compiling comp.c...
compiling eeprom.c...
compiling aes.c...
compiling flash.c...
compiling fpu.c...
compiling epi.c...
compiling can.c...
compiling crc.c...
compiling emac.c...
compiling interrupt.c...
compiling i2c.c...
compiling hibernate.c...
compiling gpio.c...
compiling lcd.c...
compiling cpu.c...
compiling mpu.c...
compiling pwm.c...
compiling uart.c...
compiling udma.c...
compiling systick.c...
compiling sysexc.c...
compiling ssi.c...
compiling timer.c...
compiling qei.c...
compiling sw_crc.c...
compiling shamd5.c...
compiling watchdog.c...
compiling usb.c...
compiling sysctl.c...
compiling main.c...
assembling startup_rvmdk.S...
compiling vl53l1_silicon_core.c...
compiling vl53l1_api.c...
compiling vl53l1_error_strings.c...
compiling vl53l1_api_preset_modes.c...
compiling vl53l1_core_support.c...
compiling vl53l1_api_debug.c...
compiling vl53l1_api_strings.c...
compiling vl53l1_api_calibration.c...
compiling vl53l1_wait.c...
compiling vl53l1_register_funcs.c...
compiling uartstdio.c...
compiling vl53l1_core.c...
compiling vl53l1_api_core.c...
compiling myiic.c...
compiling GPS.c...
compiling IST8310.c...
compiling Bling.c...
compiling OpticalFlow_LC306.c...
compiling ICM2068X.c...
compiling Calibration.c...
compiling CalibrationRoutines.c...
compiling PPM.c...
compiling OLED.c...
compiling RC.c...
compiling Filter.c...
compiling Key.c...
compiling Ringbuf.c...
compiling Time.c...
compiling Schedule.c...
compiling SPL06.c...
compiling wp_flash.c...
compiling Soft_I2C.c...
compiling Usart.c...
compiling QMC5883.c...
compiling Time_Cnt.c...
compiling WP_Math.c...
compiling WP_ADC.c...
compiling US_100.c...
compiling SYSTEM.c...
compiling WP_PWM.c...
compiling ssd1306.c...
compiling tfmini.c...
compiling LCD_ST7789.c...
compiling Quaternion.c...
compiling Double.c...
compiling vl53l1_platform.c...
compiling MMC3630.c...
compiling VL53L1X.c...
compiling LSN10.c...
compiling vl53l1x_i2c.c...
compiling Reserved_IO.c...
compiling TOPSensor.c...
compiling Compass.c...
compiling speaker.c...
compiling Reserved_Serialport.c...
compiling NCLink.c...
compiling Earth_Declination.c...
compiling License.c...
compiling control_land.c...
compiling Sensor.c...
compiling control_althold.c...
compiling Temperature_Ctrl.c...
compiling control_poshold.c...
compiling WP_Ctrl.c...
compiling PID.c...
compiling NamelessCotrun_OpticalFlow.c...
compiling OpticalFlow_Control.c...
compiling SINS.c...
compiling NamelessCotrun_SDK.c...
compiling ADC_Button.c...
compiling Developer_Mode.c...
compiling Subtask_Demo.c...
WP_Ctrl\Subtask_Demo.c(691): warning:  #940-D: missing return statement at end of non-void function "traverse" 
  }
WP_Ctrl\Subtask_Demo.c(697): warning:  #177-D: variable "target_position"  was declared but never referenced
  	Vector3f target_position;
WP_Ctrl\Subtask_Demo.c: 2 warnings, 0 errors
linking...
Program Size: Code=190880 RO-data=14364 RW-data=5740 ZI-data=27444  
FromELF: creating hex file...
After Build - User command #2: fromelf --bin -o "E:\Users\ygh20\Desktop\无人机\robocup\Output\CarryPilot.bin" "E:\Users\ygh20\Desktop\无人机\robocup\Output\CarryPilot.axf"
".\Output\CarryPilot.axf" - 0 Error(s), 2 Warning(s).

<h2>Software Packages used:</h2>

Package Vendor: Keil
                http://www.keil.com/pack/Keil.TM4C_DFP.1.1.0.pack
                Keil.TM4C_DFP.1.1.0
                Texas Instruments Tiva C Series Device Support and Examples

<h2>Collection of Component include folders:</h2>
  .\RTE\_CarryPilot_LaunchPad_V5.0.1
  D:\workapp\keil5\Keil\TM4C_DFP\1.1.0\Device\Include\TM4C123

<h2>Collection of Component Files used:</h2>
Build Time Elapsed:  00:00:06
</pre>
</body>
</html>
