../Core/Src/stm32f1xx_it.c:80:6:NMI_Handler	4	static
../Core/Src/stm32f1xx_it.c:95:6:HardFault_Handler	4	static
../Core/Src/stm32f1xx_it.c:110:6:MemManage_Handler	4	static
../Core/Src/stm32f1xx_it.c:125:6:BusFault_Handler	4	static
../Core/Src/stm32f1xx_it.c:140:6:UsageFault_Handler	4	static
../Core/Src/stm32f1xx_it.c:155:6:DebugMon_Handler	4	static
../Core/Src/stm32f1xx_it.c:175:6:DMA1_Channel3_IRQHandler	8	static
../Core/Src/stm32f1xx_it.c:189:6:DMA1_Channel4_IRQHandler	8	static
../Core/Src/stm32f1xx_it.c:203:6:DMA1_Channel5_IRQHandler	8	static
../Core/Src/stm32f1xx_it.c:217:6:DMA1_Channel6_IRQHandler	8	static
../Core/Src/stm32f1xx_it.c:231:6:USART1_IRQHandler	8	static
../Core/Src/stm32f1xx_it.c:251:6:USART2_IRQHandler	8	static
../Core/Src/stm32f1xx_it.c:265:6:USART3_IRQHandler	8	static
../Core/Src/stm32f1xx_it.c:279:6:TIM6_IRQHandler	8	static
