<html>
<body>
<pre>
<h1>�Vision Build Log</h1>
<h2>Tool Versions:</h2>
IDE-Version: ��Vision V5.28.0.0
Copyright (C) 2019 ARM Ltd and ARM Germany GmbH. All rights reserved.
License Information: yu ygh2048009576@outlook.com, 1, LIC=32B1Q-NS1H5-BSSYX-HJ42P-1LV28-RDCFK
 
Tool Versions:
Toolchain:       MDK-ARM Plus  Version: 5.28.0.0
Toolchain Path:  D:\workapp\keil_v5\ARM\ARMCC\Bin
C Compiler:      Armcc.exe V5.06 update 6 (build 750)
Assembler:       Armasm.exe V5.06 update 6 (build 750)
Linker/Locator:  ArmLink.exe V5.06 update 6 (build 750)
Library Manager: ArmAr.exe V5.06 update 6 (build 750)
Hex Converter:   FromElf.exe V5.06 update 6 (build 750)
CPU DLL:         SARMCM3.DLL V5.28.0.0
Dialog DLL:      DCM.DLL V1.17.3.0
Target DLL:      STLink\ST-LINKIII-KEIL_SWO.dll V3.0.6.0
Dialog DLL:      TCM.DLL V1.36.2.0
 
<h2>Project:</h2>
f:\ygh20\money\work7_ADC_stm32_smg\work\USER\USART.uvprojx
Project File Date:  11/19/2025

<h2>Output:</h2>
*** Using Compiler 'V5.06 update 6 (build 750)', folder: 'D:\workapp\keil_v5\ARM\ARMCC\Bin'
Rebuild target 'USART'
assembling startup_stm32f10x_hd.s...
compiling system_stm32f10x.c...
compiling stm32f10x_it.c...
compiling key.c...
compiling main.c...
main.c(35): warning:  #177-D: variable "pattern"  was declared but never referenced
      uint8_t pattern = (1 << seg_index);  // 只点亮一个段
main.c: 1 warning, 0 errors
compiling delay.c...
compiling led.c...
compiling core_cm3.c...
compiling timer.c...
compiling beep.c...
compiling misc.c...
compiling usart.c...
compiling adc.c...
compiling seg.c...
compiling sys.c...
compiling stm32f10x_gpio.c...
compiling stm32f10x_rcc.c...
compiling stm32f10x_adc.c...
compiling stm32f10x_usart.c...
compiling stm32f10x_tim.c...
linking...
Program Size: Code=13248 RO-data=428 RW-data=80 ZI-data=1832  
FromELF: creating hex file...
"..\OBJ\USART.axf" - 0 Error(s), 1 Warning(s).

<h2>Software Packages used:</h2>

Package Vendor: Keil
                http://www.keil.com/pack/Keil.STM32F1xx_DFP.1.1.0.pack
                Keil.STM32F1xx_DFP.1.1.0
                STMicroelectronics STM32F1 Series Device Support, Drivers and Examples

<h2>Collection of Component include folders:</h2>
  .\RTE\_USART
  D:\package\keil_v5\Keil\STM32F1xx_DFP\1.1.0\Device\Include

<h2>Collection of Component Files used:</h2>
Build Time Elapsed:  00:00:04
</pre>
</body>
</html>
