Component: ARM Compiler 5.06 update 6 (build 750) Tool: armlink [4d35ed]

==============================================================================

Section Cross References

    startup_stm32f103xb.o(STACK) refers (Special) to heapauxi.o(.text) for __use_two_region_memory
    startup_stm32f103xb.o(HEAP) refers (Special) to heapauxi.o(.text) for __use_two_region_memory
    startup_stm32f103xb.o(RESET) refers (Special) to heapauxi.o(.text) for __use_two_region_memory
    startup_stm32f103xb.o(RESET) refers to startup_stm32f103xb.o(STACK) for __initial_sp
    startup_stm32f103xb.o(RESET) refers to startup_stm32f103xb.o(.text) for Reset_Handler
    startup_stm32f103xb.o(RESET) refers to stm32f1xx_it.o(i.NMI_Handler) for NMI_Handler
    startup_stm32f103xb.o(RESET) refers to stm32f1xx_it.o(i.HardFault_Handler) for HardFault_Handler
    startup_stm32f103xb.o(RESET) refers to stm32f1xx_it.o(i.MemManage_Handler) for MemManage_Handler
    startup_stm32f103xb.o(RESET) refers to stm32f1xx_it.o(i.BusFault_Handler) for BusFault_Handler
    startup_stm32f103xb.o(RESET) refers to stm32f1xx_it.o(i.UsageFault_Handler) for UsageFault_Handler
    startup_stm32f103xb.o(RESET) refers to stm32f1xx_it.o(i.SVC_Handler) for SVC_Handler
    startup_stm32f103xb.o(RESET) refers to stm32f1xx_it.o(i.DebugMon_Handler) for DebugMon_Handler
    startup_stm32f103xb.o(RESET) refers to stm32f1xx_it.o(i.PendSV_Handler) for PendSV_Handler
    startup_stm32f103xb.o(RESET) refers to stm32f1xx_it.o(i.SysTick_Handler) for SysTick_Handler
    startup_stm32f103xb.o(RESET) refers to stm32f1xx_it.o(i.TIM2_IRQHandler) for TIM2_IRQHandler
    startup_stm32f103xb.o(RESET) refers to stm32f1xx_it.o(i.USART1_IRQHandler) for USART1_IRQHandler
    startup_stm32f103xb.o(RESET) refers to stm32f1xx_it.o(i.USART2_IRQHandler) for USART2_IRQHandler
    startup_stm32f103xb.o(RESET) refers to stm32f1xx_it.o(i.USART3_IRQHandler) for USART3_IRQHandler
    startup_stm32f103xb.o(.text) refers (Special) to heapauxi.o(.text) for __use_two_region_memory
    startup_stm32f103xb.o(.text) refers to system_stm32f1xx.o(i.SystemInit) for SystemInit
    startup_stm32f103xb.o(.text) refers to __main.o(!!!main) for __main
    startup_stm32f103xb.o(.text) refers to startup_stm32f103xb.o(HEAP) for Heap_Mem
    startup_stm32f103xb.o(.text) refers to startup_stm32f103xb.o(STACK) for Stack_Mem
    main.o(i.BT_Read_State) refers to stm32f1xx_hal_gpio.o(i.HAL_GPIO_ReadPin) for HAL_GPIO_ReadPin
    main.o(i.Buzzer_Off) refers to stm32f1xx_hal_gpio.o(i.HAL_GPIO_WritePin) for HAL_GPIO_WritePin
    main.o(i.Buzzer_On) refers to stm32f1xx_hal_gpio.o(i.HAL_GPIO_WritePin) for HAL_GPIO_WritePin
    main.o(i.Check_Bluetooth_Connection) refers to main.o(i.BT_Read_State) for BT_Read_State
    main.o(i.Check_Bluetooth_Connection) refers to noretval__2printf.o(.text) for __2printf
    main.o(i.Check_Bluetooth_Connection) refers to main.o(i.Display_Status) for Display_Status
    main.o(i.Check_Bluetooth_Connection) refers to main.o(.data) for .data
    main.o(i.Check_Bluetooth_Connection) refers to usart.o(.data) for bt_connected
    main.o(i.Display_Status) refers to _printf_pad.o(.text) for _printf_pre_padding
    main.o(i.Display_Status) refers to _printf_percent.o(.ARM.Collect$$_printf_percent$$00000000) for _printf_percent
    main.o(i.Display_Status) refers to _printf_d.o(.ARM.Collect$$_printf_percent$$00000009) for _printf_d
    main.o(i.Display_Status) refers to _printf_dec.o(.text) for _printf_int_dec
    main.o(i.Display_Status) refers to lcd1602.o(i.LCD1602_SetCursor) for LCD1602_SetCursor
    main.o(i.Display_Status) refers to noretval__2sprintf.o(.text) for __2sprintf
    main.o(i.Display_Status) refers to lcd1602.o(i.LCD1602_WriteString) for LCD1602_WriteString
    main.o(i.Display_Status) refers to main.o(.data) for .data
    main.o(i.Initialize_Bluetooth) refers to stm32f1xx_hal.o(i.HAL_Delay) for HAL_Delay
    main.o(i.Initialize_Bluetooth) refers to rt_memclr.o(.text) for __aeabi_memclr
    main.o(i.Initialize_Bluetooth) refers to noretval__2printf.o(.text) for __2printf
    main.o(i.Initialize_Bluetooth) refers to usart.o(.bss) for bt_rx_buf
    main.o(i.Initialize_Bluetooth) refers to usart.o(.data) for bt_rx_index
    main.o(i.Print_Debug_Info) refers to _printf_percent.o(.ARM.Collect$$_printf_percent$$00000000) for _printf_percent
    main.o(i.Print_Debug_Info) refers to _printf_u.o(.ARM.Collect$$_printf_percent$$0000000A) for _printf_u
    main.o(i.Print_Debug_Info) refers to _printf_dec.o(.text) for _printf_int_dec
    main.o(i.Print_Debug_Info) refers to _printf_d.o(.ARM.Collect$$_printf_percent$$00000009) for _printf_d
    main.o(i.Print_Debug_Info) refers to _printf_s.o(.ARM.Collect$$_printf_percent$$00000014) for _printf_s
    main.o(i.Print_Debug_Info) refers to _printf_str.o(.text) for _printf_str
    main.o(i.Print_Debug_Info) refers to stm32f1xx_hal.o(i.HAL_GetTick) for HAL_GetTick
    main.o(i.Print_Debug_Info) refers to noretval__2printf.o(.text) for __2printf
[...]
    .ARM.Collect$$libinit$$00000012          0x08000184   Section       12  libinit2.o(.ARM.Collect$$libinit$$00000012)
    .ARM.Collect$$libinit$$00000013          0x08000190   Section        0  libinit2.o(.ARM.Collect$$libinit$$00000013)
    .ARM.Collect$$libinit$$00000015          0x08000190   Section        0  libinit2.o(.ARM.Collect$$libinit$$00000015)
    .ARM.Collect$$libinit$$00000017          0x08000190   Section        0  libinit2.o(.ARM.Collect$$libinit$$00000017)
    .ARM.Collect$$libinit$$00000019          0x08000190   Section        0  libinit2.o(.ARM.Collect$$libinit$$00000019)
    .ARM.Collect$$libinit$$0000001B          0x08000190   Section        0  libinit2.o(.ARM.Collect$$libinit$$0000001B)
    .ARM.Collect$$libinit$$0000001D          0x08000190   Section        0  libinit2.o(.ARM.Collect$$libinit$$0000001D)
    .ARM.Collect$$libinit$$0000001F          0x08000190   Section        0  libinit2.o(.ARM.Collect$$libinit$$0000001F)
    .ARM.Collect$$libinit$$00000021          0x08000190   Section        0  libinit2.o(.ARM.Collect$$libinit$$00000021)
    .ARM.Collect$$libinit$$00000023          0x08000190   Section        0  libinit2.o(.ARM.Collect$$libinit$$00000023)
    .ARM.Collect$$libinit$$00000025          0x08000190   Section        0  libinit2.o(.ARM.Collect$$libinit$$00000025)
    .ARM.Collect$$libinit$$0000002C          0x08000190   Section        0  libinit2.o(.ARM.Collect$$libinit$$0000002C)
    .ARM.Collect$$libinit$$0000002E          0x08000190   Section        0  libinit2.o(.ARM.Collect$$libinit$$0000002E)
    .ARM.Collect$$libinit$$00000030          0x08000190   Section        0  libinit2.o(.ARM.Collect$$libinit$$00000030)
    .ARM.Collect$$libinit$$00000032          0x08000190   Section        0  libinit2.o(.ARM.Collect$$libinit$$00000032)
    .ARM.Collect$$libinit$$00000033          0x08000190   Section        2  libinit2.o(.ARM.Collect$$libinit$$00000033)
    .ARM.Collect$$libshutdown$$00000000      0x08000192   Section        2  libshutdown.o(.ARM.Collect$$libshutdown$$00000000)
    .ARM.Collect$$libshutdown$$00000002      0x08000194   Section        0  libshutdown2.o(.ARM.Collect$$libshutdown$$00000002)
    .ARM.Collect$$libshutdown$$00000004      0x08000194   Section        0  libshutdown2.o(.ARM.Collect$$libshutdown$$00000004)
    .ARM.Collect$$libshutdown$$00000007      0x08000194   Section        0  libshutdown2.o(.ARM.Collect$$libshutdown$$00000007)
    .ARM.Collect$$libshutdown$$0000000A      0x08000194   Section        0  libshutdown2.o(.ARM.Collect$$libshutdown$$0000000A)
    .ARM.Collect$$libshutdown$$0000000C      0x08000194   Section        0  libshutdown2.o(.ARM.Collect$$libshutdown$$0000000C)
    .ARM.Collect$$libshutdown$$0000000F      0x08000194   Section        0  libshutdown2.o(.ARM.Collect$$libshutdown$$0000000F)
    .ARM.Collect$$libshutdown$$00000010      0x08000194   Section        2  libshutdown2.o(.ARM.Collect$$libshutdown$$00000010)
    .ARM.Collect$$rtentry$$00000000          0x08000196   Section        0  __rtentry.o(.ARM.Collect$$rtentry$$00000000)
    .ARM.Collect$$rtentry$$00000002          0x08000196   Section        0  __rtentry2.o(.ARM.Collect$$rtentry$$00000002)
    .ARM.Collect$$rtentry$$00000004          0x08000196   Section        6  __rtentry4.o(.ARM.Collect$$rtentry$$00000004)
    .ARM.Collect$$rtentry$$00000009          0x0800019c   Section        0  __rtentry2.o(.ARM.Collect$$rtentry$$00000009)
    .ARM.Collect$$rtentry$$0000000A          0x0800019c   Section        4  __rtentry2.o(.ARM.Collect$$rtentry$$0000000A)
    .ARM.Collect$$rtentry$$0000000C          0x080001a0   Section        0  __rtentry2.o(.ARM.Collect$$rtentry$$0000000C)
    .ARM.Collect$$rtentry$$0000000D          0x080001a0   Section        8  __rtentry2.o(.ARM.Collect$$rtentry$$0000000D)
    .ARM.Collect$$rtexit$$00000000           0x080001a8   Section        2  rtexit.o(.ARM.Collect$$rtexit$$00000000)
    .ARM.Collect$$rtexit$$00000002           0x080001aa   Section        0  rtexit2.o(.ARM.Collect$$rtexit$$00000002)
    .ARM.Collect$$rtexit$$00000003           0x080001aa   Section        4  rtexit2.o(.ARM.Collect$$rtexit$$00000003)
    .ARM.Collect$$rtexit$$00000004           0x080001ae   Section        6  rtexit2.o(.ARM.Collect$$rtexit$$00000004)
    .text                                    0x080001b4   Section       64  startup_stm32f103xb.o(.text)
    .text                                    0x080001f4   Section        0  noretval__2printf.o(.text)
    .text                                    0x0800020c   Section        0  noretval__2sprintf.o(.text)
    .text                                    0x08000234   Section        0  _printf_pad.o(.text)
    .text                                    0x08000282   Section        0  _printf_str.o(.text)
    .text                                    0x080002d4   Section        0  _printf_dec.o(.text)
    .text                                    0x0800034c   Section        0  __printf_flags_ss_wp.o(.text)
    .text                                    0x080004d4   Section        0  __0sscanf.o(.text)
    .text                                    0x08000510   Section        0  _scanf_int.o(.text)
    .text                                    0x0800065c   Section        0  atoi.o(.text)
    .text                                    0x08000676   Section        0  strstr.o(.text)
    .text                                    0x0800069a   Section        0  strlen.o(.text)
    .text                                    0x080006d8   Section       68  rt_memclr.o(.text)
    .text                                    0x0800071c   Section       78  rt_memclr_w.o(.text)
    .text                                    0x0800076a   Section        0  heapauxi.o(.text)
    .text                                    0x08000770   Section        8  rt_errno_addr_intlibspace.o(.text)
    .text                                    0x08000778   Section        0  _printf_intcommon.o(.text)
    .text                                    0x0800082c   Section        0  _printf_char_common.o(.text)
    _printf_input_char                       0x0800082d   Thumb Code    10  _printf_char_common.o(.text)
    .text                                    0x0800085c   Section        0  _sputc.o(.text)
    .text                                    0x08000866   Section        0  _printf_char.o(.text)
    .text                                    0x08000894   Section        0  _printf_char_file.o(.text)
    .text                                    0x080008b8   Section        0  _chval.o(.text)
    .text                                    0x080008d4   Section        0  scanf_char.o(.text)
    _scanf_char_input                        0x080008d5   Thumb Code    12  scanf_char.o(.text)
    .text                                    0x08000900   Section        0  _sgetc.o(.text)
    .text                                    0x08000940   Section        0  strtol.o(.text)
    .text                                    0x080009b0   Section        8  libspace.o(.text)
    .text                                    0x080009b8   Section       16  rt_ctype_table.o(.text)
    .text                                    0x080009c8   Section        8  rt_locale_intlibspace.o(.text)
    .text                                    0x080009d0   Section        0  isspace.o(.text)
    .text                                    0x080009e4   Section        0  _scanf.o(.text)
    .text                                    0x08000d58   Section        0  _strtoul.o(.text)
    .text                                    0x08000df6   Section        0  ferror.o(.text)
    .text                                    0x08000dfe   Section       74  sys_stackheap_outer.o(.text)
    .text                                    0x08000e48   Section        0  exit.o(.text)
    .text                                    0x08000e5c   Section      128  strcmpv7m.o(.text)
    i.BT_Read_State                          0x08000edc   Section        0  main.o(i.BT_Read_State)
    i.BusFault_Handler                       0x08000ef4   Section        0  stm32f1xx_it.o(i.BusFault_Handler)
    i.Buzzer_Off                             0x08000ef8   Section        0  main.o(i.Buzzer_Off)
    i.Buzzer_On                              0x08000f08   Section        0  main.o(i.Buzzer_On)
    i.Check_Bluetooth_Connection             0x08000f18   Section        0  main.o(i.Check_Bluetooth_Connection)
    i.DebugMon_Handler                       0x08000fa0   Section        0  stm32f1xx_it.o(i.DebugMon_Handler)
    i.Display_Status                         0x08000fa4   Section        0  main.o(i.Display_Status)
    i.Error_Handler                          0x08001040   Section        0  main.o(i.Error_Handler)
    i.HAL_DMA_Abort                          0x08001044   Section        0  stm32f1xx_hal_dma.o(i.HAL_DMA_Abort)
    i.HAL_DMA_Abort_IT                       0x0800108c   Section        0  stm32f1xx_hal_dma.o(i.HAL_DMA_Abort_IT)
    i.HAL_Delay                              0x08001124   Section        0  stm32f1xx_hal.o(i.HAL_Delay)
    i.HAL_GPIO_Init                          0x08001148   Section        0  stm32f1xx_hal_gpio.o(i.HAL_GPIO_Init)
    i.HAL_GPIO_ReadPin                       0x08001328   Section        0  stm32f1xx_hal_gpio.o(i.HAL_GPIO_ReadPin)
    i.HAL_GPIO_WritePin                      0x08001332   Section        0  stm32f1xx_hal_gpio.o(i.HAL_GPIO_WritePin)
    i.HAL_GetTick                            0x0800133c   Section        0  stm32f1xx_hal.o(i.HAL_GetTick)
    i.HAL_IncTick                            0x08001348   Section        0  stm32f1xx_hal.o(i.HAL_IncTick)
    i.HAL_Init                               0x08001358   Section        0  stm32f1xx_hal.o(i.HAL_Init)
    i.HAL_InitTick                           0x0800137c   Section        0  stm32f1xx_hal.o(i.HAL_InitTick)
    i.HAL_MspInit                            0x080013bc   Section        0  stm32f1xx_hal_msp.o(i.HAL_MspInit)
    i.HAL_NVIC_EnableIRQ                     0x080013f8   Section        0  stm32f1xx_hal_cortex.o(i.HAL_NVIC_EnableIRQ)
    i.HAL_NVIC_SetPriority                   0x08001414   Section        0  stm32f1xx_hal_cortex.o(i.HAL_NVIC_SetPriority)
    i.HAL_NVIC_SetPriorityGrouping           0x08001454   Section        0  stm32f1xx_hal_cortex.o(i.HAL_NVIC_SetPriorityGrouping)
    i.HAL_RCC_ClockConfig                    0x08001478   Section        0  stm32f1xx_hal_rcc.o(i.HAL_RCC_ClockConfig)
    i.HAL_RCC_GetPCLK1Freq                   0x080015a4   Section        0  stm32f1xx_hal_rcc.o(i.HAL_RCC_GetPCLK1Freq)
    i.HAL_RCC_GetPCLK2Freq                   0x080015c4   Section        0  stm32f1xx_hal_rcc.o(i.HAL_RCC_GetPCLK2Freq)
    i.HAL_RCC_GetSysClockFreq                0x080015e4   Section        0  stm32f1xx_hal_rcc.o(i.HAL_RCC_GetSysClockFreq)
    i.HAL_RCC_OscConfig                      0x08001630   Section        0  stm32f1xx_hal_rcc.o(i.HAL_RCC_OscConfig)
    i.HAL_SYSTICK_Config                     0x08001950   Section        0  stm32f1xx_hal_cortex.o(i.HAL_SYSTICK_Config)
    i.HAL_TIMEx_BreakCallback                0x08001978   Section        0  stm32f1xx_hal_tim_ex.o(i.HAL_TIMEx_BreakCallback)
    i.HAL_TIMEx_CommutCallback               0x0800197a   Section        0  stm32f1xx_hal_tim_ex.o(i.HAL_TIMEx_CommutCallback)
    i.HAL_TIMEx_MasterConfigSynchronization  0x0800197c   Section        0  stm32f1xx_hal_tim_ex.o(i.HAL_TIMEx_MasterConfigSynchronization)
    i.HAL_TIM_Base_Init                      0x080019e4   Section        0  stm32f1xx_hal_tim.o(i.HAL_TIM_Base_Init)
    i.HAL_TIM_Base_MspInit                   0x08001a40   Section        0  tim.o(i.HAL_TIM_Base_MspInit)
    i.HAL_TIM_Base_Start_IT                  0x08001a78   Section        0  stm32f1xx_hal_tim.o(i.HAL_TIM_Base_Start_IT)
    i.HAL_TIM_ConfigClockSource              0x08001ad0   Section        0  stm32f1xx_hal_tim.o(i.HAL_TIM_ConfigClockSource)
    i.HAL_TIM_IC_CaptureCallback             0x08001bac   Section        0  stm32f1xx_hal_tim.o(i.HAL_TIM_IC_CaptureCallback)
    i.HAL_TIM_IRQHandler                     0x08001bae   Section        0  stm32f1xx_hal_tim.o(i.HAL_TIM_IRQHandler)
    i.HAL_TIM_OC_DelayElapsedCallback        0x08001cde   Section        0  stm32f1xx_hal_tim.o(i.HAL_TIM_OC_DelayElapsedCallback)
    i.HAL_TIM_PWM_PulseFinishedCallback      0x08001ce0   Section        0  stm32f1xx_hal_tim.o(i.HAL_TIM_PWM_PulseFinishedCallback)
    i.HAL_TIM_PeriodElapsedCallback          0x08001ce2   Section        0  stm32f1xx_hal_tim.o(i.HAL_TIM_PeriodElapsedCallback)
    i.HAL_TIM_TriggerCallback                0x08001ce4   Section        0  stm32f1xx_hal_tim.o(i.HAL_TIM_TriggerCallback)
    i.HAL_UARTEx_RxEventCallback             0x08001ce6   Section        0  stm32f1xx_hal_uart.o(i.HAL_UARTEx_RxEventCallback)
    i.HAL_UART_ErrorCallback                 0x08001ce8   Section        0  stm32f1xx_hal_uart.o(i.HAL_UART_ErrorCallback)
    i.HAL_UART_IRQHandler                    0x08001cec   Section        0  stm32f1xx_hal_uart.o(i.HAL_UART_IRQHandler)
    i.HAL_UART_Init                          0x08001f58   Section        0  stm32f1xx_hal_uart.o(i.HAL_UART_Init)
    i.HAL_UART_MspInit                       0x08001fbc   Section        0  usart.o(i.HAL_UART_MspInit)
    i.HAL_UART_Receive_IT                    0x080020f0   Section        0  stm32f1xx_hal_uart.o(i.HAL_UART_Receive_IT)
    i.HAL_UART_RxCpltCallback                0x0800210c   Section        0  usart.o(i.HAL_UART_RxCpltCallback)
    i.HAL_UART_Transmit                      0x080021b8   Section        0  stm32f1xx_hal_uart.o(i.HAL_UART_Transmit)
    i.HAL_UART_TxCpltCallback                0x08002258   Section        0  stm32f1xx_hal_uart.o(i.HAL_UART_TxCpltCallback)
    i.HardFault_Handler                      0x0800225a   Section        0  stm32f1xx_it.o(i.HardFault_Handler)
    i.Initialize_Bluetooth                   0x0800225c   Section        0  main.o(i.Initialize_Bluetooth)
    i.KEY_GetState                           0x080022c4   Section        0  key.o(i.KEY_GetState)
    i.KEY_Init                               0x0800230c   Section        0  key.o(i.KEY_Init)
    i.KEY_Scan                               0x08002310   Section        0  key.o(i.KEY_Scan)
    i.LCD1602_Clear                          0x08002380   Section        0  lcd1602.o(i.LCD1602_Clear)
    i.LCD1602_Enable                         0x08002394   Section        0  lcd1602.o(i.LCD1602_Enable)
    LCD1602_Enable                           0x08002395   Thumb Code    42  lcd1602.o(i.LCD1602_Enable)
    i.LCD1602_Init                           0x080023c4   Section        0  lcd1602.o(i.LCD1602_Init)
    i.LCD1602_SetCursor                      0x08002454   Section        0  lcd1602.o(i.LCD1602_SetCursor)
    i.LCD1602_Write4Bits                     0x08002464   Section        0  lcd1602.o(i.LCD1602_Write4Bits)
    LCD1602_Write4Bits                       0x08002465   Thumb Code    62  lcd1602.o(i.LCD1602_Write4Bits)
    i.LCD1602_WriteCommand                   0x080024ac   Section        0  lcd1602.o(i.LCD1602_WriteCommand)
    i.LCD1602_WriteData                      0x080024f4   Section        0  lcd1602.o(i.LCD1602_WriteData)
    i.LCD1602_WriteString                    0x0800252c   Section        0  lcd1602.o(i.LCD1602_WriteString)
    i.MX_GPIO_Init                           0x08002540   Section        0  gpio.o(i.MX_GPIO_Init)
    i.MX_TIM2_Init                           0x08002674   Section        0  tim.o(i.MX_TIM2_Init)
    i.MX_USART1_UART_Init                    0x080026dc   Section        0  usart.o(i.MX_USART1_UART_Init)
    i.MX_USART2_UART_Init                    0x08002714   Section        0  usart.o(i.MX_USART2_UART_Init)
    i.MX_USART3_UART_Init                    0x08002758   Section        0  usart.o(i.MX_USART3_UART_Init)
    i.Matrix_Keypad_GetChar                  0x080027a8   Section        0  matrix_keypad.o(i.Matrix_Keypad_GetChar)
    i.Matrix_Keypad_GetKey                   0x080027bc   Section        0  matrix_keypad.o(i.Matrix_Keypad_GetKey)
    i.Matrix_Keypad_Init                     0x0800282c   Section        0  matrix_keypad.o(i.Matrix_Keypad_Init)
    i.Matrix_Keypad_Scan                     0x08002864   Section        0  matrix_keypad.o(i.Matrix_Keypad_Scan)
    i.MemManage_Handler                      0x080028ec   Section        0  stm32f1xx_it.o(i.MemManage_Handler)
    i.NMI_Handler                            0x080028ee   Section        0  stm32f1xx_it.o(i.NMI_Handler)
    i.PendSV_Handler                         0x080028f0   Section        0  stm32f1xx_it.o(i.PendSV_Handler)
    i.Print_Debug_Info                       0x080028f4   Section        0  main.o(i.Print_Debug_Info)
    i.Process_Alarm                          0x08002aa8   Section        0  main.o(i.Process_Alarm)
    i.Process_Bluetooth_Command              0x08002acc   Section        0  main.o(i.Process_Bluetooth_Command)
    i.Process_Keys                           0x08002d2c   Section        0  main.o(i.Process_Keys)
    i.Process_Matrix_Keypad                  0x08002eac   Section        0  main.o(i.Process_Matrix_Keypad)
    Process_Matrix_Keypad                    0x08002ead   Thumb Code   790  main.o(i.Process_Matrix_Keypad)
    i.STP23_ParseByte                        0x0800350c   Section        0  usart.o(i.STP23_ParseByte)
    STP23_ParseByte                          0x0800350d   Thumb Code   268  usart.o(i.STP23_ParseByte)
    i.SVC_Handler                            0x08003628   Section        0  stm32f1xx_it.o(i.SVC_Handler)
    i.Send_Bluetooth_Data                    0x0800362c   Section        0  main.o(i.Send_Bluetooth_Data)
    i.SysTick_Handler                        0x08003688   Section        0  stm32f1xx_it.o(i.SysTick_Handler)
    i.SystemClock_Config                     0x0800368c   Section        0  main.o(i.SystemClock_Config)
    i.SystemInit                             0x080036ea   Section        0  system_stm32f1xx.o(i.SystemInit)
    i.TIM2_IRQHandler                        0x080036ec   Section        0  stm32f1xx_it.o(i.TIM2_IRQHandler)
    i.TIM_Base_SetConfig                     0x080036f8   Section        0  stm32f1xx_hal_tim.o(i.TIM_Base_SetConfig)
    i.TIM_ETR_SetConfig                      0x08003770   Section        0  stm32f1xx_hal_tim.o(i.TIM_ETR_SetConfig)
    i.TIM_ITRx_SetConfig                     0x08003784   Section        0  stm32f1xx_hal_tim.o(i.TIM_ITRx_SetConfig)
    TIM_ITRx_SetConfig                       0x08003785   Thumb Code    16  stm32f1xx_hal_tim.o(i.TIM_ITRx_SetConfig)
    i.TIM_TI1_ConfigInputStage               0x08003794   Section        0  stm32f1xx_hal_tim.o(i.TIM_TI1_ConfigInputStage)
    TIM_TI1_ConfigInputStage                 0x08003795   Thumb Code    34  stm32f1xx_hal_tim.o(i.TIM_TI1_ConfigInputStage)
    i.TIM_TI2_ConfigInputStage               0x080037b6   Section        0  stm32f1xx_hal_tim.o(i.TIM_TI2_ConfigInputStage)
    TIM_TI2_ConfigInputStage                 0x080037b7   Thumb Code    36  stm32f1xx_hal_tim.o(i.TIM_TI2_ConfigInputStage)
    i.UART_DMAAbortOnError                   0x080037da   Section        0  stm32f1xx_hal_uart.o(i.UART_DMAAbortOnError)
    UART_DMAAbortOnError                     0x080037db   Thumb Code    16  stm32f1xx_hal_uart.o(i.UART_DMAAbortOnError)
    i.UART_EndRxTransfer                     0x080037ea   Section        0  stm32f1xx_hal_uart.o(i.UART_EndRxTransfer)
    UART_EndRxTransfer                       0x080037eb   Thumb Code    78  stm32f1xx_hal_uart.o(i.UART_EndRxTransfer)
    i.UART_Receive_IT                        0x08003838   Section        0  stm32f1xx_hal_uart.o(i.UART_Receive_IT)
    UART_Receive_IT                          0x08003839   Thumb Code   194  stm32f1xx_hal_uart.o(i.UART_Receive_IT)
    i.UART_SetConfig                         0x080038fc   Section        0  stm32f1xx_hal_uart.o(i.UART_SetConfig)
    UART_SetConfig                           0x080038fd   Thumb Code   178  stm32f1xx_hal_uart.o(i.UART_SetConfig)
    i.UART_Start_Receive_IT                  0x080039b4   Section        0  stm32f1xx_hal_uart.o(i.UART_Start_Receive_IT)
    i.UART_WaitOnFlagUntilTimeout            0x080039ea   Section        0  stm32f1xx_hal_uart.o(i.UART_WaitOnFlagUntilTimeout)
    UART_WaitOnFlagUntilTimeout              0x080039eb   Thumb Code   114  stm32f1xx_hal_uart.o(i.UART_WaitOnFlagUntilTimeout)
    i.USART1_IRQHandler                      0x08003a5c   Section        0  stm32f1xx_it.o(i.USART1_IRQHandler)
    i.USART2_IRQHandler                      0x08003a68   Section        0  stm32f1xx_it.o(i.USART2_IRQHandler)
    i.USART3_IRQHandler                      0x08003a74   Section        0  stm32f1xx_it.o(i.USART3_IRQHandler)
    i.UsageFault_Handler                     0x08003a80   Section        0  stm32f1xx_it.o(i.UsageFault_Handler)
    i.__NVIC_SetPriority                     0x08003a82   Section        0  stm32f1xx_hal_cortex.o(i.__NVIC_SetPriority)
    __NVIC_SetPriority                       0x08003a83   Thumb Code    32  stm32f1xx_hal_cortex.o(i.__NVIC_SetPriority)
    i._is_digit                              0x08003aa2   Section        0  __printf_wp.o(i._is_digit)
    i._sys_exit                              0x08003ab0   Section        0  usart.o(i._sys_exit)
    i.data_process                           0x08003ab4   Section        0  usart.o(i.data_process)
    i.fputc                                  0x08003b0c   Section        0  usart.o(i.fputc)
    i.main                                   0x08003b24   Section        0  main.o(i.main)
    locale$$code                             0x08003cf0   Section       44  lc_ctype_c.o(locale$$code)
    .constdata                               0x08003d1c   Section      256  usart.o(.constdata)
    CrcTable                                 0x08003d1c   Data         256  usart.o(.constdata)
    .constdata                               0x08003e1c   Section       18  stm32f1xx_hal_rcc.o(.constdata)
    aPredivFactorTable                       0x08003e1c   Data           2  stm32f1xx_hal_rcc.o(.constdata)
    aPLLMULFactorTable                       0x08003e1e   Data          16  stm32f1xx_hal_rcc.o(.constdata)
    .constdata                               0x08003e2e   Section       16  system_stm32f1xx.o(.constdata)
    .constdata                               0x08003e3e   Section        8  system_stm32f1xx.o(.constdata)
    .constdata                               0x08003e48   Section       65  matrix_keypad.o(.constdata)
    row_pins                                 0x08003e48   Data           8  matrix_keypad.o(.constdata)
    col_pins                                 0x08003e50   Data           8  matrix_keypad.o(.constdata)
    row_ports                                0x08003e58   Data          16  matrix_keypad.o(.constdata)
    col_ports                                0x08003e68   Data          16  matrix_keypad.o(.constdata)
    key_chars                                0x08003e78   Data          17  matrix_keypad.o(.constdata)
    .constdata                               0x08003e89   Section       17  __printf_flags_ss_wp.o(.constdata)
    maptable                                 0x08003e89   Data          17  __printf_flags_ss_wp.o(.constdata)
    .conststring                             0x08003e9c   Section       77  main.o(.conststring)
    locale$$data                             0x08003f0c   Section      272  lc_ctype_c.o(locale$$data)
    __lcctype_c_name                         0x08003f10   Data           2  lc_ctype_c.o(locale$$data)
    __lcctype_c_start                        0x08003f18   Data           0  lc_ctype_c.o(locale$$data)
    __lcctype_c_end                          0x0800401c   Data           0  lc_ctype_c.o(locale$$data)
    .data                                    0x20000000   Section       25  main.o(.data)
    last_state                               0x20000003   Data           1  main.o(.data)
    input_index                              0x20000004   Data           1  main.o(.data)
    last_print_time                          0x20000010   Data           4  main.o(.data)
    input_buffer                             0x20000014   Data           5  main.o(.data)
    .data                                    0x2000001c   Section       36  usart.o(.data)
    state                                    0x2000001c   Data           1  usart.o(.data)
    crc                                      0x2000001d   Data           1  usart.o(.data)
    cnt                                      0x2000001e   Data           1  usart.o(.data)
    cnt                                      0x2000001f   Data           1  usart.o(.data)
    count                                    0x20000026   Data           2  usart.o(.data)
    sum                                      0x20000034   Data           4  usart.o(.data)
    last_frame_cnt                           0x20000038   Data           4  usart.o(.data)
    last_byte_cnt                            0x2000003c   Data           4  usart.o(.data)
    .data                                    0x20000040   Section        1  usart.o(.data)
    .data                                    0x20000044   Section        4  usart.o(.data)
    .data                                    0x20000048   Section       12  stm32f1xx_hal.o(.data)
    .data                                    0x20000054   Section        4  system_stm32f1xx.o(.data)
    .data                                    0x20000058   Section        2  key.o(.data)
    key_pressed                              0x20000058   Data           1  key.o(.data)
    key_released                             0x20000059   Data           1  key.o(.data)
    .data                                    0x2000005c   Section        8  matrix_keypad.o(.data)
    last_key                                 0x2000005c   Data           1  matrix_keypad.o(.data)
    key_state                                0x2000005d   Data           1  matrix_keypad.o(.data)
    debounce_count                           0x2000005e   Data           1  matrix_keypad.o(.data)
    key_time                                 0x20000060   Data           4  matrix_keypad.o(.data)
    .bss                                     0x20000064   Section       72  tim.o(.bss)
    .bss                                     0x200000ac   Section      527  usart.o(.bss)
    .bss                                     0x200002bc   Section       96  libspace.o(.bss)
    HEAP                                     0x20000320   Section      512  startup_stm32f103xb.o(HEAP)
    Heap_Mem                                 0x20000320   Data         512  startup_stm32f103xb.o(HEAP)
    STACK                                    0x20000520   Section     1024  startup_stm32f103xb.o(STACK)
    Stack_Mem                                0x20000520   Data        1024  startup_stm32f103xb.o(STACK)
    __initial_sp                             0x20000920   Data           0  startup_stm32f103xb.o(STACK)

    Global Symbols

    Symbol Name                              Value     Ov Type        Size  Object(Section)

    BuildAttributes$$THM_ISAv4$P$D$K$B$S$PE$A:L22UL41UL21$X:L11$S22US41US21$IEEE1$IW$USESV6$~STKCKD$USESV7$~SHL$OTIME$ROPI$IEEEJ$EBA8$UX$STANDARDLIB$REQ8$PRES8$EABIv2 0x00000000   Number         0  anon$$obj.o ABSOLUTE
    __ARM_use_no_argv                        0x00000000   Number         0  main.o ABSOLUTE
    _printf_flags                            0x00000000   Number         0  printf_stubs.o ABSOLUTE
    _printf_return_value                     0x00000000   Number         0  printf_stubs.o ABSOLUTE
    _printf_sizespec                         0x00000000   Number         0  printf_stubs.o ABSOLUTE
    _printf_widthprec                        0x00000000   Number         0  printf_stubs.o ABSOLUTE
    __ARM_exceptions_init                     - Undefined Weak Reference
    __alloca_initialize                       - Undefined Weak Reference
    __arm_preinit_                            - Undefined Weak Reference
    __cpp_initialize__aeabi_                  - Undefined Weak Reference
    __cxa_finalize                            - Undefined Weak Reference
    __sigvec_lookup                           - Undefined Weak Reference
    _atexit_init                              - Undefined Weak Reference
    _call_atexit_fns                          - Undefined Weak Reference
    _clock_init                               - Undefined Weak Reference
    _fp_trap_init                             - Undefined Weak Reference
    _fp_trap_shutdown                         - Undefined Weak Reference
    _get_lc_collate                           - Undefined Weak Reference
    _get_lc_monetary                          - Undefined Weak Reference
    _get_lc_time                              - Undefined Weak Reference
    _getenv_init                              - Undefined Weak Reference
    _handle_redirection                       - Undefined Weak Reference
    _init_alloc                               - Undefined Weak Reference
    _init_user_alloc                          - Undefined Weak Reference
    _initio                                   - Undefined Weak Reference
    _mutex_acquire                            - Undefined Weak Reference
    _mutex_release                            - Undefined Weak Reference
    _printf_mbtowc                            - Undefined Weak Reference
    _printf_truncate_signed                   - Undefined Weak Reference
    _printf_truncate_unsigned                 - Undefined Weak Reference
    _rand_init                                - Undefined Weak Reference
    _scanf_longlong                           - Undefined Weak Reference
    _scanf_mbtowc                             - Undefined Weak Reference
    _scanf_real                               - Undefined Weak Reference
    _scanf_string                             - Undefined Weak Reference
    _scanf_wctomb                             - Undefined Weak Reference
    _scanf_wstring                            - Undefined Weak Reference
    _signal_finish                            - Undefined Weak Reference
    _signal_init                              - Undefined Weak Reference
    _terminate_alloc                          - Undefined Weak Reference
    _terminate_user_alloc                     - Undefined Weak Reference
    _terminateio                              - Undefined Weak Reference
    __Vectors_Size                           0x000000ec   Number         0  startup_stm32f103xb.o ABSOLUTE
    __Vectors                                0x08000000   Data           4  startup_stm32f103xb.o(RESET)
    __Vectors_End                            0x080000ec   Data           0  startup_stm32f103xb.o(RESET)
    __main                                   0x080000ed   Thumb Code     8  __main.o(!!!main)
    __scatterload                            0x080000f5   Thumb Code     0  __scatter.o(!!!scatter)
    __scatterload_rt2                        0x080000f5   Thumb Code    44  __scatter.o(!!!scatter)
    __scatterload_rt2_thumb_only             0x080000f5   Thumb Code     0  __scatter.o(!!!scatter)
    __scatterload_null                       0x08000103   Thumb Code     0  __scatter.o(!!!scatter)
    __scatterload_copy                       0x08000129   Thumb Code    26  __scatter_copy.o(!!handler_copy)
    __scatterload_zeroinit                   0x08000145   Thumb Code    28  __scatter_zi.o(!!handler_zi)
    _printf_d                                0x08000161   Thumb Code     0  _printf_d.o(.ARM.Collect$$_printf_percent$$00000009)
    _printf_percent                          0x08000161   Thumb Code     0  _printf_percent.o(.ARM.Collect$$_printf_percent$$00000000)
    _printf_u                                0x08000167   Thumb Code     0  _printf_u.o(.ARM.Collect$$_printf_percent$$0000000A)
    _printf_c                                0x0800016d   Thumb Code     0  _printf_c.o(.ARM.Collect$$_printf_percent$$00000013)
    _printf_s                                0x08000173   Thumb Code     0  _printf_s.o(.ARM.Collect$$_printf_percent$$00000014)
    _printf_percent_end                      0x08000179   Thumb Code     0  _printf_percent_end.o(.ARM.Collect$$_printf_percent$$00000017)
    __rt_lib_init                            0x0800017d   Thumb Code     0  libinit.o(.ARM.Collect$$libinit$$00000000)
    __rt_lib_init_fp_1                       0x0800017f   Thumb Code     0  libinit2.o(.ARM.Collect$$libinit$$00000002)
    __rt_lib_init_heap_1                     0x0800017f   Thumb Code     0  libinit2.o(.ARM.Collect$$libinit$$0000000A)
    __rt_lib_init_lc_common                  0x0800017f   Thumb Code     0  libinit2.o(.ARM.Collect$$libinit$$0000000F)
    __rt_lib_init_preinit_1                  0x0800017f   Thumb Code     0  libinit2.o(.ARM.Collect$$libinit$$00000004)
    __rt_lib_init_rand_1                     0x0800017f   Thumb Code     0  libinit2.o(.ARM.Collect$$libinit$$0000000E)
    __rt_lib_init_user_alloc_1               0x0800017f   Thumb Code     0  libinit2.o(.ARM.Collect$$libinit$$0000000C)
    __rt_lib_init_lc_collate_1               0x08000185   Thumb Code     0  libinit2.o(.ARM.Collect$$libinit$$00000011)
    __rt_lib_init_lc_ctype_2                 0x08000185   Thumb Code     0  libinit2.o(.ARM.Collect$$libinit$$00000012)
    __rt_lib_init_alloca_1                   0x08000191   Thumb Code     0  libinit2.o(.ARM.Collect$$libinit$$0000002E)
    __rt_lib_init_argv_1                     0x08000191   Thumb Code     0  libinit2.o(.ARM.Collect$$libinit$$0000002C)
    __rt_lib_init_atexit_1                   0x08000191   Thumb Code     0  libinit2.o(.ARM.Collect$$libinit$$0000001B)
    __rt_lib_init_clock_1                    0x08000191   Thumb Code     0  libinit2.o(.ARM.Collect$$libinit$$00000021)
    __rt_lib_init_cpp_1                      0x08000191   Thumb Code     0  libinit2.o(.ARM.Collect$$libinit$$00000032)
    __rt_lib_init_exceptions_1               0x08000191   Thumb Code     0  libinit2.o(.ARM.Collect$$libinit$$00000030)
    __rt_lib_init_fp_trap_1                  0x08000191   Thumb Code     0  libinit2.o(.ARM.Collect$$libinit$$0000001F)
    __rt_lib_init_getenv_1                   0x08000191   Thumb Code     0  libinit2.o(.ARM.Collect$$libinit$$00000023)
    __rt_lib_init_lc_ctype_1                 0x08000191   Thumb Code     0  libinit2.o(.ARM.Collect$$libinit$$00000013)
    __rt_lib_init_lc_monetary_1              0x08000191   Thumb Code     0  libinit2.o(.ARM.Collect$$libinit$$00000015)
    __rt_lib_init_lc_numeric_1               0x08000191   Thumb Code     0  libinit2.o(.ARM.Collect$$libinit$$00000017)
    __rt_lib_init_lc_time_1                  0x08000191   Thumb Code     0  libinit2.o(.ARM.Collect$$libinit$$00000019)
    __rt_lib_init_return                     0x08000191   Thumb Code     0  libinit2.o(.ARM.Collect$$libinit$$00000033)
    __rt_lib_init_signal_1                   0x08000191   Thumb Code     0  libinit2.o(.ARM.Collect$$libinit$$0000001D)
    __rt_lib_init_stdio_1                    0x08000191   Thumb Code     0  libinit2.o(.ARM.Collect$$libinit$$00000025)
    __rt_lib_shutdown                        0x08000193   Thumb Code     0  libshutdown.o(.ARM.Collect$$libshutdown$$00000000)
    __rt_lib_shutdown_cpp_1                  0x08000195   Thumb Code     0  libshutdown2.o(.ARM.Collect$$libshutdown$$00000002)
    __rt_lib_shutdown_fp_trap_1              0x08000195   Thumb Code     0  libshutdown2.o(.ARM.Collect$$libshutdown$$00000007)
    __rt_lib_shutdown_heap_1                 0x08000195   Thumb Code     0  libshutdown2.o(.ARM.Collect$$libshutdown$$0000000F)
    __rt_lib_shutdown_return                 0x08000195   Thumb Code     0  libshutdown2.o(.ARM.Collect$$libshutdown$$00000010)
    __rt_lib_shutdown_signal_1               0x08000195   Thumb Code     0  libshutdown2.o(.ARM.Collect$$libshutdown$$0000000A)
    __rt_lib_shutdown_stdio_1                0x08000195   Thumb Code     0  libshutdown2.o(.ARM.Collect$$libshutdown$$00000004)
    __rt_lib_shutdown_user_alloc_1           0x08000195   Thumb Code     0  libshutdown2.o(.ARM.Collect$$libshutdown$$0000000C)
    __rt_entry                               0x08000197   Thumb Code     0  __rtentry.o(.ARM.Collect$$rtentry$$00000000)
    __rt_entry_presh_1                       0x08000197   Thumb Code     0  __rtentry2.o(.ARM.Collect$$rtentry$$00000002)
    __rt_entry_sh                            0x08000197   Thumb Code     0  __rtentry4.o(.ARM.Collect$$rtentry$$00000004)
    __rt_entry_li                            0x0800019d   Thumb Code     0  __rtentry2.o(.ARM.Collect$$rtentry$$0000000A)
    __rt_entry_postsh_1                      0x0800019d   Thumb Code     0  __rtentry2.o(.ARM.Collect$$rtentry$$00000009)
    __rt_entry_main                          0x080001a1   Thumb Code     0  __rtentry2.o(.ARM.Collect$$rtentry$$0000000D)
    __rt_entry_postli_1                      0x080001a1   Thumb Code     0  __rtentry2.o(.ARM.Collect$$rtentry$$0000000C)
    __rt_exit                                0x080001a9   Thumb Code     0  rtexit.o(.ARM.Collect$$rtexit$$00000000)
    __rt_exit_ls                             0x080001ab   Thumb Code     0  rtexit2.o(.ARM.Collect$$rtexit$$00000003)
    __rt_exit_prels_1                        0x080001ab   Thumb Code     0  rtexit2.o(.ARM.Collect$$rtexit$$00000002)
    __rt_exit_exit                           0x080001af   Thumb Code     0  rtexit2.o(.ARM.Collect$$rtexit$$00000004)
    Reset_Handler                            0x080001b5   Thumb Code     8  startup_stm32f103xb.o(.text)
    ADC1_2_IRQHandler                        0x080001cf   Thumb Code     0  startup_stm32f103xb.o(.text)
    CAN1_RX1_IRQHandler                      0x080001cf   Thumb Code     0  startup_stm32f103xb.o(.text)
    CAN1_SCE_IRQHandler                      0x080001cf   Thumb Code     0  startup_stm32f103xb.o(.text)
    DMA1_Channel1_IRQHandler                 0x080001cf   Thumb Code     0  startup_stm32f103xb.o(.text)
    DMA1_Channel2_IRQHandler                 0x080001cf   Thumb Code     0  startup_stm32f103xb.o(.text)
    DMA1_Channel3_IRQHandler                 0x080001cf   Thumb Code     0  startup_stm32f103xb.o(.text)
    DMA1_Channel4_IRQHandler                 0x080001cf   Thumb Code     0  startup_stm32f103xb.o(.text)
    DMA1_Channel5_IRQHandler                 0x080001cf   Thumb Code     0  startup_stm32f103xb.o(.text)
    DMA1_Channel6_IRQHandler                 0x080001cf   Thumb Code     0  startup_stm32f103xb.o(.text)
    DMA1_Channel7_IRQHandler                 0x080001cf   Thumb Code     0  startup_stm32f103xb.o(.text)
    EXTI0_IRQHandler                         0x080001cf   Thumb Code     0  startup_stm32f103xb.o(.text)
    EXTI15_10_IRQHandler                     0x080001cf   Thumb Code     0  startup_stm32f103xb.o(.text)
    EXTI1_IRQHandler                         0x080001cf   Thumb Code     0  startup_stm32f103xb.o(.text)
    EXTI2_IRQHandler                         0x080001cf   Thumb Code     0  startup_stm32f103xb.o(.text)
    EXTI3_IRQHandler                         0x080001cf   Thumb Code     0  startup_stm32f103xb.o(.text)
    EXTI4_IRQHandler                         0x080001cf   Thumb Code     0  startup_stm32f103xb.o(.text)
    EXTI9_5_IRQHandler                       0x080001cf   Thumb Code     0  startup_stm32f103xb.o(.text)
    FLASH_IRQHandler                         0x080001cf   Thumb Code     0  startup_stm32f103xb.o(.text)
    I2C1_ER_IRQHandler                       0x080001cf   Thumb Code     0  startup_stm32f103xb.o(.text)
    I2C1_EV_IRQHandler                       0x080001cf   Thumb Code     0  startup_stm32f103xb.o(.text)
    I2C2_ER_IRQHandler                       0x080001cf   Thumb Code     0  startup_stm32f103xb.o(.text)
    I2C2_EV_IRQHandler                       0x080001cf   Thumb Code     0  startup_stm32f103xb.o(.text)
    PVD_IRQHandler                           0x080001cf   Thumb Code     0  startup_stm32f103xb.o(.text)
    RCC_IRQHandler                           0x080001cf   Thumb Code     0  startup_stm32f103xb.o(.text)
    RTC_Alarm_IRQHandler                     0x080001cf   Thumb Code     0  startup_stm32f103xb.o(.text)
    RTC_IRQHandler                           0x080001cf   Thumb Code     0  startup_stm32f103xb.o(.text)
    SPI1_IRQHandler                          0x080001cf   Thumb Code     0  startup_stm32f103xb.o(.text)
    SPI2_IRQHandler                          0x080001cf   Thumb Code     0  startup_stm32f103xb.o(.text)
    TAMPER_IRQHandler                        0x080001cf   Thumb Code     0  startup_stm32f103xb.o(.text)
    TIM1_BRK_IRQHandler                      0x080001cf   Thumb Code     0  startup_stm32f103xb.o(.text)
    TIM1_CC_IRQHandler                       0x080001cf   Thumb Code     0  startup_stm32f103xb.o(.text)
    TIM1_TRG_COM_IRQHandler                  0x080001cf   Thumb Code     0  startup_stm32f103xb.o(.text)
    TIM1_UP_IRQHandler                       0x080001cf   Thumb Code     0  startup_stm32f103xb.o(.text)
    TIM3_IRQHandler                          0x080001cf   Thumb Code     0  startup_stm32f103xb.o(.text)
    TIM4_IRQHandler                          0x080001cf   Thumb Code     0  startup_stm32f103xb.o(.text)
    USBWakeUp_IRQHandler                     0x080001cf   Thumb Code     0  startup_stm32f103xb.o(.text)
    USB_HP_CAN1_TX_IRQHandler                0x080001cf   Thumb Code     0  startup_stm32f103xb.o(.text)
    USB_LP_CAN1_RX0_IRQHandler               0x080001cf   Thumb Code     0  startup_stm32f103xb.o(.text)
    WWDG_IRQHandler                          0x080001cf   Thumb Code     0  startup_stm32f103xb.o(.text)
    __user_initial_stackheap                 0x080001d1   Thumb Code     0  startup_stm32f103xb.o(.text)
    __2printf                                0x080001f5   Thumb Code    20  noretval__2printf.o(.text)
    __2sprintf                               0x0800020d   Thumb Code    34  noretval__2sprintf.o(.text)
    _printf_pre_padding                      0x08000235   Thumb Code    44  _printf_pad.o(.text)
    _printf_post_padding                     0x08000261   Thumb Code    34  _printf_pad.o(.text)
    _printf_str                              0x08000283   Thumb Code    82  _printf_str.o(.text)
    _printf_int_dec                          0x080002d5   Thumb Code   104  _printf_dec.o(.text)
    __printf                                 0x0800034d   Thumb Code   388  __printf_flags_ss_wp.o(.text)
    __0sscanf                                0x080004d5   Thumb Code    52  __0sscanf.o(.text)
    _scanf_int                               0x08000511   Thumb Code   332  _scanf_int.o(.text)
    atoi                                     0x0800065d   Thumb Code    26  atoi.o(.text)
    strstr                                   0x08000677   Thumb Code    36  strstr.o(.text)
    strlen                                   0x0800069b   Thumb Code    62  strlen.o(.text)
    __aeabi_memclr                           0x080006d9   Thumb Code     0  rt_memclr.o(.text)
    __rt_memclr                              0x080006d9   Thumb Code    68  rt_memclr.o(.text)
    _memset                                  0x080006dd   Thumb Code     0  rt_memclr.o(.text)
    __aeabi_memclr4                          0x0800071d   Thumb Code     0  rt_memclr_w.o(.text)
    __aeabi_memclr8                          0x0800071d   Thumb Code     0  rt_memclr_w.o(.text)
    __rt_memclr_w                            0x0800071d   Thumb Code    78  rt_memclr_w.o(.text)
    _memset_w                                0x08000721   Thumb Code     0  rt_memclr_w.o(.text)
    __use_two_region_memory                  0x0800076b   Thumb Code     2  heapauxi.o(.text)
    __rt_heap_escrow$2region                 0x0800076d   Thumb Code     2  heapauxi.o(.text)
    __rt_heap_expand$2region                 0x0800076f   Thumb Code     2  heapauxi.o(.text)
    __aeabi_errno_addr                       0x08000771   Thumb Code     8  rt_errno_addr_intlibspace.o(.text)
    __errno$intlibspace                      0x08000771   Thumb Code     0  rt_errno_addr_intlibspace.o(.text)
    __rt_errno_addr$intlibspace              0x08000771   Thumb Code     0  rt_errno_addr_intlibspace.o(.text)
    _printf_int_common                       0x08000779   Thumb Code   178  _printf_intcommon.o(.text)
    _printf_char_common                      0x08000837   Thumb Code    32  _printf_char_common.o(.text)
    _sputc                                   0x0800085d   Thumb Code    10  _sputc.o(.text)
    _printf_cs_common                        0x08000867   Thumb Code    20  _printf_char.o(.text)
    _printf_char                             0x0800087b   Thumb Code    16  _printf_char.o(.text)
    _printf_string                           0x0800088b   Thumb Code     8  _printf_char.o(.text)
    _printf_char_file                        0x08000895   Thumb Code    32  _printf_char_file.o(.text)
    _chval                                   0x080008b9   Thumb Code    28  _chval.o(.text)
    __vfscanf_char                           0x080008e1   Thumb Code    24  scanf_char.o(.text)
    _sgetc                                   0x08000901   Thumb Code    30  _sgetc.o(.text)
    _sbackspace                              0x0800091f   Thumb Code    34  _sgetc.o(.text)
    strtol                                   0x08000941   Thumb Code   112  strtol.o(.text)
    __user_libspace                          0x080009b1   Thumb Code     8  libspace.o(.text)
    __user_perproc_libspace                  0x080009b1   Thumb Code     0  libspace.o(.text)
    __user_perthread_libspace                0x080009b1   Thumb Code     0  libspace.o(.text)
    __rt_ctype_table                         0x080009b9   Thumb Code    16  rt_ctype_table.o(.text)
    __rt_locale                              0x080009c9   Thumb Code     8  rt_locale_intlibspace.o(.text)
    isspace                                  0x080009d1   Thumb Code    18  isspace.o(.text)
    __vfscanf                                0x080009e5   Thumb Code   878  _scanf.o(.text)
    _strtoul                                 0x08000d59   Thumb Code   158  _strtoul.o(.text)
    ferror                                   0x08000df7   Thumb Code     8  ferror.o(.text)
    __user_setup_stackheap                   0x08000dff   Thumb Code    74  sys_stackheap_outer.o(.text)
    exit                                     0x08000e49   Thumb Code    18  exit.o(.text)
    strcmp                                   0x08000e5d   Thumb Code   128  strcmpv7m.o(.text)
    BT_Read_State                            0x08000edd   Thumb Code    18  main.o(i.BT_Read_State)
    BusFault_Handler                         0x08000ef5   Thumb Code     2  stm32f1xx_it.o(i.BusFault_Handler)
    Buzzer_Off                               0x08000ef9   Thumb Code    10  main.o(i.Buzzer_Off)
    Buzzer_On                                0x08000f09   Thumb Code    10  main.o(i.Buzzer_On)
    Check_Bluetooth_Connection               0x08000f19   Thumb Code    56  main.o(i.Check_Bluetooth_Connection)
    DebugMon_Handler                         0x08000fa1   Thumb Code     2  stm32f1xx_it.o(i.DebugMon_Handler)
    Display_Status                           0x08000fa5   Thumb Code    82  main.o(i.Display_Status)
    Error_Handler                            0x08001041   Thumb Code     4  main.o(i.Error_Handler)
    HAL_DMA_Abort                            0x08001045   Thumb Code    70  stm32f1xx_hal_dma.o(i.HAL_DMA_Abort)
    HAL_DMA_Abort_IT                         0x0800108d   Thumb Code   148  stm32f1xx_hal_dma.o(i.HAL_DMA_Abort_IT)
    HAL_Delay                                0x08001125   Thumb Code    32  stm32f1xx_hal.o(i.HAL_Delay)
    HAL_GPIO_Init                            0x08001149   Thumb Code   446  stm32f1xx_hal_gpio.o(i.HAL_GPIO_Init)
    HAL_GPIO_ReadPin                         0x08001329   Thumb Code    10  stm32f1xx_hal_gpio.o(i.HAL_GPIO_ReadPin)
    HAL_GPIO_WritePin                        0x08001333   Thumb Code    10  stm32f1xx_hal_gpio.o(i.HAL_GPIO_WritePin)
    HAL_GetTick                              0x0800133d   Thumb Code     6  stm32f1xx_hal.o(i.HAL_GetTick)
    HAL_IncTick                              0x08001349   Thumb Code    12  stm32f1xx_hal.o(i.HAL_IncTick)
    HAL_Init                                 0x08001359   Thumb Code    32  stm32f1xx_hal.o(i.HAL_Init)
    HAL_InitTick                             0x0800137d   Thumb Code    54  stm32f1xx_hal.o(i.HAL_InitTick)
    HAL_MspInit                              0x080013bd   Thumb Code    52  stm32f1xx_hal_msp.o(i.HAL_MspInit)
    HAL_NVIC_EnableIRQ                       0x080013f9   Thumb Code    26  stm32f1xx_hal_cortex.o(i.HAL_NVIC_EnableIRQ)
    HAL_NVIC_SetPriority                     0x08001415   Thumb Code    60  stm32f1xx_hal_cortex.o(i.HAL_NVIC_SetPriority)
    HAL_NVIC_SetPriorityGrouping             0x08001455   Thumb Code    26  stm32f1xx_hal_cortex.o(i.HAL_NVIC_SetPriorityGrouping)
    HAL_RCC_ClockConfig                      0x08001479   Thumb Code   280  stm32f1xx_hal_rcc.o(i.HAL_RCC_ClockConfig)
    HAL_RCC_GetPCLK1Freq                     0x080015a5   Thumb Code    20  stm32f1xx_hal_rcc.o(i.HAL_RCC_GetPCLK1Freq)
    HAL_RCC_GetPCLK2Freq                     0x080015c5   Thumb Code    20  stm32f1xx_hal_rcc.o(i.HAL_RCC_GetPCLK2Freq)
    HAL_RCC_GetSysClockFreq                  0x080015e5   Thumb Code    58  stm32f1xx_hal_rcc.o(i.HAL_RCC_GetSysClockFreq)
    HAL_RCC_OscConfig                        0x08001631   Thumb Code   778  stm32f1xx_hal_rcc.o(i.HAL_RCC_OscConfig)
    HAL_SYSTICK_Config                       0x08001951   Thumb Code    40  stm32f1xx_hal_cortex.o(i.HAL_SYSTICK_Config)
    HAL_TIMEx_BreakCallback                  0x08001979   Thumb Code     2  stm32f1xx_hal_tim_ex.o(i.HAL_TIMEx_BreakCallback)
    HAL_TIMEx_CommutCallback                 0x0800197b   Thumb Code     2  stm32f1xx_hal_tim_ex.o(i.HAL_TIMEx_CommutCallback)
    HAL_TIMEx_MasterConfigSynchronization    0x0800197d   Thumb Code    92  stm32f1xx_hal_tim_ex.o(i.HAL_TIMEx_MasterConfigSynchronization)
    HAL_TIM_Base_Init                        0x080019e5   Thumb Code    90  stm32f1xx_hal_tim.o(i.HAL_TIM_Base_Init)
    HAL_TIM_Base_MspInit                     0x08001a41   Thumb Code    50  tim.o(i.HAL_TIM_Base_MspInit)
    HAL_TIM_Base_Start_IT                    0x08001a79   Thumb Code    76  stm32f1xx_hal_tim.o(i.HAL_TIM_Base_Start_IT)
    HAL_TIM_ConfigClockSource                0x08001ad1   Thumb Code   220  stm32f1xx_hal_tim.o(i.HAL_TIM_ConfigClockSource)
    HAL_TIM_IC_CaptureCallback               0x08001bad   Thumb Code     2  stm32f1xx_hal_tim.o(i.HAL_TIM_IC_CaptureCallback)
    HAL_TIM_IRQHandler                       0x08001baf   Thumb Code   304  stm32f1xx_hal_tim.o(i.HAL_TIM_IRQHandler)
    HAL_TIM_OC_DelayElapsedCallback          0x08001cdf   Thumb Code     2  stm32f1xx_hal_tim.o(i.HAL_TIM_OC_DelayElapsedCallback)
    HAL_TIM_PWM_PulseFinishedCallback        0x08001ce1   Thumb Code     2  stm32f1xx_hal_tim.o(i.HAL_TIM_PWM_PulseFinishedCallback)
    HAL_TIM_PeriodElapsedCallback            0x08001ce3   Thumb Code     2  stm32f1xx_hal_tim.o(i.HAL_TIM_PeriodElapsedCallback)
    HAL_TIM_TriggerCallback                  0x08001ce5   Thumb Code     2  stm32f1xx_hal_tim.o(i.HAL_TIM_TriggerCallback)
    HAL_UARTEx_RxEventCallback               0x08001ce7   Thumb Code     2  stm32f1xx_hal_uart.o(i.HAL_UARTEx_RxEventCallback)
    HAL_UART_ErrorCallback                   0x08001ce9   Thumb Code     2  stm32f1xx_hal_uart.o(i.HAL_UART_ErrorCallback)
    HAL_UART_IRQHandler                      0x08001ced   Thumb Code   616  stm32f1xx_hal_uart.o(i.HAL_UART_IRQHandler)
    HAL_UART_Init                            0x08001f59   Thumb Code   100  stm32f1xx_hal_uart.o(i.HAL_UART_Init)
    HAL_UART_MspInit                         0x08001fbd   Thumb Code   282  usart.o(i.HAL_UART_MspInit)
    HAL_UART_Receive_IT                      0x080020f1   Thumb Code    28  stm32f1xx_hal_uart.o(i.HAL_UART_Receive_IT)
    HAL_UART_RxCpltCallback                  0x0800210d   Thumb Code   152  usart.o(i.HAL_UART_RxCpltCallback)
    HAL_UART_Transmit                        0x080021b9   Thumb Code   160  stm32f1xx_hal_uart.o(i.HAL_UART_Transmit)
    HAL_UART_TxCpltCallback                  0x08002259   Thumb Code     2  stm32f1xx_hal_uart.o(i.HAL_UART_TxCpltCallback)
    HardFault_Handler                        0x0800225b   Thumb Code     2  stm32f1xx_it.o(i.HardFault_Handler)
    Initialize_Bluetooth                     0x0800225d   Thumb Code    34  main.o(i.Initialize_Bluetooth)
    KEY_GetState                             0x080022c5   Thumb Code    62  key.o(i.KEY_GetState)
    KEY_Init                                 0x0800230d   Thumb Code     2  key.o(i.KEY_Init)
    KEY_Scan                                 0x08002311   Thumb Code   106  key.o(i.KEY_Scan)
    LCD1602_Clear                            0x08002381   Thumb Code    18  lcd1602.o(i.LCD1602_Clear)
    LCD1602_Init                             0x080023c5   Thumb Code   140  lcd1602.o(i.LCD1602_Init)
    LCD1602_SetCursor                        0x08002455   Thumb Code    14  lcd1602.o(i.LCD1602_SetCursor)
    LCD1602_WriteCommand                     0x080024ad   Thumb Code    66  lcd1602.o(i.LCD1602_WriteCommand)
    LCD1602_WriteData                        0x080024f5   Thumb Code    52  lcd1602.o(i.LCD1602_WriteData)
    LCD1602_WriteString                      0x0800252d   Thumb Code    20  lcd1602.o(i.LCD1602_WriteString)
    MX_GPIO_Init                             0x08002541   Thumb Code   292  gpio.o(i.MX_GPIO_Init)
    MX_TIM2_Init                             0x08002675   Thumb Code    98  tim.o(i.MX_TIM2_Init)
    MX_USART1_UART_Init                      0x080026dd   Thumb Code    48  usart.o(i.MX_USART1_UART_Init)
    MX_USART2_UART_Init                      0x08002715   Thumb Code    54  usart.o(i.MX_USART2_UART_Init)
    MX_USART3_UART_Init                      0x08002759   Thumb Code    68  usart.o(i.MX_USART3_UART_Init)
    Matrix_Keypad_GetChar                    0x080027a9   Thumb Code    16  matrix_keypad.o(i.Matrix_Keypad_GetChar)
    Matrix_Keypad_GetKey                     0x080027bd   Thumb Code   108  matrix_keypad.o(i.Matrix_Keypad_GetKey)
    Matrix_Keypad_Init                       0x0800282d   Thumb Code    48  matrix_keypad.o(i.Matrix_Keypad_Init)
    Matrix_Keypad_Scan                       0x08002865   Thumb Code   130  matrix_keypad.o(i.Matrix_Keypad_Scan)
    MemManage_Handler                        0x080028ed   Thumb Code     2  stm32f1xx_it.o(i.MemManage_Handler)
    NMI_Handler                              0x080028ef   Thumb Code     2  stm32f1xx_it.o(i.NMI_Handler)
    PendSV_Handler                           0x080028f1   Thumb Code     2  stm32f1xx_it.o(i.PendSV_Handler)
    Print_Debug_Info                         0x080028f5   Thumb Code   156  main.o(i.Print_Debug_Info)
    Process_Alarm                            0x08002aa9   Thumb Code    32  main.o(i.Process_Alarm)
    Process_Bluetooth_Command                0x08002acd   Thumb Code   292  main.o(i.Process_Bluetooth_Command)
    Process_Keys                             0x08002d2d   Thumb Code   208  main.o(i.Process_Keys)
    SVC_Handler                              0x08003629   Thumb Code     2  stm32f1xx_it.o(i.SVC_Handler)
    Send_Bluetooth_Data                      0x0800362d   Thumb Code    44  main.o(i.Send_Bluetooth_Data)
    SysTick_Handler                          0x08003689   Thumb Code     4  stm32f1xx_it.o(i.SysTick_Handler)
    SystemClock_Config                       0x0800368d   Thumb Code    94  main.o(i.SystemClock_Config)
    SystemInit                               0x080036eb   Thumb Code     2  system_stm32f1xx.o(i.SystemInit)
    TIM2_IRQHandler                          0x080036ed   Thumb Code     6  stm32f1xx_it.o(i.TIM2_IRQHandler)
    TIM_Base_SetConfig                       0x080036f9   Thumb Code   108  stm32f1xx_hal_tim.o(i.TIM_Base_SetConfig)
    TIM_ETR_SetConfig                        0x08003771   Thumb Code    20  stm32f1xx_hal_tim.o(i.TIM_ETR_SetConfig)
    UART_Start_Receive_IT                    0x080039b5   Thumb Code    54  stm32f1xx_hal_uart.o(i.UART_Start_Receive_IT)
    USART1_IRQHandler                        0x08003a5d   Thumb Code     6  stm32f1xx_it.o(i.USART1_IRQHandler)
    USART2_IRQHandler                        0x08003a69   Thumb Code     6  stm32f1xx_it.o(i.USART2_IRQHandler)
    USART3_IRQHandler                        0x08003a75   Thumb Code     6  stm32f1xx_it.o(i.USART3_IRQHandler)
    UsageFault_Handler                       0x08003a81   Thumb Code     2  stm32f1xx_it.o(i.UsageFault_Handler)
    _is_digit                                0x08003aa3   Thumb Code    14  __printf_wp.o(i._is_digit)
    _sys_exit                                0x08003ab1   Thumb Code     2  usart.o(i._sys_exit)
    data_process                             0x08003ab5   Thumb Code    74  usart.o(i.data_process)
    fputc                                    0x08003b0d   Thumb Code    18  usart.o(i.fputc)
    main                                     0x08003b25   Thumb Code   240  main.o(i.main)
    _get_lc_ctype                            0x08003cf1   Thumb Code    44  lc_ctype_c.o(locale$$code)
    AHBPrescTable                            0x08003e2e   Data          16  system_stm32f1xx.o(.constdata)
    APBPrescTable                            0x08003e3e   Data           8  system_stm32f1xx.o(.constdata)
    Region$$Table$$Base                      0x08003eec   Number         0  anon$$obj.o(Region$$Table)
    Region$$Table$$Limit                     0x08003f0c   Number         0  anon$$obj.o(Region$$Table)
    __ctype                                  0x08003f19   Data           0  lc_ctype_c.o(locale$$data)
    system_on                                0x20000000   Data           1  main.o(.data)
    alarm_on                                 0x20000001   Data           1  main.o(.data)
    setting_mode                             0x20000002   Data           1  main.o(.data)
    receive_cnt                              0x20000006   Data           2  main.o(.data)
    distance                                 0x20000008   Data           2  main.o(.data)
    threshold                                0x2000000a   Data           2  main.o(.data)
    threshold_temp                           0x2000000c   Data           2  main.o(.data)
    Usart1_Receive_buf                       0x20000020   Data           1  usart.o(.data)
    Uart2_Receive_buf                        0x20000021   Data           1  usart.o(.data)
    Uart3_Receive_buf                        0x20000022   Data           1  usart.o(.data)
    bt_rx_index                              0x20000024   Data           2  usart.o(.data)
    point1                                   0x20000028   Data           2  usart.o(.data)
    usart2_byte_count                        0x2000002c   Data           4  usart.o(.data)
    usart2_interrupt_count                   0x20000030   Data           4  usart.o(.data)
    bt_connected                             0x20000040   Data           1  usart.o(.data)
    __stdout                                 0x20000044   Data           4  usart.o(.data)
    uwTickFreq                               0x20000048   Data           1  stm32f1xx_hal.o(.data)
    uwTickPrio                               0x2000004c   Data           4  stm32f1xx_hal.o(.data)
    uwTick                                   0x20000050   Data           4  stm32f1xx_hal.o(.data)
    SystemCoreClock                          0x20000054   Data           4  system_stm32f1xx.o(.data)
    htim2                                    0x20000064   Data          72  tim.o(.bss)
    bt_rx_buf                                0x200000ac   Data          64  usart.o(.bss)
    huart1                                   0x200000ec   Data          72  usart.o(.bss)
    huart2                                   0x20000134   Data          72  usart.o(.bss)
    huart3                                   0x2000017c   Data          72  usart.o(.bss)
    USART_RX_BUF                             0x200001c4   Data         200  usart.o(.bss)
    Pack_Data                                0x2000028c   Data          47  usart.o(.bss)
    __libspace_start                         0x200002bc   Data          96  libspace.o(.bss)
    __temporary_stack_top$libspace           0x2000031c   Data           0  libspace.o(.bss)



==============================================================================

Memory Map of the image

  Image Entry point : 0x080000ed

  Load Region LR_IROM1 (Base: 0x08000000, Size: 0x00004080, Max: 0x00010000, ABSOLUTE)

    Execution Region ER_IROM1 (Exec base: 0x08000000, Load base: 0x08000000, Size: 0x0000401c, Max: 0x00010000, ABSOLUTE)

    Exec Addr    Load Addr    Size         Type   Attr      Idx    E Section Name        Object

    0x08000000   0x08000000   0x000000ec   Data   RO            3    RESET               startup_stm32f103xb.o
    0x080000ec   0x080000ec   0x00000008   Code   RO         3164  * !!!main             c_w.l(__main.o)
    0x080000f4   0x080000f4   0x00000034   Code   RO         3423    !!!scatter          c_w.l(__scatter.o)
    0x08000128   0x08000128   0x0000001a   Code   RO         3425    !!handler_copy      c_w.l(__scatter_copy.o)
    0x08000142   0x08000142   0x00000002   PAD
    0x08000144   0x08000144   0x0000001c   Code   RO         3427    !!handler_zi        c_w.l(__scatter_zi.o)
    0x08000160   0x08000160   0x00000000   Code   RO         3147    .ARM.Collect$$_printf_percent$$00000000  c_w.l(_printf_percent.o)
    0x08000160   0x08000160   0x00000006   Code   RO         3141    .ARM.Collect$$_printf_percent$$00000009  c_w.l(_printf_d.o)
    0x08000166   0x08000166   0x00000006   Code   RO         3142    .ARM.Collect$$_printf_percent$$0000000A  c_w.l(_printf_u.o)
    0x0800016c   0x0800016c   0x00000006   Code   RO         3139    .ARM.Collect$$_printf_percent$$00000013  c_w.l(_printf_c.o)
    0x08000172   0x08000172   0x00000006   Code   RO         3140    .ARM.Collect$$_printf_percent$$00000014  c_w.l(_printf_s.o)
    0x08000178   0x08000178   0x00000004   Code   RO         3197    .ARM.Collect$$_printf_percent$$00000017  c_w.l(_printf_percent_end.o)
    0x0800017c   0x0800017c   0x00000002   Code   RO         3298    .ARM.Collect$$libinit$$00000000  c_w.l(libinit.o)
    0x0800017e   0x0800017e   0x00000000   Code   RO         3300    .ARM.Collect$$libinit$$00000002  c_w.l(libinit2.o)
    0x0800017e   0x0800017e   0x00000000   Code   RO         3302    .ARM.Collect$$libinit$$00000004  c_w.l(libinit2.o)
    0x0800017e   0x0800017e   0x00000000   Code   RO         3305    .ARM.Collect$$libinit$$0000000A  c_w.l(libinit2.o)
    0x0800017e   0x0800017e   0x00000000   Code   RO         3307    .ARM.Collect$$libinit$$0000000C  c_w.l(libinit2.o)
    0x0800017e   0x0800017e   0x00000000   Code   RO         3309    .ARM.Collect$$libinit$$0000000E  c_w.l(libinit2.o)
    0x0800017e   0x0800017e   0x00000006   Code   RO         3310    .ARM.Collect$$libinit$$0000000F  c_w.l(libinit2.o)
    0x08000184   0x08000184   0x00000000   Code   RO         3312    .ARM.Collect$$libinit$$00000011  c_w.l(libinit2.o)
    0x08000184   0x08000184   0x0000000c   Code   RO         3313    .ARM.Collect$$libinit$$00000012  c_w.l(libinit2.o)
    0x08000190   0x08000190   0x00000000   Code   RO         3314    .ARM.Collect$$libinit$$00000013  c_w.l(libinit2.o)
    0x08000190   0x08000190   0x00000000   Code   RO         3316    .ARM.Collect$$libinit$$00000015  c_w.l(libinit2.o)
    0x08000190   0x08000190   0x00000000   Code   RO         3318    .ARM.Collect$$libinit$$00000017  c_w.l(libinit2.o)
    0x08000190   0x08000190   0x00000000   Code   RO         3320    .ARM.Collect$$libinit$$00000019  c_w.l(libinit2.o)
    0x08000190   0x08000190   0x00000000   Code   RO         3322    .ARM.Collect$$libinit$$0000001B  c_w.l(libinit2.o)
    0x08000190   0x08000190   0x00000000   Code   RO         3324    .ARM.Collect$$libinit$$0000001D  c_w.l(libinit2.o)
    0x08000190   0x08000190   0x00000000   Code   RO         3326    .ARM.Collect$$libinit$$0000001F  c_w.l(libinit2.o)
    0x08000190   0x08000190   0x00000000   Code   RO         3328    .ARM.Collect$$libinit$$00000021  c_w.l(libinit2.o)
    0x08000190   0x08000190   0x00000000   Code   RO         3330    .ARM.Collect$$libinit$$00000023  c_w.l(libinit2.o)
    0x08000190   0x08000190   0x00000000   Code   RO         3332    .ARM.Collect$$libinit$$00000025  c_w.l(libinit2.o)
    0x08000190   0x08000190   0x00000000   Code   RO         3336    .ARM.Collect$$libinit$$0000002C  c_w.l(libinit2.o)
    0x08000190   0x08000190   0x00000000   Code   RO         3338    .ARM.Collect$$libinit$$0000002E  c_w.l(libinit2.o)
    0x08000190   0x08000190   0x00000000   Code   RO         3340    .ARM.Collect$$libinit$$00000030  c_w.l(libinit2.o)
    0x08000190   0x08000190   0x00000000   Code   RO         3342    .ARM.Collect$$libinit$$00000032  c_w.l(libinit2.o)
    0x08000190   0x08000190   0x00000002   Code   RO         3343    .ARM.Collect$$libinit$$00000033  c_w.l(libinit2.o)
    0x08000192   0x08000192   0x00000002   Code   RO         3371    .ARM.Collect$$libshutdown$$00000000  c_w.l(libshutdown.o)
    0x08000194   0x08000194   0x00000000   Code   RO         3382    .ARM.Collect$$libshutdown$$00000002  c_w.l(libshutdown2.o)
    0x08000194   0x08000194   0x00000000   Code   RO         3384    .ARM.Collect$$libshutdown$$00000004  c_w.l(libshutdown2.o)
    0x08000194   0x08000194   0x00000000   Code   RO         3387    .ARM.Collect$$libshutdown$$00000007  c_w.l(libshutdown2.o)
    0x08000194   0x08000194   0x00000000   Code   RO         3390    .ARM.Collect$$libshutdown$$0000000A  c_w.l(libshutdown2.o)
    0x08000194   0x08000194   0x00000000   Code   RO         3392    .ARM.Collect$$libshutdown$$0000000C  c_w.l(libshutdown2.o)
    0x08000194   0x08000194   0x00000000   Code   RO         3395    .ARM.Collect$$libshutdown$$0000000F  c_w.l(libshutdown2.o)
    0x08000194   0x08000194   0x00000002   Code   RO         3396    .ARM.Collect$$libshutdown$$00000010  c_w.l(libshutdown2.o)
    0x08000196   0x08000196   0x00000000   Code   RO         3176    .ARM.Collect$$rtentry$$00000000  c_w.l(__rtentry.o)
    0x08000196   0x08000196   0x00000000   Code   RO         3215    .ARM.Collect$$rtentry$$00000002  c_w.l(__rtentry2.o)
    0x08000196   0x08000196   0x00000006   Code   RO         3227    .ARM.Collect$$rtentry$$00000004  c_w.l(__rtentry4.o)
    0x0800019c   0x0800019c   0x00000000   Code   RO         3217    .ARM.Collect$$rtentry$$00000009  c_w.l(__rtentry2.o)
    0x0800019c   0x0800019c   0x00000004   Code   RO         3218    .ARM.Collect$$rtentry$$0000000A  c_w.l(__rtentry2.o)
    0x080001a0   0x080001a0   0x00000000   Code   RO         3220    .ARM.Collect$$rtentry$$0000000C  c_w.l(__rtentry2.o)
    0x080001a0   0x080001a0   0x00000008   Code   RO         3221    .ARM.Collect$$rtentry$$0000000D  c_w.l(__rtentry2.o)
    0x080001a8   0x080001a8   0x00000002   Code   RO         3344    .ARM.Collect$$rtexit$$00000000  c_w.l(rtexit.o)
    0x080001aa   0x080001aa   0x00000000   Code   RO         3351    .ARM.Collect$$rtexit$$00000002  c_w.l(rtexit2.o)
    0x080001aa   0x080001aa   0x00000004   Code   RO         3352    .ARM.Collect$$rtexit$$00000003  c_w.l(rtexit2.o)
    0x080001ae   0x080001ae   0x00000006   Code   RO         3353    .ARM.Collect$$rtexit$$00000004  c_w.l(rtexit2.o)
    0x080001b4   0x080001b4   0x00000040   Code   RO            4    .text               startup_stm32f103xb.o
    0x080001f4   0x080001f4   0x00000018   Code   RO         3107    .text               c_w.l(noretval__2printf.o)
    0x0800020c   0x0800020c   0x00000028   Code   RO         3109    .text               c_w.l(noretval__2sprintf.o)
    0x08000234   0x08000234   0x0000004e   Code   RO         3113    .text               c_w.l(_printf_pad.o)
    0x08000282   0x08000282   0x00000052   Code   RO         3115    .text               c_w.l(_printf_str.o)
    0x080002d4   0x080002d4   0x00000078   Code   RO         3117    .text               c_w.l(_printf_dec.o)
    0x0800034c   0x0800034c   0x00000188   Code   RO         3136    .text               c_w.l(__printf_flags_ss_wp.o)
    0x080004d4   0x080004d4   0x0000003c   Code   RO         3148    .text               c_w.l(__0sscanf.o)
    0x08000510   0x08000510   0x0000014c   Code   RO         3150    .text               c_w.l(_scanf_int.o)
    0x0800065c   0x0800065c   0x0000001a   Code   RO         3152    .text               c_w.l(atoi.o)
    0x08000676   0x08000676   0x00000024   Code   RO         3154    .text               c_w.l(strstr.o)
    0x0800069a   0x0800069a   0x0000003e   Code   RO         3156    .text               c_w.l(strlen.o)
    0x080006d8   0x080006d8   0x00000044   Code   RO         3158    .text               c_w.l(rt_memclr.o)
    0x0800071c   0x0800071c   0x0000004e   Code   RO         3160    .text               c_w.l(rt_memclr_w.o)
    0x0800076a   0x0800076a   0x00000006   Code   RO         3162    .text               c_w.l(heapauxi.o)
    0x08000770   0x08000770   0x00000008   Code   RO         3180    .text               c_w.l(rt_errno_addr_intlibspace.o)
    0x08000778   0x08000778   0x000000b2   Code   RO         3182    .text               c_w.l(_printf_intcommon.o)
    0x0800082a   0x0800082a   0x00000002   PAD
    0x0800082c   0x0800082c   0x00000030   Code   RO         3189    .text               c_w.l(_printf_char_common.o)
    0x0800085c   0x0800085c   0x0000000a   Code   RO         3191    .text               c_w.l(_sputc.o)
    0x08000866   0x08000866   0x0000002c   Code   RO         3193    .text               c_w.l(_printf_char.o)
    0x08000892   0x08000892   0x00000002   PAD
    0x08000894   0x08000894   0x00000024   Code   RO         3195    .text               c_w.l(_printf_char_file.o)
    0x080008b8   0x080008b8   0x0000001c   Code   RO         3198    .text               c_w.l(_chval.o)
    0x080008d4   0x080008d4   0x0000002c   Code   RO         3200    .text               c_w.l(scanf_char.o)
    0x08000900   0x08000900   0x00000040   Code   RO         3202    .text               c_w.l(_sgetc.o)
    0x08000940   0x08000940   0x00000070   Code   RO         3204    .text               c_w.l(strtol.o)
    0x080009b0   0x080009b0   0x00000008   Code   RO         3211    .text               c_w.l(libspace.o)
    0x080009b8   0x080009b8   0x00000010   Code   RO         3229    .text               c_w.l(rt_ctype_table.o)
    0x080009c8   0x080009c8   0x00000008   Code   RO         3234    .text               c_w.l(rt_locale_intlibspace.o)
    0x080009d0   0x080009d0   0x00000012   Code   RO         3238    .text               c_w.l(isspace.o)
    0x080009e2   0x080009e2   0x00000002   PAD
    0x080009e4   0x080009e4   0x00000374   Code   RO         3244    .text               c_w.l(_scanf.o)
    0x08000d58   0x08000d58   0x0000009e   Code   RO         3246    .text               c_w.l(_strtoul.o)
    0x08000df6   0x08000df6   0x00000008   Code   RO         3273    .text               c_w.l(ferror.o)
    0x08000dfe   0x08000dfe   0x0000004a   Code   RO         3284    .text               c_w.l(sys_stackheap_outer.o)
    0x08000e48   0x08000e48   0x00000012   Code   RO         3289    .text               c_w.l(exit.o)
    0x08000e5a   0x08000e5a   0x00000002   PAD
    0x08000e5c   0x08000e5c   0x00000080   Code   RO         3291    .text               c_w.l(strcmpv7m.o)
    0x08000edc   0x08000edc   0x00000018   Code   RO           13    i.BT_Read_State     main.o
    0x08000ef4   0x08000ef4   0x00000002   Code   RO          420    i.BusFault_Handler  stm32f1xx_it.o
    0x08000ef6   0x08000ef6   0x00000002   PAD
    0x08000ef8   0x08000ef8   0x00000010   Code   RO           14    i.Buzzer_Off        main.o
    0x08000f08   0x08000f08   0x00000010   Code   RO           15    i.Buzzer_On         main.o
    0x08000f18   0x08000f18   0x00000088   Code   RO           16    i.Check_Bluetooth_Connection  main.o
    0x08000fa0   0x08000fa0   0x00000002   Code   RO          421    i.DebugMon_Handler  stm32f1xx_it.o
    0x08000fa2   0x08000fa2   0x00000002   PAD
    0x08000fa4   0x08000fa4   0x0000009c   Code   RO           17    i.Display_Status    main.o
    0x08001040   0x08001040   0x00000004   Code   RO           18    i.Error_Handler     main.o
    0x08001044   0x08001044   0x00000046   Code   RO         1934    i.HAL_DMA_Abort     stm32f1xx_hal_dma.o
    0x0800108a   0x0800108a   0x00000002   PAD
    0x0800108c   0x0800108c   0x00000098   Code   RO         1935    i.HAL_DMA_Abort_IT  stm32f1xx_hal_dma.o
    0x08001124   0x08001124   0x00000024   Code   RO         1560    i.HAL_Delay         stm32f1xx_hal.o
    0x08001148   0x08001148   0x000001e0   Code   RO         1870    i.HAL_GPIO_Init     stm32f1xx_hal_gpio.o
    0x08001328   0x08001328   0x0000000a   Code   RO         1872    i.HAL_GPIO_ReadPin  stm32f1xx_hal_gpio.o
    0x08001332   0x08001332   0x0000000a   Code   RO         1874    i.HAL_GPIO_WritePin  stm32f1xx_hal_gpio.o
    0x0800133c   0x0800133c   0x0000000c   Code   RO         1564    i.HAL_GetTick       stm32f1xx_hal.o
    0x08001348   0x08001348   0x00000010   Code   RO         1570    i.HAL_IncTick       stm32f1xx_hal.o
    0x08001358   0x08001358   0x00000024   Code   RO         1571    i.HAL_Init          stm32f1xx_hal.o
    0x0800137c   0x0800137c   0x00000040   Code   RO         1572    i.HAL_InitTick      stm32f1xx_hal.o
    0x080013bc   0x080013bc   0x0000003c   Code   RO          520    i.HAL_MspInit       stm32f1xx_hal_msp.o
    0x080013f8   0x080013f8   0x0000001a   Code   RO         2030    i.HAL_NVIC_EnableIRQ  stm32f1xx_hal_cortex.o
    0x08001412   0x08001412   0x00000002   PAD
    0x08001414   0x08001414   0x00000040   Code   RO         2036    i.HAL_NVIC_SetPriority  stm32f1xx_hal_cortex.o
    0x08001454   0x08001454   0x00000024   Code   RO         2037    i.HAL_NVIC_SetPriorityGrouping  stm32f1xx_hal_cortex.o
    0x08001478   0x08001478   0x0000012c   Code   RO         1728    i.HAL_RCC_ClockConfig  stm32f1xx_hal_rcc.o
    0x080015a4   0x080015a4   0x00000020   Code   RO         1735    i.HAL_RCC_GetPCLK1Freq  stm32f1xx_hal_rcc.o
    0x080015c4   0x080015c4   0x00000020   Code   RO         1736    i.HAL_RCC_GetPCLK2Freq  stm32f1xx_hal_rcc.o
    0x080015e4   0x080015e4   0x0000004c   Code   RO         1737    i.HAL_RCC_GetSysClockFreq  stm32f1xx_hal_rcc.o
    0x08001630   0x08001630   0x00000320   Code   RO         1740    i.HAL_RCC_OscConfig  stm32f1xx_hal_rcc.o
    0x08001950   0x08001950   0x00000028   Code   RO         2041    i.HAL_SYSTICK_Config  stm32f1xx_hal_cortex.o
    0x08001978   0x08001978   0x00000002   Code   RO         1286    i.HAL_TIMEx_BreakCallback  stm32f1xx_hal_tim_ex.o
    0x0800197a   0x0800197a   0x00000002   Code   RO         1287    i.HAL_TIMEx_CommutCallback  stm32f1xx_hal_tim_ex.o
    0x0800197c   0x0800197c   0x00000068   Code   RO         1305    i.HAL_TIMEx_MasterConfigSynchronization  stm32f1xx_hal_tim_ex.o
    0x080019e4   0x080019e4   0x0000005a   Code   RO          582    i.HAL_TIM_Base_Init  stm32f1xx_hal_tim.o
    0x08001a3e   0x08001a3e   0x00000002   PAD
    0x08001a40   0x08001a40   0x00000038   Code   RO          267    i.HAL_TIM_Base_MspInit  tim.o
    0x08001a78   0x08001a78   0x00000058   Code   RO          587    i.HAL_TIM_Base_Start_IT  stm32f1xx_hal_tim.o
    0x08001ad0   0x08001ad0   0x000000dc   Code   RO          591    i.HAL_TIM_ConfigClockSource  stm32f1xx_hal_tim.o
    0x08001bac   0x08001bac   0x00000002   Code   RO          616    i.HAL_TIM_IC_CaptureCallback  stm32f1xx_hal_tim.o
    0x08001bae   0x08001bae   0x00000130   Code   RO          630    i.HAL_TIM_IRQHandler  stm32f1xx_hal_tim.o
    0x08001cde   0x08001cde   0x00000002   Code   RO          633    i.HAL_TIM_OC_DelayElapsedCallback  stm32f1xx_hal_tim.o
    0x08001ce0   0x08001ce0   0x00000002   Code   RO          660    i.HAL_TIM_PWM_PulseFinishedCallback  stm32f1xx_hal_tim.o
    0x08001ce2   0x08001ce2   0x00000002   Code   RO          668    i.HAL_TIM_PeriodElapsedCallback  stm32f1xx_hal_tim.o
    0x08001ce4   0x08001ce4   0x00000002   Code   RO          673    i.HAL_TIM_TriggerCallback  stm32f1xx_hal_tim.o
    0x08001ce6   0x08001ce6   0x00000002   Code   RO         2542    i.HAL_UARTEx_RxEventCallback  stm32f1xx_hal_uart.o
    0x08001ce8   0x08001ce8   0x00000002   Code   RO         2556    i.HAL_UART_ErrorCallback  stm32f1xx_hal_uart.o
    0x08001cea   0x08001cea   0x00000002   PAD
    0x08001cec   0x08001cec   0x0000026c   Code   RO         2559    i.HAL_UART_IRQHandler  stm32f1xx_hal_uart.o
    0x08001f58   0x08001f58   0x00000064   Code   RO         2560    i.HAL_UART_Init     stm32f1xx_hal_uart.o
    0x08001fbc   0x08001fbc   0x00000134   Code   RO          310    i.HAL_UART_MspInit  usart.o
    0x080020f0   0x080020f0   0x0000001c   Code   RO         2565    i.HAL_UART_Receive_IT  stm32f1xx_hal_uart.o
    0x0800210c   0x0800210c   0x000000ac   Code   RO          311    i.HAL_UART_RxCpltCallback  usart.o
    0x080021b8   0x080021b8   0x000000a0   Code   RO         2568    i.HAL_UART_Transmit  stm32f1xx_hal_uart.o
    0x08002258   0x08002258   0x00000002   Code   RO         2571    i.HAL_UART_TxCpltCallback  stm32f1xx_hal_uart.o
    0x0800225a   0x0800225a   0x00000002   Code   RO          422    i.HardFault_Handler  stm32f1xx_it.o
    0x0800225c   0x0800225c   0x00000068   Code   RO           19    i.Initialize_Bluetooth  main.o
    0x080022c4   0x080022c4   0x00000048   Code   RO         3014    i.KEY_GetState      key.o
    0x0800230c   0x0800230c   0x00000002   Code   RO         3015    i.KEY_Init          key.o
    0x0800230e   0x0800230e   0x00000002   PAD
    0x08002310   0x08002310   0x00000070   Code   RO         3016    i.KEY_Scan          key.o
    0x08002380   0x08002380   0x00000012   Code   RO         2931    i.LCD1602_Clear     lcd1602.o
    0x08002392   0x08002392   0x00000002   PAD
    0x08002394   0x08002394   0x00000030   Code   RO         2932    i.LCD1602_Enable    lcd1602.o
    0x080023c4   0x080023c4   0x00000090   Code   RO         2933    i.LCD1602_Init      lcd1602.o
    0x08002454   0x08002454   0x0000000e   Code   RO         2934    i.LCD1602_SetCursor  lcd1602.o
    0x08002462   0x08002462   0x00000002   PAD
    0x08002464   0x08002464   0x00000048   Code   RO         2935    i.LCD1602_Write4Bits  lcd1602.o
    0x080024ac   0x080024ac   0x00000048   Code   RO         2937    i.LCD1602_WriteCommand  lcd1602.o
    0x080024f4   0x080024f4   0x00000038   Code   RO         2938    i.LCD1602_WriteData  lcd1602.o
    0x0800252c   0x0800252c   0x00000014   Code   RO         2941    i.LCD1602_WriteString  lcd1602.o
    0x08002540   0x08002540   0x00000134   Code   RO          242    i.MX_GPIO_Init      gpio.o
    0x08002674   0x08002674   0x00000068   Code   RO          268    i.MX_TIM2_Init      tim.o
    0x080026dc   0x080026dc   0x00000038   Code   RO          314    i.MX_USART1_UART_Init  usart.o
    0x08002714   0x08002714   0x00000044   Code   RO          315    i.MX_USART2_UART_Init  usart.o
    0x08002758   0x08002758   0x00000050   Code   RO          316    i.MX_USART3_UART_Init  usart.o
    0x080027a8   0x080027a8   0x00000014   Code   RO         3054    i.Matrix_Keypad_GetChar  matrix_keypad.o
    0x080027bc   0x080027bc   0x00000070   Code   RO         3055    i.Matrix_Keypad_GetKey  matrix_keypad.o
    0x0800282c   0x0800282c   0x00000038   Code   RO         3056    i.Matrix_Keypad_Init  matrix_keypad.o
    0x08002864   0x08002864   0x00000088   Code   RO         3057    i.Matrix_Keypad_Scan  matrix_keypad.o
    0x080028ec   0x080028ec   0x00000002   Code   RO          423    i.MemManage_Handler  stm32f1xx_it.o
    0x080028ee   0x080028ee   0x00000002   Code   RO          424    i.NMI_Handler       stm32f1xx_it.o
    0x080028f0   0x080028f0   0x00000002   Code   RO          425    i.PendSV_Handler    stm32f1xx_it.o
    0x080028f2   0x080028f2   0x00000002   PAD
    0x080028f4   0x080028f4   0x000001b4   Code   RO           20    i.Print_Debug_Info  main.o
    0x08002aa8   0x08002aa8   0x00000024   Code   RO           21    i.Process_Alarm     main.o
    0x08002acc   0x08002acc   0x00000260   Code   RO           22    i.Process_Bluetooth_Command  main.o
    0x08002d2c   0x08002d2c   0x00000180   Code   RO           23    i.Process_Keys      main.o
    0x08002eac   0x08002eac   0x00000660   Code   RO           24    i.Process_Matrix_Keypad  main.o
    0x0800350c   0x0800350c   0x0000011c   Code   RO          317    i.STP23_ParseByte   usart.o
    0x08003628   0x08003628   0x00000002   Code   RO          426    i.SVC_Handler       stm32f1xx_it.o
    0x0800362a   0x0800362a   0x00000002   PAD
    0x0800362c   0x0800362c   0x0000005c   Code   RO           25    i.Send_Bluetooth_Data  main.o
    0x08003688   0x08003688   0x00000004   Code   RO          427    i.SysTick_Handler   stm32f1xx_it.o
    0x0800368c   0x0800368c   0x0000005e   Code   RO           26    i.SystemClock_Config  main.o
    0x080036ea   0x080036ea   0x00000002   Code   RO         2894    i.SystemInit        system_stm32f1xx.o
    0x080036ec   0x080036ec   0x0000000c   Code   RO          428    i.TIM2_IRQHandler   stm32f1xx_it.o
    0x080036f8   0x080036f8   0x00000078   Code   RO          675    i.TIM_Base_SetConfig  stm32f1xx_hal_tim.o
    0x08003770   0x08003770   0x00000014   Code   RO          686    i.TIM_ETR_SetConfig  stm32f1xx_hal_tim.o
    0x08003784   0x08003784   0x00000010   Code   RO          687    i.TIM_ITRx_SetConfig  stm32f1xx_hal_tim.o
    0x08003794   0x08003794   0x00000022   Code   RO          693    i.TIM_TI1_ConfigInputStage  stm32f1xx_hal_tim.o
    0x080037b6   0x080037b6   0x00000024   Code   RO          695    i.TIM_TI2_ConfigInputStage  stm32f1xx_hal_tim.o
    0x080037da   0x080037da   0x00000010   Code   RO         2573    i.UART_DMAAbortOnError  stm32f1xx_hal_uart.o
    0x080037ea   0x080037ea   0x0000004e   Code   RO         2583    i.UART_EndRxTransfer  stm32f1xx_hal_uart.o
    0x08003838   0x08003838   0x000000c2   Code   RO         2585    i.UART_Receive_IT   stm32f1xx_hal_uart.o
    0x080038fa   0x080038fa   0x00000002   PAD
    0x080038fc   0x080038fc   0x000000b8   Code   RO         2586    i.UART_SetConfig    stm32f1xx_hal_uart.o
    0x080039b4   0x080039b4   0x00000036   Code   RO         2588    i.UART_Start_Receive_IT  stm32f1xx_hal_uart.o
    0x080039ea   0x080039ea   0x00000072   Code   RO         2589    i.UART_WaitOnFlagUntilTimeout  stm32f1xx_hal_uart.o
    0x08003a5c   0x08003a5c   0x0000000c   Code   RO          429    i.USART1_IRQHandler  stm32f1xx_it.o
    0x08003a68   0x08003a68   0x0000000c   Code   RO          430    i.USART2_IRQHandler  stm32f1xx_it.o
    0x08003a74   0x08003a74   0x0000000c   Code   RO          431    i.USART3_IRQHandler  stm32f1xx_it.o
    0x08003a80   0x08003a80   0x00000002   Code   RO          432    i.UsageFault_Handler  stm32f1xx_it.o
    0x08003a82   0x08003a82   0x00000020   Code   RO         2043    i.__NVIC_SetPriority  stm32f1xx_hal_cortex.o
    0x08003aa2   0x08003aa2   0x0000000e   Code   RO         3129    i._is_digit         c_w.l(__printf_wp.o)
    0x08003ab0   0x08003ab0   0x00000002   Code   RO          318    i._sys_exit         usart.o
    0x08003ab2   0x08003ab2   0x00000002   PAD
    0x08003ab4   0x08003ab4   0x00000058   Code   RO          319    i.data_process      usart.o
    0x08003b0c   0x08003b0c   0x00000018   Code   RO          320    i.fputc             usart.o
    0x08003b24   0x08003b24   0x000001cc   Code   RO           27    i.main              main.o
    0x08003cf0   0x08003cf0   0x0000002c   Code   RO         3287    locale$$code        c_w.l(lc_ctype_c.o)
    0x08003d1c   0x08003d1c   0x00000100   Data   RO          322    .constdata          usart.o
    0x08003e1c   0x08003e1c   0x00000012   Data   RO         1741    .constdata          stm32f1xx_hal_rcc.o
    0x08003e2e   0x08003e2e   0x00000010   Data   RO         2895    .constdata          system_stm32f1xx.o
    0x08003e3e   0x08003e3e   0x00000008   Data   RO         2896    .constdata          system_stm32f1xx.o
    0x08003e46   0x08003e46   0x00000002   PAD
    0x08003e48   0x08003e48   0x00000041   Data   RO         3058    .constdata          matrix_keypad.o
    0x08003e89   0x08003e89   0x00000011   Data   RO         3137    .constdata          c_w.l(__printf_flags_ss_wp.o)
    0x08003e9a   0x08003e9a   0x00000002   PAD
    0x08003e9c   0x08003e9c   0x0000004d   Data   RO           28    .conststring        main.o
    0x08003ee9   0x08003ee9   0x00000003   PAD
    0x08003eec   0x08003eec   0x00000020   Data   RO         3421    Region$$Table       anon$$obj.o
    0x08003f0c   0x08003f0c   0x00000110   Data   RO         3286    locale$$data        c_w.l(lc_ctype_c.o)


    Execution Region RW_IRAM1 (Exec base: 0x20000000, Load base: 0x0800401c, Size: 0x00000920, Max: 0x00005000, ABSOLUTE)

    Exec Addr    Load Addr    Size         Type   Attr      Idx    E Section Name        Object

    0x20000000   0x0800401c   0x00000019   Data   RW           29    .data               main.o
    0x20000019   0x08004035   0x00000003   PAD
    0x2000001c   0x08004038   0x00000024   Data   RW          324    .data               usart.o
    0x20000040   0x0800405c   0x00000001   Data   RW          325    .data               usart.o
    0x20000041   0x0800405d   0x00000003   PAD
    0x20000044   0x08004060   0x00000004   Data   RW          326    .data               usart.o
    0x20000048   0x08004064   0x0000000c   Data   RW         1578    .data               stm32f1xx_hal.o
    0x20000054   0x08004070   0x00000004   Data   RW         2897    .data               system_stm32f1xx.o
    0x20000058   0x08004074   0x00000002   Data   RW         3017    .data               key.o
    0x2000005a   0x08004076   0x00000002   PAD
    0x2000005c   0x08004078   0x00000008   Data   RW         3059    .data               matrix_keypad.o
    0x20000064        -       0x00000048   Zero   RW          269    .bss                tim.o
    0x200000ac        -       0x0000020f   Zero   RW          321    .bss                usart.o
    0x200002bb   0x08004080   0x00000001   PAD
    0x200002bc        -       0x00000060   Zero   RW         3212    .bss                c_w.l(libspace.o)
    0x2000031c   0x08004080   0x00000004   PAD
    0x20000320        -       0x00000200   Zero   RW            2    HEAP                startup_stm32f103xb.o
    0x20000520        -       0x00000400   Zero   RW            1    STACK               startup_stm32f103xb.o


==============================================================================

Image component sizes


      Code (inc. data)   RO Data    RW Data    ZI Data      Debug   Object Name

       308         16          0          0          0       1015   gpio.o
       186         16          0          2          0       1641   key.o
       444         30          0          0          0       4532   lcd1602.o
      4198       2128         77         25          0     435968   main.o
       324         22         65          8          0       3617   matrix_keypad.o
        64         26        236          0       1536        800   startup_stm32f103xb.o
       164         28          0         12          0       5825   stm32f1xx_hal.o
       198         14          0          0          0      28895   stm32f1xx_hal_cortex.o
       222          4          0          0          0       1743   stm32f1xx_hal_dma.o
       500         34          0          0          0       3479   stm32f1xx_hal_gpio.o
        60          8          0          0          0        854   stm32f1xx_hal_msp.o
      1240         84         18          0          0       5064   stm32f1xx_hal_rcc.o
       938         24          0          0          0      10253   stm32f1xx_hal_tim.o
       108         12          0          0          0       2369   stm32f1xx_hal_tim_ex.o
      1554         10          0          0          0      10820   stm32f1xx_hal_uart.o
        68         24          0          0          0       5488   stm32f1xx_it.o
         2          0         24          4          0       1091   system_stm32f1xx.o
       160         12          0          0         72       1622   tim.o
      1082        128        256         41        527       9431   usart.o

    ----------------------------------------------------------------------
     11846       2620        713        100       2136     534507   Object Totals
         0          0         32          0          0          0   (incl. Generated)
        26          0          5          8          1          0   (incl. Padding)

    ----------------------------------------------------------------------

      Code (inc. data)   RO Data    RW Data    ZI Data      Debug   Library Member Name

        60          8          0          0          0         84   __0sscanf.o
         8          0          0          0          0         68   __main.o
       392          4         17          0          0         92   __printf_flags_ss_wp.o
        14          0          0          0          0         68   __printf_wp.o
         0          0          0          0          0          0   __rtentry.o
        12          0          0          0          0          0   __rtentry2.o
         6          0          0          0          0          0   __rtentry4.o
        52          8          0          0          0          0   __scatter.o
        26          0          0          0          0          0   __scatter_copy.o
        28          0          0          0          0          0   __scatter_zi.o
        28          0          0          0          0         68   _chval.o
         6          0          0          0          0          0   _printf_c.o
        44          0          0          0          0        108   _printf_char.o
        48          6          0          0          0         96   _printf_char_common.o
        36          4          0          0          0         80   _printf_char_file.o
         6          0          0          0          0          0   _printf_d.o
       120         16          0          0          0         92   _printf_dec.o
       178          0          0          0          0         88   _printf_intcommon.o
        78          0          0          0          0        108   _printf_pad.o
         0          0          0          0          0          0   _printf_percent.o
         4          0          0          0          0          0   _printf_percent_end.o
         6          0          0          0          0          0   _printf_s.o
        82          0          0          0          0         80   _printf_str.o
         6          0          0          0          0          0   _printf_u.o
       884          6          0          0          0        100   _scanf.o
       332          0          0          0          0         96   _scanf_int.o
        64          0          0          0          0         84   _sgetc.o
        10          0          0          0          0         68   _sputc.o
       158          0          0          0          0         92   _strtoul.o
        26          0          0          0          0         80   atoi.o
        18          0          0          0          0         80   exit.o
         8          0          0          0          0         68   ferror.o
         6          0          0          0          0        152   heapauxi.o
        18          0          0          0          0         76   isspace.o
        44         10        272          0          0         76   lc_ctype_c.o
         2          0          0          0          0          0   libinit.o
        20          0          0          0          0          0   libinit2.o
         2          0          0          0          0          0   libshutdown.o
         2          0          0          0          0          0   libshutdown2.o
         8          4          0          0         96         68   libspace.o
        24          4          0          0          0         84   noretval__2printf.o
        40          6          0          0          0         84   noretval__2sprintf.o
        16          4          0          0          0         76   rt_ctype_table.o
         8          4          0          0          0         68   rt_errno_addr_intlibspace.o
         8          4          0          0          0         68   rt_locale_intlibspace.o
        68          0          0          0          0         68   rt_memclr.o
        78          0          0          0          0         80   rt_memclr_w.o
         2          0          0          0          0          0   rtexit.o
        10          0          0          0          0          0   rtexit2.o
        44          8          0          0          0         84   scanf_char.o
       128          0          0          0          0         68   strcmpv7m.o
        62          0          0          0          0         76   strlen.o
        36          0          0          0          0         80   strstr.o
       112          0          0          0          0         88   strtol.o
        74          0          0          0          0         80   sys_stackheap_outer.o

    ----------------------------------------------------------------------
      3562         96        291          0        100       3076   Library Totals
        10          0          2          0          4          0   (incl. Padding)

    ----------------------------------------------------------------------

      Code (inc. data)   RO Data    RW Data    ZI Data      Debug   Library Name

      3552         96        289          0         96       3076   c_w.l

    ----------------------------------------------------------------------
      3562         96        291          0        100       3076   Library Totals

    ----------------------------------------------------------------------

==============================================================================


      Code (inc. data)   RO Data    RW Data    ZI Data      Debug   

     15408       2716       1004        100       2236     530611   Grand Totals
     15408       2716       1004        100       2236     530611   ELF Image Totals
     15408       2716       1004        100          0          0   ROM Totals

==============================================================================

    Total RO  Size (Code + RO Data)                16412 (  16.03kB)
    Total RW  Size (RW Data + ZI Data)              2336 (   2.28kB)
    Total ROM Size (Code + RO Data + RW Data)      16512 (  16.13kB)

==============================================================================

