<html>
<body>
<pre>
<h1>µVision Build Log</h1>
<h2>Tool Versions:</h2>
IDE-Version: ¦ÌVision V5.28.0.0
Copyright (C) 2019 ARM Ltd and ARM Germany GmbH. All rights reserved.
License Information: yu ygh2048009576@outlook.com, 1, LIC=32B1Q-NS1H5-BSSYX-HJ42P-1LV28-RDCFK
 
Tool Versions:
Toolchain:       MDK-ARM Plus  Version: 5.28.0.0
Toolchain Path:  D:\workapp\keil_v5\ARM\ARMCC\Bin
C Compiler:      Armcc.exe V5.06 update 6 (build 750)
Assembler:       Armasm.exe V5.06 update 6 (build 750)
Linker/Locator:  ArmLink.exe V5.06 update 6 (build 750)
Library Manager: ArmAr.exe V5.06 update 6 (build 750)
Hex Converter:   FromElf.exe V5.06 update 6 (build 750)
CPU DLL:         SARMCM3.DLL V5.28.0.0
Dialog DLL:      DCM.DLL V1.17.3.0
Target DLL:      STLink\ST-LINKIII-KEIL_SWO.dll V3.0.6.0
Dialog DLL:      TCM.DLL V1.36.2.0
 
<h2>Project:</h2>
F:\ygh20\money\work5\project\project\Projects\MDK-ARM\atk_f103.uvprojx
Project File Date:  11/07/2025

<h2>Output:</h2>
*** Using Compiler 'V5.06 update 6 (build 750)', folder: 'D:\workapp\keil_v5\ARM\ARMCC\Bin'
Rebuild target 'USART'
assembling startup_stm32f103xe.s...
compiling assert.c...
compiling core_cm3.c...
compiling stm32f10x_gpio.c...
compiling stm32f10x_iwdg.c...
compiling main.c...
compiling stm32f10x_misc.c...
compiling stm32f10x_usart.c...
compiling sys.c...
compiling delay.c...
compiling usart.c...
compiling stm32f10x_adc.c...
compiling stm32f10x_rcc.c...
compiling tick.c...
compiling led.c...
compiling adc.c...
compiling hc_sr505.c...
compiling hx711.c...
compiling key.c...
compiling base64.c...
compiling hmac_sha1.c...
compiling mqttkit.c...
compiling wdg.c...
compiling relay.c...
compiling oled.c...
compiling esp8266.c...
compiling onenet.c...
compiling onenet_protocol.c...
..\..\Drivers\BSP\ONENET\onenet_protocol.c(108): warning:  #177-D: function "mem_pool_stat"  was declared but never referenced
  static void mem_pool_stat(void)
..\..\Drivers\BSP\ONENET\onenet_protocol.c: 1 warning, 0 errors
linking...
Program Size: Code=24818 RO-data=8730 RW-data=76 ZI-data=16348  
FromELF: creating hex file...
"..\..\Output\atk_f103.axf" - 0 Error(s), 1 Warning(s).

<h2>Software Packages used:</h2>

Package Vendor: Keil
                http://www.keil.com/pack/Keil.STM32F1xx_DFP.1.1.0.pack
                Keil.STM32F1xx_DFP.1.1.0
                STMicroelectronics STM32F1 Series Device Support, Drivers and Examples

<h2>Collection of Component include folders:</h2>
  .\RTE\_USART
  D:\package\keil_v5\Keil\STM32F1xx_DFP\1.1.0\Device\Include

<h2>Collection of Component Files used:</h2>
Build Time Elapsed:  00:00:02
</pre>
</body>
</html>
