<html>
<body>
<pre>
<h1>µVision Build Log</h1>
<h2>Tool Versions:</h2>
IDE-Version: ¦ÌVision V5.28.0.0
Copyright (C) 2019 ARM Ltd and ARM Germany GmbH. All rights reserved.
License Information: yu ygh2048009576@outlook.com, 1, LIC=32B1Q-NS1H5-BSSYX-HJ42P-1LV28-RDCFK
 
Tool Versions:
Toolchain:       MDK-ARM Plus  Version: 5.28.0.0
Toolchain Path:  D:\workapp\keil_v5\ARM\ARMCC\Bin
C Compiler:      Armcc.exe V5.06 update 6 (build 750)
Assembler:       Armasm.exe V5.06 update 6 (build 750)
Linker/Locator:  ArmLink.exe V5.06 update 6 (build 750)
Library Manager: ArmAr.exe V5.06 update 6 (build 750)
Hex Converter:   FromElf.exe V5.06 update 6 (build 750)
CPU DLL:         SARMCM3.DLL V5.28.0.0
Dialog DLL:      DCM.DLL V1.17.3.0
Target DLL:      STLink\ST-LINKIII-KEIL_SWO.dll V3.0.6.0
Dialog DLL:      TCM.DLL V1.36.2.0
 
<h2>Project:</h2>
f:\github\project\experient4\USER\Template.uvprojx
Project File Date:  05/05/2025

<h2>Output:</h2>
*** Using Compiler 'V5.06 update 6 (build 750)', folder: 'D:\workapp\keil_v5\ARM\ARMCC\Bin'
Build target 'Template'
compiling ctiic.c...
compiling myiic.c...
compiling ott2001a.c...
compiling sram.c...
compiling system_stm32f4xx.c...
compiling 24cxx.c...
compiling stm32f4xx_it.c...
compiling led.c...
compiling ILI93xx.c...
compiling gt9147.c...
compiling mine.c...
compiling touch.c...
..\HARDWARE\TOUCH\touch.c(522): warning:  #1-D: last line of file ends without a newline
  		 
..\HARDWARE\TOUCH\touch.c: 1 warning, 0 errors
assembling startup_stm32f40_41xxx.s...
compiling main.c...
compiling task.c...
compiling beep.c...
compiling ft5206.c...
compiling key.c...
compiling adc.c...
compiling misc.c...
compiling stm32f4xx_syscfg.c...
compiling stm32f4xx_gpio.c...
compiling stm32f4xx_fsmc.c...
compiling stm32f4xx_usart.c...
compiling stm32f4xx_tim.c...
compiling stm32f4xx_adc.c...
compiling sys.c...
compiling stm32f4xx_rcc.c...
compiling delay.c...
compiling GUIDEMO_BarGraph.c...
compiling GUIDEMO_AntialiasedText.c...
compiling GUIDEMO.c...
compiling GUIConf.c...
compiling malloc.c...
compiling GUIDEMO_Automotive.c...
compiling GUIDEMO_ColorBar.c...
compiling GUIDEMO_Bitmap.c...
compiling GUIDEMO_Conf.c...
compiling usart.c...
compiling GUI_X_UCOSIII.c...
compiling LCDConf_FlexColor_Template.c...
compiling GUI_X_Touch_Analog.c...
compiling GUIDEMO_Cursor.c...
compiling GUIDEMO_Fading.c...
compiling GUIDRV_Template.c...
compiling GUIDEMO_ImageFlow.c...
compiling GUIDEMO_IconView.c...
compiling GUIDEMO_Intro.c...
compiling GUIDEMO_Graph.c...
compiling GUIDEMO_Skinning.c...
compiling GUIDEMO_Listview.c...
compiling GUIDEMO_RadialMenu.c...
compiling GUIDEMO_Resource.c...
compiling GUIDEMO_Speed.c...
compiling GUIDEMO_Start.c...
compiling GUIDEMO_Touch.c...
assembling cpu_a.asm...
compiling GUIDEMO_VScreen.c...
compiling GUIDEMO_TransparentDialog.c...
compiling GUIDEMO_WashingMachine.c...
compiling GUIDEMO_ZoomAndRotate.c...
compiling GUIDEMO_Treeview.c...
compiling GUIDEMO_Speedometer.c...
compiling cpu_c.c...
compiling cpu_core.c...
assembling lib_mem_a.asm...
compiling lib_ascii.c...
compiling lib_math.c...
compiling lib_mem.c...
compiling lib_str.c...
compiling os_cfg_app.c...
compiling os_dbg.c...
compiling os_core.c...
compiling bsp.c...
compiling os_int.c...
compiling os_flag.c...
compiling os_mutex.c...
compiling os_sem.c...
compiling os_pend_multi.c...
compiling os_tick.c...
compiling os_stat.c...
compiling os_var.c...
compiling os_msg.c...
compiling os_prio.c...
compiling os_q.c...
compiling os_time.c...
compiling os_task.c...
compiling os_tmr.c...
assembling os_cpu_a.asm...
compiling os_mem.c...
compiling os_app_hooks.c...
compiling os_cpu_c.c...
linking...
Program Size: Code=120642 RO-data=18886 RW-data=868 ZI-data=1059556  
FromELF: creating hex file...
"..\OBJ\Template.axf" - 0 Error(s), 1 Warning(s).

<h2>Software Packages used:</h2>

Package Vendor: Keil
                http://www.keil.com/pack/Keil.STM32F4xx_DFP.2.7.0.pack
                Keil.STM32F4xx_DFP.2.7.0
                STMicroelectronics STM32F4 Series Device Support, Drivers and Examples

<h2>Collection of Component include folders:</h2>
  .\RTE\_Template
  D:\package\keil_v5\Keil\STM32F4xx_DFP\2.7.0\Drivers\CMSIS\Device\ST\STM32F4xx\Include

<h2>Collection of Component Files used:</h2>
Build Time Elapsed:  00:00:07
</pre>
</body>
</html>
